Archive member included to satisfy reference by file (symbol)

../libDaisy/build/libdaisy.a(daisy_petal.o)
                              build/foreverAndADay.o (daisy::DaisyPetal::StartAudio(void (*)(float const*, float*, unsigned int)))
../libDaisy/build/libdaisy.a(daisy_seed.o)
                              ../libDaisy/build/libdaisy.a(daisy_petal.o) (daisy::DaisySeed::Configure())
../libDaisy/build/libdaisy.a(codec_ak4556.o)
                              ../libDaisy/build/libdaisy.a(daisy_seed.o) (daisy::Ak4556::Init(dsy_gpio_pin))
../libDaisy/build/libdaisy.a(sdram.o)
                              ../libDaisy/build/libdaisy.a(daisy_seed.o) (dsy_sdram_init)
../libDaisy/build/libdaisy.a(audio.o)
                              ../libDaisy/build/libdaisy.a(daisy_seed.o) (daisy::AudioHandle::Init(daisy::AudioHandle::Config const&, daisy::SaiHandle))
../libDaisy/build/libdaisy.a(ctrl.o)
                              ../libDaisy/build/libdaisy.a(daisy_petal.o) (daisy::AnalogControl::Init(unsigned short*, float, bool, bool, float))
../libDaisy/build/libdaisy.a(encoder.o)
                              ../libDaisy/build/libdaisy.a(daisy_petal.o) (daisy::Encoder::Init(dsy_gpio_pin, dsy_gpio_pin, dsy_gpio_pin, float))
../libDaisy/build/libdaisy.a(led.o)
                              build/foreverAndADay.o (daisy::Led::Init(dsy_gpio_pin, bool, float))
../libDaisy/build/libdaisy.a(switch.o)
                              ../libDaisy/build/libdaisy.a(daisy_petal.o) (daisy::Switch::Init(dsy_gpio_pin, float))
../libDaisy/build/libdaisy.a(adc.o)
                              ../libDaisy/build/libdaisy.a(daisy_petal.o) (daisy::AdcChannelConfig::InitSingle(dsy_gpio_pin))
../libDaisy/build/libdaisy.a(gpio.o)
                              ../libDaisy/build/libdaisy.a(daisy_petal.o) (dsy_gpio_init)
../libDaisy/build/libdaisy.a(i2c.o)
                              ../libDaisy/build/libdaisy.a(daisy_petal.o) (daisy::I2CHandle::Init(daisy::I2CHandle::Config const&))
../libDaisy/build/libdaisy.a(qspi.o)
                              ../libDaisy/build/libdaisy.a(daisy_seed.o) (dsy_qspi_init)
../libDaisy/build/libdaisy.a(sai.o)
                              ../libDaisy/build/libdaisy.a(daisy_seed.o) (daisy::SaiHandle::Init(daisy::SaiHandle::Config const&))
../libDaisy/build/libdaisy.a(system.o)
                              ../libDaisy/build/libdaisy.a(daisy_petal.o) (daisy::System::Delay(unsigned long))
../libDaisy/build/libdaisy.a(system_stm32h7xx.o)
                              build/startup_stm32h750xx.o (SystemInit)
../libDaisy/build/libdaisy.a(hal_map.o)
                              ../libDaisy/build/libdaisy.a(sdram.o) (dsy_hal_map_get_port)
../libDaisy/build/libdaisy.a(stm32h7xx_hal.o)
                              ../libDaisy/build/libdaisy.a(system.o) (HAL_Init)
../libDaisy/build/libdaisy.a(stm32h7xx_hal_adc.o)
                              ../libDaisy/build/libdaisy.a(adc.o) (HAL_ADC_ConfigChannel)
../libDaisy/build/libdaisy.a(stm32h7xx_hal_adc_ex.o)
                              ../libDaisy/build/libdaisy.a(adc.o) (HAL_ADCEx_Calibration_Start)
../libDaisy/build/libdaisy.a(stm32h7xx_hal_cortex.o)
                              ../libDaisy/build/libdaisy.a(stm32h7xx_hal.o) (HAL_NVIC_SetPriorityGrouping)
../libDaisy/build/libdaisy.a(stm32h7xx_hal_dma.o)
                              ../libDaisy/build/libdaisy.a(adc.o) (HAL_DMA_Init)
../libDaisy/build/libdaisy.a(stm32h7xx_hal_gpio.o)
                              ../libDaisy/build/libdaisy.a(sdram.o) (HAL_GPIO_Init)
../libDaisy/build/libdaisy.a(stm32h7xx_hal_i2c.o)
                              ../libDaisy/build/libdaisy.a(i2c.o) (HAL_I2C_Init)
../libDaisy/build/libdaisy.a(stm32h7xx_hal_i2c_ex.o)
                              ../libDaisy/build/libdaisy.a(i2c.o) (HAL_I2CEx_ConfigAnalogFilter)
../libDaisy/build/libdaisy.a(stm32h7xx_hal_pwr_ex.o)
                              ../libDaisy/build/libdaisy.a(system.o) (HAL_PWREx_ConfigSupply)
../libDaisy/build/libdaisy.a(stm32h7xx_hal_qspi.o)
                              ../libDaisy/build/libdaisy.a(qspi.o) (HAL_QSPI_Init)
../libDaisy/build/libdaisy.a(stm32h7xx_hal_rcc.o)
                              ../libDaisy/build/libdaisy.a(system.o) (HAL_RCC_OscConfig)
../libDaisy/build/libdaisy.a(stm32h7xx_hal_rcc_ex.o)
                              ../libDaisy/build/libdaisy.a(system.o) (HAL_RCCEx_PeriphCLKConfig)
../libDaisy/build/libdaisy.a(stm32h7xx_hal_sai.o)
                              ../libDaisy/build/libdaisy.a(sai.o) (HAL_SAI_InitProtocol)
../libDaisy/build/libdaisy.a(stm32h7xx_hal_sdram.o)
                              ../libDaisy/build/libdaisy.a(sdram.o) (HAL_SDRAM_Init)
../libDaisy/build/libdaisy.a(stm32h7xx_ll_fmc.o)
                              ../libDaisy/build/libdaisy.a(stm32h7xx_hal_sdram.o) (FMC_SDRAM_Init)
../libDaisy/build/libdaisy.a(tim.o)
                              ../libDaisy/build/libdaisy.a(system.o) (daisy::TimerHandle::Init(daisy::TimerHandle::Config const&))
../libDaisy/build/libdaisy.a(dma.o)
[...]
Memory Configuration

Name             Origin             Length             Attributes
FLASH            0x0000000008000000 0x0000000000020000 xr
DTCMRAM          0x0000000020000000 0x0000000000020000 xrw
SRAM             0x0000000024000000 0x0000000000080000 xrw
RAM_D2           0x0000000030000000 0x0000000000048000 xrw
RAM_D3           0x0000000038000000 0x0000000000010000 xrw
ITCMRAM          0x0000000000000000 0x0000000000010000 xrw
SDRAM            0x00000000c0000000 0x0000000004000000 xrw
QSPIFLASH        0x0000000090000000 0x0000000000800000 xr
*default*        0x0000000000000000 0xffffffffffffffff

Linker script and memory map

LOAD /usr/local/Caskroom/gcc-arm-embedded/10-2020-q4-major/gcc-arm-none-eabi-10-2020-q4-major/bin/../lib/gcc/arm-none-eabi/10.2.1/thumb/v7e-m+dp/hard/crti.o
LOAD /usr/local/Caskroom/gcc-arm-embedded/10-2020-q4-major/gcc-arm-none-eabi-10-2020-q4-major/bin/../lib/gcc/arm-none-eabi/10.2.1/thumb/v7e-m+dp/hard/crtbegin.o
LOAD /usr/local/Caskroom/gcc-arm-embedded/10-2020-q4-major/gcc-arm-none-eabi-10-2020-q4-major/bin/../lib/gcc/arm-none-eabi/10.2.1/../../../../arm-none-eabi/lib/thumb/v7e-m+dp/hard/crt0.o
LOAD build/startup_stm32h750xx.o
LOAD build/vibrato.o
LOAD build/tapesaturator.o
LOAD build/scale.o
LOAD build/slewLimiter.o
LOAD build/foreverAndADay.o
LOAD ../libDaisy/build/libdaisy.a
LOAD /usr/local/Caskroom/gcc-arm-embedded/10-2020-q4-major/gcc-arm-none-eabi-10-2020-q4-major/bin/../lib/gcc/arm-none-eabi/10.2.1/../../../../arm-none-eabi/lib/thumb/v7e-m+dp/hard/libnosys.a
LOAD ../DaisySP/build/libdaisysp.a
LOAD /usr/local/Caskroom/gcc-arm-embedded/10-2020-q4-major/gcc-arm-none-eabi-10-2020-q4-major/bin/../lib/gcc/arm-none-eabi/10.2.1/../../../../arm-none-eabi/lib/thumb/v7e-m+dp/hard/libstdc++_nano.a
LOAD /usr/local/Caskroom/gcc-arm-embedded/10-2020-q4-major/gcc-arm-none-eabi-10-2020-q4-major/bin/../lib/gcc/arm-none-eabi/10.2.1/../../../../arm-none-eabi/lib/thumb/v7e-m+dp/hard/libm.a
LOAD /usr/local/Caskroom/gcc-arm-embedded/10-2020-q4-major/gcc-arm-none-eabi-10-2020-q4-major/bin/../lib/gcc/arm-none-eabi/10.2.1/../../../../arm-none-eabi/lib/thumb/v7e-m+dp/hard/libc_nano.a
START GROUP
LOAD /usr/local/Caskroom/gcc-arm-embedded/10-2020-q4-major/gcc-arm-none-eabi-10-2020-q4-major/bin/../lib/gcc/arm-none-eabi/10.2.1/thumb/v7e-m+dp/hard/libgcc.a
LOAD /usr/local/Caskroom/gcc-arm-embedded/10-2020-q4-major/gcc-arm-none-eabi-10-2020-q4-major/bin/../lib/gcc/arm-none-eabi/10.2.1/../../../../arm-none-eabi/lib/thumb/v7e-m+dp/hard/libc_nano.a
END GROUP
START GROUP
LOAD /usr/local/Caskroom/gcc-arm-embedded/10-2020-q4-major/gcc-arm-none-eabi-10-2020-q4-major/bin/../lib/gcc/arm-none-eabi/10.2.1/thumb/v7e-m+dp/hard/libgcc.a
LOAD /usr/local/Caskroom/gcc-arm-embedded/10-2020-q4-major/gcc-arm-none-eabi-10-2020-q4-major/bin/../lib/gcc/arm-none-eabi/10.2.1/../../../../arm-none-eabi/lib/thumb/v7e-m+dp/hard/libc_nano.a
LOAD /usr/local/Caskroom/gcc-arm-embedded/10-2020-q4-major/gcc-arm-none-eabi-10-2020-q4-major/bin/../lib/gcc/arm-none-eabi/10.2.1/../../../../arm-none-eabi/lib/thumb/v7e-m+dp/hard/libnosys.a
END GROUP
START GROUP
LOAD /usr/local/Caskroom/gcc-arm-embedded/10-2020-q4-major/gcc-arm-none-eabi-10-2020-q4-major/bin/../lib/gcc/arm-none-eabi/10.2.1/thumb/v7e-m+dp/hard/libgcc.a
LOAD /usr/local/Caskroom/gcc-arm-embedded/10-2020-q4-major/gcc-arm-none-eabi-10-2020-q4-major/bin/../lib/gcc/arm-none-eabi/10.2.1/../../../../arm-none-eabi/lib/thumb/v7e-m+dp/hard/libc_nano.a
LOAD /usr/local/Caskroom/gcc-arm-embedded/10-2020-q4-major/gcc-arm-none-eabi-10-2020-q4-major/bin/../lib/gcc/arm-none-eabi/10.2.1/../../../../arm-none-eabi/lib/thumb/v7e-m+dp/hard/libnosys.a
END GROUP
LOAD /usr/local/Caskroom/gcc-arm-embedded/10-2020-q4-major/gcc-arm-none-eabi-10-2020-q4-major/bin/../lib/gcc/arm-none-eabi/10.2.1/thumb/v7e-m+dp/hard/crtend.o
LOAD /usr/local/Caskroom/gcc-arm-embedded/10-2020-q4-major/gcc-arm-none-eabi-10-2020-q4-major/bin/../lib/gcc/arm-none-eabi/10.2.1/thumb/v7e-m+dp/hard/crtn.o
                0x0000000020020000                _estack = 0x20020000

.isr_vector     0x0000000008000000      0x298
                0x0000000008000000                . = ALIGN (0x4)
 *(.isr_vector)
 .isr_vector    0x0000000008000000      0x298 build/startup_stm32h750xx.o
                0x0000000008000000                g_pfnVectors
                0x0000000008000298                . = ALIGN (0x4)

.text           0x0000000008000298     0xc5b8
                0x0000000008000298                . = ALIGN (0x4)
                0x0000000008000298                _stext = .
 *(.text)
 .text          0x0000000008000298       0x40 /usr/local/Caskroom/gcc-arm-embedded/10-2020-q4-major/gcc-arm-none-eabi-10-2020-q4-major/bin/../lib/gcc/arm-none-eabi/10.2.1/thumb/v7e-m+dp/hard/crtbegin.o
 .text          0x00000000080002d8      0x378 /usr/local/Caskroom/gcc-arm-embedded/10-2020-q4-major/gcc-arm-none-eabi-10-2020-q4-major/bin/../lib/gcc/arm-none-eabi/10.2.1/thumb/v7e-m+dp/hard/libgcc.a(_arm_addsubdf3.o)
                0x00000000080002d8                __aeabi_drsub
                0x00000000080002e0                __subdf3
                0x00000000080002e0                __aeabi_dsub
                0x00000000080002e4                __aeabi_dadd
                0x00000000080002e4                __adddf3
                0x000000000800055c                __aeabi_ui2d
                0x000000000800055c                __floatunsidf
                0x000000000800057c                __floatsidf
                0x000000000800057c                __aeabi_i2d
                0x00000000080005a0                __extendsfdf2
                0x00000000080005a0                __aeabi_f2d
                0x00000000080005e4                __aeabi_ul2d
                0x00000000080005e4                __floatundidf
                0x00000000080005f4                __aeabi_l2d
                0x00000000080005f4                __floatdidf
 *(.text*)
 .text.Default_Handler
                0x0000000008000650        0x4 build/startup_stm32h750xx.o
                0x0000000008000650                SAI1_IRQHandler
                0x0000000008000650                HASH_RNG_IRQHandler
                0x0000000008000650                EXTI2_IRQHandler
                0x0000000008000650                TIM8_CC_IRQHandler
                0x0000000008000650                HRTIM1_Master_IRQHandler
                0x0000000008000650                DebugMon_Handler
                0x0000000008000650                UART8_IRQHandler
                0x0000000008000650                SPI4_IRQHandler
                0x0000000008000650                TIM1_CC_IRQHandler
                0x0000000008000650                BDMA_Channel6_IRQHandler
                0x0000000008000650                DMA2_Stream5_IRQHandler
                0x0000000008000650                HRTIM1_FLT_IRQHandler
                0x0000000008000650                JPEG_IRQHandler
                0x0000000008000650                DMA1_Stream5_IRQHandler
                0x0000000008000650                BDMA_Channel1_IRQHandler
                0x0000000008000650                HRTIM1_TIMD_IRQHandler
                0x0000000008000650                TAMP_STAMP_IRQHandler
                0x0000000008000650                PendSV_Handler
                0x0000000008000650                NMI_Handler
                0x0000000008000650                EXTI3_IRQHandler
                0x0000000008000650                LPTIM4_IRQHandler
                0x0000000008000650                TIM8_TRG_COM_TIM14_IRQHandler
                0x0000000008000650                LPTIM2_IRQHandler
                0x0000000008000650                DFSDM1_FLT1_IRQHandler
                0x0000000008000650                DMAMUX2_OVR_IRQHandler
                0x0000000008000650                TIM8_UP_TIM13_IRQHandler
                0x0000000008000650                I2C3_ER_IRQHandler
                0x0000000008000650                DFSDM1_FLT2_IRQHandler
                0x0000000008000650                MDMA_IRQHandler
                0x0000000008000650                LPTIM3_IRQHandler
                0x0000000008000650                HSEM1_IRQHandler
                0x0000000008000650                EXTI0_IRQHandler
                0x0000000008000650                FPU_IRQHandler
                0x0000000008000650                OTG_HS_WKUP_IRQHandler
                0x0000000008000650                FDCAN1_IT1_IRQHandler
                0x0000000008000650                UsageFault_Handler
                0x0000000008000650                LTDC_ER_IRQHandler
                0x0000000008000650                DMA2_Stream2_IRQHandler
                0x0000000008000650                HRTIM1_TIME_IRQHandler
                0x0000000008000650                SPI1_IRQHandler
                0x0000000008000650                TIM6_DAC_IRQHandler
                0x0000000008000650                DCMI_IRQHandler
                0x0000000008000650                HRTIM1_TIMC_IRQHandler
                0x0000000008000650                DMA2_Stream3_IRQHandler
                0x0000000008000650                SAI2_IRQHandler
                0x0000000008000650                DFSDM1_FLT3_IRQHandler
                0x0000000008000650                USART6_IRQHandler
                0x0000000008000650                TIM17_IRQHandler
                0x0000000008000650                USART3_IRQHandler
                0x0000000008000650                CRYP_IRQHandler
                0x0000000008000650                BDMA_Channel7_IRQHandler
                0x0000000008000650                LPTIM5_IRQHandler
                0x0000000008000650                UART5_IRQHandler
                0x0000000008000650                ADC3_IRQHandler
                0x0000000008000650                DMA2_Stream0_IRQHandler
                0x0000000008000650                TIM4_IRQHandler
                0x0000000008000650                BDMA_Channel2_IRQHandler
                0x0000000008000650                DMAMUX1_OVR_IRQHandler
                0x0000000008000650                TIM16_IRQHandler
                0x0000000008000650                UART4_IRQHandler
                0x0000000008000650                BDMA_Channel5_IRQHandler
                0x0000000008000650                TIM3_IRQHandler
                0x0000000008000650                RCC_IRQHandler
                0x0000000008000650                TIM8_BRK_TIM12_IRQHandler
                0x0000000008000650                TIM1_TRG_COM_IRQHandler
                0x0000000008000650                Default_Handler
                0x0000000008000650                ECC_IRQHandler
                0x0000000008000650                CEC_IRQHandler
                0x0000000008000650                EXTI15_10_IRQHandler
                0x0000000008000650                BDMA_Channel0_IRQHandler
                0x0000000008000650                ADC_IRQHandler
                0x0000000008000650                DMA1_Stream7_IRQHandler
                0x0000000008000650                HRTIM1_TIMA_IRQHandler
                0x0000000008000650                SPI5_IRQHandler
                0x0000000008000650                TIM7_IRQHandler
                0x0000000008000650                SDMMC1_IRQHandler
                0x0000000008000650                TIM5_IRQHandler
                0x0000000008000650                DMA2_Stream7_IRQHandler
                0x0000000008000650                TIM15_IRQHandler
                0x0000000008000650                PVD_AVD_IRQHandler
                0x0000000008000650                EXTI9_5_IRQHandler
                0x0000000008000650                RTC_WKUP_IRQHandler
                0x0000000008000650                LTDC_IRQHandler
                0x0000000008000650                SAI3_IRQHandler
                0x0000000008000650                ETH_WKUP_IRQHandler
                0x0000000008000650                SPDIF_RX_IRQHandler
                0x0000000008000650                SPI2_IRQHandler
                0x0000000008000650                OTG_HS_EP1_IN_IRQHandler
                0x0000000008000650                MemManage_Handler
                0x0000000008000650                SVC_Handler
                0x0000000008000650                CRS_IRQHandler
                0x0000000008000650                EXTI4_IRQHandler
                0x0000000008000650                HRTIM1_TIMB_IRQHandler
                0x0000000008000650                FDCAN2_IT1_IRQHandler
                0x0000000008000650                ETH_IRQHandler
                0x0000000008000650                TIM1_UP_IRQHandler
                0x0000000008000650                BDMA_Channel4_IRQHandler
                0x0000000008000650                OTG_HS_EP1_OUT_IRQHandler
                0x0000000008000650                WWDG_IRQHandler
                0x0000000008000650                SPI6_IRQHandler
                0x0000000008000650                I2C4_EV_IRQHandler
                0x0000000008000650                MDIOS_IRQHandler
                0x0000000008000650                FDCAN2_IT0_IRQHandler
                0x0000000008000650                LPUART1_IRQHandler
                0x0000000008000650                FDCAN1_IT0_IRQHandler
                0x0000000008000650                TIM2_IRQHandler
                0x0000000008000650                OTG_FS_WKUP_IRQHandler
                0x0000000008000650                OTG_HS_IRQHandler
                0x0000000008000650                DMA2D_IRQHandler
                0x0000000008000650                TIM1_BRK_IRQHandler
                0x0000000008000650                EXTI1_IRQHandler
                0x0000000008000650                SDMMC2_IRQHandler
                0x0000000008000650                OTG_FS_EP1_OUT_IRQHandler
                0x0000000008000650                BDMA_Channel3_IRQHandler
                0x0000000008000650                UART7_IRQHandler
                0x0000000008000650                MDIOS_WKUP_IRQHandler
                0x0000000008000650                USART2_IRQHandler
                0x0000000008000650                DFSDM1_FLT0_IRQHandler
                0x0000000008000650                SAI4_IRQHandler
                0x0000000008000650                I2C2_ER_IRQHandler
                0x0000000008000650                DMA2_Stream1_IRQHandler
                0x0000000008000650                FLASH_IRQHandler
                0x0000000008000650                DMA2_Stream4_IRQHandler
                0x0000000008000650                BusFault_Handler
                0x0000000008000650                USART1_IRQHandler
                0x0000000008000650                OTG_FS_IRQHandler
                0x0000000008000650                SPI3_IRQHandler
                0x0000000008000650                WAKEUP_PIN_IRQHandler
                0x0000000008000650                OTG_FS_EP1_IN_IRQHandler
                0x0000000008000650                I2C1_ER_IRQHandler
                0x0000000008000650                FMC_IRQHandler
                0x0000000008000650                FDCAN_CAL_IRQHandler
                0x0000000008000650                SWPMI1_IRQHandler
                0x0000000008000650                COMP1_IRQHandler
                0x0000000008000650                LPTIM1_IRQHandler
                0x0000000008000650                I2C4_ER_IRQHandler
                0x0000000008000650                DMA2_Stream6_IRQHandler
                0x0000000008000650                RTC_Alarm_IRQHandler
 .text.Reset_Handler
                0x0000000008000654       0x44 build/startup_stm32h750xx.o
                0x0000000008000654                Reset_Handler
 .text._ZN5daisy3LedD2Ev
                0x0000000008000698        0x4 build/foreverAndADay.o
                0x0000000008000698                daisy::Led::~Led()
                0x0000000008000698                daisy::Led::~Led()
 .text._ZN5daisy10DaisyPetalD2Ev
                0x000000000800069c        0x4 build/foreverAndADay.o
                0x000000000800069c                daisy::DaisyPetal::~DaisyPetal()
                0x000000000800069c                daisy::DaisyPetal::~DaisyPetal()
 .text._ZN7daisysp8ReverbScD2Ev
                0x00000000080006a0        0x4 build/foreverAndADay.o
                0x00000000080006a0                daisysp::ReverbSc::~ReverbSc()
                0x00000000080006a0                daisysp::ReverbSc::~ReverbSc()
 .text._Z8Controlsv
                0x00000000080006a4       0xc4 build/foreverAndADay.o
                0x00000000080006a4                Controls()
 .text._Z13AudioCallbackPKfPfj
                0x0000000008000768       0x9c build/foreverAndADay.o
                0x0000000008000768                AudioCallback(float const*, float*, unsigned int)
 .text.startup.main
                0x0000000008000804       0x90 build/foreverAndADay.o
                0x0000000008000804                main
 .text.startup._GLOBAL__sub_I_hw
                0x0000000008000894       0x70 build/foreverAndADay.o
 .text._ZN5daisy16LedDriverPca9685ILi2ELb1EE14TxCpltCallbackEPvNS_9I2CHandle6ResultE
                0x0000000008000904       0x5c ../libDaisy/build/libdaisy.a(daisy_petal.o)
                0x0000000008000904                daisy::LedDriverPca9685<2, true>::TxCpltCallback(void*, daisy::I2CHandle::Result)
 .text._ZN5daisy10DaisyPetal17SetHidUpdateRatesEv
                0x0000000008000960       0x80 ../libDaisy/build/libdaisy.a(daisy_petal.o)
                0x0000000008000960                daisy::DaisyPetal::SetHidUpdateRates()
 .text._ZN5daisy10DaisyPetal10StartAudioEPFvPKfPfjE
                0x00000000080009e0        0x4 ../libDaisy/build/libdaisy.a(daisy_petal.o)
                0x00000000080009e0                daisy::DaisyPetal::StartAudio(void (*)(float const*, float*, unsigned int))
 .text._ZN5daisy10DaisyPetal17SetAudioBlockSizeEj
                0x00000000080009e4       0x14 ../libDaisy/build/libdaisy.a(daisy_petal.o)
                0x00000000080009e4                daisy::DaisyPetal::SetAudioBlockSize(unsigned int)
 .text._ZN5daisy10DaisyPetal15AudioSampleRateEv
                0x00000000080009f8        0x4 ../libDaisy/build/libdaisy.a(daisy_petal.o)
                0x00000000080009f8                daisy::DaisyPetal::AudioSampleRate()
 .text._ZN5daisy10DaisyPetal8StartAdcEv
                0x00000000080009fc        0x8 ../libDaisy/build/libdaisy.a(daisy_petal.o)
                0x00000000080009fc                daisy::DaisyPetal::StartAdc()
 .text._ZN5daisy10DaisyPetal21ProcessAnalogControlsEv
                0x0000000008000a04       0x20 ../libDaisy/build/libdaisy.a(daisy_petal.o)
                0x0000000008000a04                daisy::DaisyPetal::ProcessAnalogControls()
 .text._ZN5daisy10DaisyPetal22ProcessDigitalControlsEv
                0x0000000008000a24       0x20 ../libDaisy/build/libdaisy.a(daisy_petal.o)
                0x0000000008000a24                daisy::DaisyPetal::ProcessDigitalControls()
 .text._ZN5daisy10DaisyPetal9ClearLedsEv
                0x0000000008000a44      0x1ac ../libDaisy/build/libdaisy.a(daisy_petal.o)
                0x0000000008000a44                daisy::DaisyPetal::ClearLeds()
 .text._ZN5daisy10DaisyPetal8InitLedsEv
                0x0000000008000bf0      0x2c0 ../libDaisy/build/libdaisy.a(daisy_petal.o)
                0x0000000008000bf0                daisy::DaisyPetal::InitLeds()
 .text._ZN5daisy10DaisyPetal18InitAnalogControlsEv
                0x0000000008000eb0      0x108 ../libDaisy/build/libdaisy.a(daisy_petal.o)
                0x0000000008000eb0                daisy::DaisyPetal::InitAnalogControls()
 .text._ZN5daisy10DaisyPetal4InitEb
                0x0000000008000fb8       0xb4 ../libDaisy/build/libdaisy.a(daisy_petal.o)
                0x0000000008000fb8                daisy::DaisyPetal::Init(bool)
 .text.startup._GLOBAL__sub_I__ZN5daisy10DaisyPetal4InitEb
                0x000000000800106c       0x18 ../libDaisy/build/libdaisy.a(daisy_petal.o)
 .text._ZN5daisy9DaisySeed9ConfigureEv
                0x0000000008001084       0x4c ../libDaisy/build/libdaisy.a(daisy_seed.o)
                0x0000000008001084                daisy::DaisySeed::Configure()
 .text._ZN5daisy9DaisySeed6GetPinEh
                0x00000000080010d0       0x2c ../libDaisy/build/libdaisy.a(daisy_seed.o)
                0x00000000080010d0                daisy::DaisySeed::GetPin(unsigned char)
 .text._ZN5daisy9DaisySeed10StartAudioEPFvPKfPfjE
                0x00000000080010fc        0x8 ../libDaisy/build/libdaisy.a(daisy_seed.o)
                0x00000000080010fc                daisy::DaisySeed::StartAudio(void (*)(float const*, float*, unsigned int))
 .text._ZN5daisy9DaisySeed15AudioSampleRateEv
                0x0000000008001104        0x8 ../libDaisy/build/libdaisy.a(daisy_seed.o)
                0x0000000008001104                daisy::DaisySeed::AudioSampleRate()
 .text._ZN5daisy9DaisySeed17SetAudioBlockSizeEj
                0x000000000800110c       0x38 ../libDaisy/build/libdaisy.a(daisy_seed.o)
                0x000000000800110c                daisy::DaisySeed::SetAudioBlockSize(unsigned int)
 .text._ZNK5daisy9DaisySeed17AudioCallbackRateEv
                0x0000000008001144        0x8 ../libDaisy/build/libdaisy.a(daisy_seed.o)
                0x0000000008001144                daisy::DaisySeed::AudioCallbackRate() const
 *fill*         0x000000000800114c        0x4 
 .text._ZN5daisy9DaisySeed14ConfigureAudioEv
                0x0000000008001150       0x78 ../libDaisy/build/libdaisy.a(daisy_seed.o)
                0x0000000008001150                daisy::DaisySeed::ConfigureAudio()
 .text._ZN5daisy9DaisySeed4InitEb
                0x00000000080011c8       0x7c ../libDaisy/build/libdaisy.a(daisy_seed.o)
                0x00000000080011c8                daisy::DaisySeed::Init(bool)
 .text._ZN5daisy6Ak45564InitE12dsy_gpio_pin
                0x0000000008001244       0x44 ../libDaisy/build/libdaisy.a(codec_ak4556.o)
                0x0000000008001244                daisy::Ak4556::Init(dsy_gpio_pin)
 .text.dsy_sdram_init
                0x0000000008001288      0x108 ../libDaisy/build/libdaisy.a(sdram.o)
                0x0000000008001288                dsy_sdram_init
 .text.HAL_SDRAM_MspInit
                0x0000000008001390      0x1d0 ../libDaisy/build/libdaisy.a(sdram.o)
                0x0000000008001390                HAL_SDRAM_MspInit
 .text._ZN5daisy11AudioHandle4Impl16InternalCallbackEPlS2_j
                0x0000000008001560      0xbbc ../libDaisy/build/libdaisy.a(audio.o)
                0x0000000008001560                daisy::AudioHandle::Impl::InternalCallback(long*, long*, unsigned int)
 .text._ZN5daisy11AudioHandle4InitERKNS0_6ConfigENS_9SaiHandleE
                0x000000000800211c       0x64 ../libDaisy/build/libdaisy.a(audio.o)
                0x000000000800211c                daisy::AudioHandle::Init(daisy::AudioHandle::Config const&, daisy::SaiHandle)
 .text._ZNK5daisy11AudioHandle9GetConfigEv
                0x0000000008002180        0x8 ../libDaisy/build/libdaisy.a(audio.o)
                0x0000000008002180                daisy::AudioHandle::GetConfig() const
 .text._ZN5daisy11AudioHandle12SetBlockSizeEj
                0x0000000008002188       0x1c ../libDaisy/build/libdaisy.a(audio.o)
                0x0000000008002188                daisy::AudioHandle::SetBlockSize(unsigned int)
 .text._ZN5daisy11AudioHandle13GetSampleRateEv
                0x00000000080021a4        0x8 ../libDaisy/build/libdaisy.a(audio.o)
                0x00000000080021a4                daisy::AudioHandle::GetSampleRate()
 .text._ZN5daisy11AudioHandle5StartEPFvPKfPfjE
                0x00000000080021ac       0x2c ../libDaisy/build/libdaisy.a(audio.o)
                0x00000000080021ac                daisy::AudioHandle::Start(void (*)(float const*, float*, unsigned int))
 .text.startup._GLOBAL__sub_I__ZN5daisy11AudioHandle4Impl4InitENS0_6ConfigENS_9SaiHandleE
                0x00000000080021d8       0x10 ../libDaisy/build/libdaisy.a(audio.o)
 .text._ZN5daisy13AnalogControl4InitEPtfbbf
                0x00000000080021e8       0x3c ../libDaisy/build/libdaisy.a(ctrl.o)
                0x00000000080021e8                daisy::AnalogControl::Init(unsigned short*, float, bool, bool, float)
 .text._ZN5daisy13AnalogControl7ProcessEv
                0x0000000008002224       0x48 ../libDaisy/build/libdaisy.a(ctrl.o)
                0x0000000008002224                daisy::AnalogControl::Process()
 .text._ZN5daisy13AnalogControl13SetSampleRateEf
                0x000000000800226c       0x30 ../libDaisy/build/libdaisy.a(ctrl.o)
                0x000000000800226c                daisy::AnalogControl::SetSampleRate(float)
 .text._ZN5daisy7Encoder4InitE12dsy_gpio_pinS1_S1_f
                0x000000000800229c       0x4c ../libDaisy/build/libdaisy.a(encoder.o)
                0x000000000800229c                daisy::Encoder::Init(dsy_gpio_pin, dsy_gpio_pin, dsy_gpio_pin, float)
 .text._ZN5daisy7Encoder8DebounceEv
                0x00000000080022e8       0x60 ../libDaisy/build/libdaisy.a(encoder.o)
                0x00000000080022e8                daisy::Encoder::Debounce()
 .text._ZN5daisy3Led4InitE12dsy_gpio_pinbf
                0x0000000008002348       0x48 ../libDaisy/build/libdaisy.a(led.o)
                0x0000000008002348                daisy::Led::Init(dsy_gpio_pin, bool, float)
 .text._ZN5daisy3Led3SetEf
                0x0000000008002390       0x24 ../libDaisy/build/libdaisy.a(led.o)
                0x0000000008002390                daisy::Led::Set(float)
 .text._ZN5daisy3Led6UpdateEv
                0x00000000080023b4       0x48 ../libDaisy/build/libdaisy.a(led.o)
                0x00000000080023b4                daisy::Led::Update()
 .text._ZN5daisy6Switch4InitE12dsy_gpio_pinf
                0x00000000080023fc       0x3c ../libDaisy/build/libdaisy.a(switch.o)
                0x00000000080023fc                daisy::Switch::Init(dsy_gpio_pin, float)
 .text._ZN5daisy6Switch8DebounceEv
                0x0000000008002438       0x4c ../libDaisy/build/libdaisy.a(switch.o)
                0x0000000008002438                daisy::Switch::Debounce()
 .text._ZN5daisy16AdcChannelConfig10InitSingleE12dsy_gpio_pin
                0x0000000008002484       0x1c ../libDaisy/build/libdaisy.a(adc.o)
                0x0000000008002484                daisy::AdcChannelConfig::InitSingle(dsy_gpio_pin)
 .text._ZN5daisy9AdcHandle4InitEPNS_16AdcChannelConfigEjNS0_12OverSamplingE
                0x00000000080024a0      0x6e8 ../libDaisy/build/libdaisy.a(adc.o)
                0x00000000080024a0                daisy::AdcHandle::Init(daisy::AdcChannelConfig*, unsigned int, daisy::AdcHandle::OverSampling)
 .text._ZN5daisy9AdcHandle5StartEv
                0x0000000008002b88       0x2c ../libDaisy/build/libdaisy.a(adc.o)
                0x0000000008002b88                daisy::AdcHandle::Start()
 .text._ZNK5daisy9AdcHandle6GetPtrEh
                0x0000000008002bb4       0x14 ../libDaisy/build/libdaisy.a(adc.o)
                0x0000000008002bb4                daisy::AdcHandle::GetPtr(unsigned char) const
 .text.HAL_ADC_MspInit
                0x0000000008002bc8       0x98 ../libDaisy/build/libdaisy.a(adc.o)
                0x0000000008002bc8                HAL_ADC_MspInit
 .text.DMA1_Stream2_IRQHandler
                0x0000000008002c60        0xc ../libDaisy/build/libdaisy.a(adc.o)
                0x0000000008002c60                DMA1_Stream2_IRQHandler
 .text.HAL_ADC_ConvCpltCallback
                0x0000000008002c6c      0x14c ../libDaisy/build/libdaisy.a(adc.o)
                0x0000000008002c6c                HAL_ADC_ConvCpltCallback
 .text.HAL_ADC_ErrorCallback
                0x0000000008002db8        0x4 ../libDaisy/build/libdaisy.a(adc.o)
                0x0000000008002db8                HAL_ADC_ErrorCallback
 .text.dsy_gpio_init
                0x0000000008002dbc      0x1b8 ../libDaisy/build/libdaisy.a(gpio.o)
                0x0000000008002dbc                dsy_gpio_init
 .text.dsy_gpio_read
                0x0000000008002f74       0x1c ../libDaisy/build/libdaisy.a(gpio.o)
                0x0000000008002f74                dsy_gpio_read
 .text.dsy_gpio_write
                0x0000000008002f90       0x24 ../libDaisy/build/libdaisy.a(gpio.o)
                0x0000000008002f90                dsy_gpio_write
 .text._ZN5daisy9I2CHandle4Impl20StartDmaTransmissionEtPhtPFvPvNS0_6ResultEES3_
                0x0000000008002fb4       0xe8 ../libDaisy/build/libdaisy.a(i2c.o)
                0x0000000008002fb4                daisy::I2CHandle::Impl::StartDmaTransmission(unsigned short, unsigned char*, unsigned short, void (*)(void*, daisy::I2CHandle::Result), void*)
 .text._ZN5daisy9I2CHandle4Impl17StartDmaReceptionEtPhtPFvPvNS0_6ResultEES3_
                0x000000000800309c       0xe4 ../libDaisy/build/libdaisy.a(i2c.o)
                0x000000000800309c                daisy::I2CHandle::Impl::StartDmaReception(unsigned short, unsigned char*, unsigned short, void (*)(void*, daisy::I2CHandle::Result), void*)
 .text._ZN5daisy9I2CHandle4Impl8InitPinsEv
                0x0000000008003180       0x58 ../libDaisy/build/libdaisy.a(i2c.o)
                0x0000000008003180                daisy::I2CHandle::Impl::InitPins()
 .text.HAL_I2C_MspInit
                0x00000000080031d8      0x1b4 ../libDaisy/build/libdaisy.a(i2c.o)
                0x00000000080031d8                HAL_I2C_MspInit
 .text.dsy_i2c_global_init
                0x000000000800338c       0x78 ../libDaisy/build/libdaisy.a(i2c.o)
                0x000000000800338c                dsy_i2c_global_init
 .text.DMA1_Stream6_IRQHandler
                0x0000000008003404       0x34 ../libDaisy/build/libdaisy.a(i2c.o)
                0x0000000008003404                DMA1_Stream6_IRQHandler
 .text.I2C1_EV_IRQHandler
                0x0000000008003438        0xc ../libDaisy/build/libdaisy.a(i2c.o)
                0x0000000008003438                I2C1_EV_IRQHandler
 .text.I2C2_EV_IRQHandler
                0x0000000008003444        0xc ../libDaisy/build/libdaisy.a(i2c.o)
                0x0000000008003444                I2C2_EV_IRQHandler
 .text.I2C3_EV_IRQHandler
                0x0000000008003450        0xc ../libDaisy/build/libdaisy.a(i2c.o)
                0x0000000008003450                I2C3_EV_IRQHandler
 .text.HAL_I2C_MasterTxCpltCallback
                0x000000000800345c       0x94 ../libDaisy/build/libdaisy.a(i2c.o)
                0x000000000800345c                HAL_I2C_MasterTxCpltCallback
 .text.HAL_I2C_MasterRxCpltCallback
                0x00000000080034f0       0x94 ../libDaisy/build/libdaisy.a(i2c.o)
                0x00000000080034f0                HAL_I2C_MasterRxCpltCallback
 .text.HAL_I2C_SlaveTxCpltCallback
                0x0000000008003584       0x94 ../libDaisy/build/libdaisy.a(i2c.o)
                0x0000000008003584                HAL_I2C_SlaveTxCpltCallback
 .text.HAL_I2C_SlaveRxCpltCallback
                0x0000000008003618       0x94 ../libDaisy/build/libdaisy.a(i2c.o)
                0x0000000008003618                HAL_I2C_SlaveRxCpltCallback
 .text.HAL_I2C_ErrorCallback
                0x00000000080036ac       0x9c ../libDaisy/build/libdaisy.a(i2c.o)
                0x00000000080036ac                HAL_I2C_ErrorCallback
 .text._ZN5daisy9I2CHandle4InitERKNS0_6ConfigE
                0x0000000008003748      0x12c ../libDaisy/build/libdaisy.a(i2c.o)
                0x0000000008003748                daisy::I2CHandle::Init(daisy::I2CHandle::Config const&)
 .text._ZNK5daisy9I2CHandle9GetConfigEv
                0x0000000008003874        0x4 ../libDaisy/build/libdaisy.a(i2c.o)
                0x0000000008003874                daisy::I2CHandle::GetConfig() const
 .text._ZN5daisy9I2CHandle16TransmitBlockingEtPhtm
                0x0000000008003878       0x50 ../libDaisy/build/libdaisy.a(i2c.o)
                0x0000000008003878                daisy::I2CHandle::TransmitBlocking(unsigned short, unsigned char*, unsigned short, unsigned long)
 .text._ZN5daisy9I2CHandle11TransmitDmaEtPhtPFvPvNS0_6ResultEES2_
                0x00000000080038c8       0x64 ../libDaisy/build/libdaisy.a(i2c.o)
                0x00000000080038c8                daisy::I2CHandle::TransmitDma(unsigned short, unsigned char*, unsigned short, void (*)(void*, daisy::I2CHandle::Result), void*)
 .text.startup._GLOBAL__sub_I__ZN5daisy9I2CHandle4Impl10GlobalInitEv
                0x000000000800392c       0x18 ../libDaisy/build/libdaisy.a(i2c.o)
 *fill*         0x0000000008003944        0x4 
 .text.dsy_qspi_init
                0x0000000008003948      0x388 ../libDaisy/build/libdaisy.a(qspi.o)
                0x0000000008003948                dsy_qspi_init
 .text.HAL_QSPI_MspInit
                0x0000000008003cd0      0x10c ../libDaisy/build/libdaisy.a(qspi.o)
                0x0000000008003cd0                HAL_QSPI_MspInit
 .text.HAL_QSPI_MspDeInit
                0x0000000008003ddc       0x58 ../libDaisy/build/libdaisy.a(qspi.o)
                0x0000000008003ddc                HAL_QSPI_MspDeInit
 .text.QUADSPI_IRQHandler
                0x0000000008003e34        0xc ../libDaisy/build/libdaisy.a(qspi.o)
                0x0000000008003e34                QUADSPI_IRQHandler
 .text._ZN5daisy9SaiHandle4Impl7InitDmaENS1_15PeripheralBlockE
                0x0000000008003e40       0xa0 ../libDaisy/build/libdaisy.a(sai.o)
                0x0000000008003e40                daisy::SaiHandle::Impl::InitDma(daisy::SaiHandle::Impl::PeripheralBlock)
 .text._ZN5daisy9SaiHandle4Impl8InitPinsEv
                0x0000000008003ee0       0xa8 ../libDaisy/build/libdaisy.a(sai.o)
                0x0000000008003ee0                daisy::SaiHandle::Impl::InitPins()
 .text.HAL_SAI_MspInit
                0x0000000008003f88      0x164 ../libDaisy/build/libdaisy.a(sai.o)
                0x0000000008003f88                HAL_SAI_MspInit
 .text.DMA1_Stream0_IRQHandler
                0x00000000080040ec        0xc ../libDaisy/build/libdaisy.a(sai.o)
                0x00000000080040ec                DMA1_Stream0_IRQHandler
 .text.DMA1_Stream1_IRQHandler
                0x00000000080040f8        0xc ../libDaisy/build/libdaisy.a(sai.o)
                0x00000000080040f8                DMA1_Stream1_IRQHandler
 .text.DMA1_Stream3_IRQHandler
                0x0000000008004104        0xc ../libDaisy/build/libdaisy.a(sai.o)
                0x0000000008004104                DMA1_Stream3_IRQHandler
 .text.DMA1_Stream4_IRQHandler
                0x0000000008004110        0xc ../libDaisy/build/libdaisy.a(sai.o)
                0x0000000008004110                DMA1_Stream4_IRQHandler
 .text.HAL_SAI_RxHalfCpltCallback
                0x000000000800411c       0x78 ../libDaisy/build/libdaisy.a(sai.o)
                0x000000000800411c                HAL_SAI_RxHalfCpltCallback
 .text.HAL_SAI_RxCpltCallback
                0x0000000008004194       0x70 ../libDaisy/build/libdaisy.a(sai.o)
                0x0000000008004194                HAL_SAI_RxCpltCallback
 *fill*         0x0000000008004204        0x4 
 .text._ZN5daisy9SaiHandle4InitERKNS0_6ConfigE
                0x0000000008004208      0x1f0 ../libDaisy/build/libdaisy.a(sai.o)
                0x0000000008004208                daisy::SaiHandle::Init(daisy::SaiHandle::Config const&)
 .text._ZNK5daisy9SaiHandle9GetConfigEv
                0x00000000080043f8        0x4 ../libDaisy/build/libdaisy.a(sai.o)
                0x00000000080043f8                daisy::SaiHandle::GetConfig() const
 .text._ZN5daisy9SaiHandle8StartDmaEPlS1_jPFvS1_S1_jE
                0x00000000080043fc       0x68 ../libDaisy/build/libdaisy.a(sai.o)
                0x00000000080043fc                daisy::SaiHandle::StartDma(long*, long*, unsigned int, void (*)(long*, long*, unsigned int))
 .text._ZN5daisy9SaiHandle13GetSampleRateEv
                0x0000000008004464       0x24 ../libDaisy/build/libdaisy.a(sai.o)
                0x0000000008004464                daisy::SaiHandle::GetSampleRate()
 .text._ZNK5daisy9SaiHandle9GetOffsetEv
                0x0000000008004488        0x8 ../libDaisy/build/libdaisy.a(sai.o)
                0x0000000008004488                daisy::SaiHandle::GetOffset() const
 .text._ZN5daisy11TimerHandleD2Ev
                0x0000000008004490        0x4 ../libDaisy/build/libdaisy.a(system.o)
                0x0000000008004490                daisy::TimerHandle::~TimerHandle()
                0x0000000008004490                daisy::TimerHandle::~TimerHandle()
 .text.SysTick_Handler
                0x0000000008004494       0x10 ../libDaisy/build/libdaisy.a(system.o)
                0x0000000008004494                SysTick_Handler
 .text.HardFault_Handler
                0x00000000080044a4        0x4 ../libDaisy/build/libdaisy.a(system.o)
                0x00000000080044a4                HardFault_Handler
 .text._ZN5daisy6System5DelayEm
                0x00000000080044a8        0x4 ../libDaisy/build/libdaisy.a(system.o)
                0x00000000080044a8                daisy::System::Delay(unsigned long)
 .text._ZN5daisy6System15ConfigureClocksEv
                0x00000000080044ac      0x194 ../libDaisy/build/libdaisy.a(system.o)
                0x00000000080044ac                daisy::System::ConfigureClocks()
 .text._ZN5daisy6System4InitERKNS0_6ConfigE
                0x0000000008004640      0x11c ../libDaisy/build/libdaisy.a(system.o)
                0x0000000008004640                daisy::System::Init(daisy::System::Config const&)
 .text._ZN5daisy6System12GetPClk1FreqEv
                0x000000000800475c        0x4 ../libDaisy/build/libdaisy.a(system.o)
                0x000000000800475c                daisy::System::GetPClk1Freq()
 .text.startup._GLOBAL__sub_I_SysTick_Handler
                0x0000000008004760       0x1c ../libDaisy/build/libdaisy.a(system.o)
 .text.SystemInit
                0x000000000800477c       0x84 ../libDaisy/build/libdaisy.a(system_stm32h7xx.o)
                0x000000000800477c                SystemInit
 .text.dsy_hal_map_get_port
                0x0000000008004800       0x10 ../libDaisy/build/libdaisy.a(hal_map.o)
                0x0000000008004800                dsy_hal_map_get_port
 .text.dsy_hal_map_get_pin
                0x0000000008004810       0x10 ../libDaisy/build/libdaisy.a(hal_map.o)
                0x0000000008004810                dsy_hal_map_get_pin
 .text.HAL_MspInit
                0x0000000008004820        0x4 ../libDaisy/build/libdaisy.a(stm32h7xx_hal.o)
                0x0000000008004820                HAL_MspInit
 .text.HAL_InitTick
                0x0000000008004824       0x4c ../libDaisy/build/libdaisy.a(stm32h7xx_hal.o)
                0x0000000008004824                HAL_InitTick
 .text.HAL_Init
                0x0000000008004870       0x60 ../libDaisy/build/libdaisy.a(stm32h7xx_hal.o)
                0x0000000008004870                HAL_Init
 .text.HAL_IncTick
                0x00000000080048d0       0x18 ../libDaisy/build/libdaisy.a(stm32h7xx_hal.o)
                0x00000000080048d0                HAL_IncTick
 .text.HAL_GetTick
                0x00000000080048e8        0xc ../libDaisy/build/libdaisy.a(stm32h7xx_hal.o)
                0x00000000080048e8                HAL_GetTick
 .text.HAL_Delay
                0x00000000080048f4       0x24 ../libDaisy/build/libdaisy.a(stm32h7xx_hal.o)
                0x00000000080048f4                HAL_Delay
 .text.HAL_GetREVID
                0x0000000008004918        0xc ../libDaisy/build/libdaisy.a(stm32h7xx_hal.o)
                0x0000000008004918                HAL_GetREVID
 .text.HAL_ADC_ConvHalfCpltCallback
                0x0000000008004924        0x4 ../libDaisy/build/libdaisy.a(stm32h7xx_hal_adc.o)
                0x0000000008004924                HAL_ADC_ConvHalfCpltCallback
 .text.ADC_DMAHalfConvCplt
                0x0000000008004928        0xc ../libDaisy/build/libdaisy.a(stm32h7xx_hal_adc.o)
                0x0000000008004928                ADC_DMAHalfConvCplt
 .text.ADC_DMAConvCplt
                0x0000000008004934       0x6c ../libDaisy/build/libdaisy.a(stm32h7xx_hal_adc.o)
                0x0000000008004934                ADC_DMAConvCplt
 .text.ADC_DMAError
                0x00000000080049a0       0x1c ../libDaisy/build/libdaisy.a(stm32h7xx_hal_adc.o)
                0x00000000080049a0                ADC_DMAError
 .text.HAL_ADC_ConfigChannel
                0x00000000080049bc      0x3fc ../libDaisy/build/libdaisy.a(stm32h7xx_hal_adc.o)
                0x00000000080049bc                HAL_ADC_ConfigChannel
 .text.ADC_Enable
                0x0000000008004db8       0xac ../libDaisy/build/libdaisy.a(stm32h7xx_hal_adc.o)
                0x0000000008004db8                ADC_Enable
 .text.HAL_ADC_Start_DMA
                0x0000000008004e64      0x114 ../libDaisy/build/libdaisy.a(stm32h7xx_hal_adc.o)
                0x0000000008004e64                HAL_ADC_Start_DMA
 .text.ADC_Disable
                0x0000000008004f78       0x68 ../libDaisy/build/libdaisy.a(stm32h7xx_hal_adc.o)
                0x0000000008004f78                ADC_Disable
 .text.ADC_ConfigureBoostMode
                0x0000000008004fe0      0x184 ../libDaisy/build/libdaisy.a(stm32h7xx_hal_adc.o)
                0x0000000008004fe0                ADC_ConfigureBoostMode
 .text.HAL_ADC_Init
                0x0000000008005164      0x218 ../libDaisy/build/libdaisy.a(stm32h7xx_hal_adc.o)
                0x0000000008005164                HAL_ADC_Init
 .text.HAL_ADCEx_Calibration_Start
                0x000000000800537c       0xa4 ../libDaisy/build/libdaisy.a(stm32h7xx_hal_adc_ex.o)
                0x000000000800537c                HAL_ADCEx_Calibration_Start
 .text.HAL_ADCEx_MultiModeConfigChannel
                0x0000000008005420       0xc4 ../libDaisy/build/libdaisy.a(stm32h7xx_hal_adc_ex.o)
                0x0000000008005420                HAL_ADCEx_MultiModeConfigChannel
 .text.HAL_NVIC_SetPriorityGrouping
                0x00000000080054e4       0x24 ../libDaisy/build/libdaisy.a(stm32h7xx_hal_cortex.o)
                0x00000000080054e4                HAL_NVIC_SetPriorityGrouping
 .text.HAL_NVIC_SetPriority
                0x0000000008005508       0x7c ../libDaisy/build/libdaisy.a(stm32h7xx_hal_cortex.o)
                0x0000000008005508                HAL_NVIC_SetPriority
 .text.HAL_NVIC_EnableIRQ
                0x0000000008005584       0x1c ../libDaisy/build/libdaisy.a(stm32h7xx_hal_cortex.o)
                0x0000000008005584                HAL_NVIC_EnableIRQ
 .text.HAL_NVIC_DisableIRQ
                0x00000000080055a0       0x28 ../libDaisy/build/libdaisy.a(stm32h7xx_hal_cortex.o)
                0x00000000080055a0                HAL_NVIC_DisableIRQ
 .text.HAL_SYSTICK_Config
                0x00000000080055c8       0x2c ../libDaisy/build/libdaisy.a(stm32h7xx_hal_cortex.o)
                0x00000000080055c8                HAL_SYSTICK_Config
 .text.HAL_MPU_Disable
                0x00000000080055f4       0x1c ../libDaisy/build/libdaisy.a(stm32h7xx_hal_cortex.o)
                0x00000000080055f4                HAL_MPU_Disable
 .text.HAL_MPU_Enable
                0x0000000008005610       0x20 ../libDaisy/build/libdaisy.a(stm32h7xx_hal_cortex.o)
                0x0000000008005610                HAL_MPU_Enable
 .text.HAL_MPU_ConfigRegion
                0x0000000008005630       0x64 ../libDaisy/build/libdaisy.a(stm32h7xx_hal_cortex.o)
                0x0000000008005630                HAL_MPU_ConfigRegion
 .text.HAL_SYSTICK_Callback
                0x0000000008005694        0x4 ../libDaisy/build/libdaisy.a(stm32h7xx_hal_cortex.o)
                0x0000000008005694                HAL_SYSTICK_Callback
 .text.HAL_SYSTICK_IRQHandler
                0x0000000008005698        0x8 ../libDaisy/build/libdaisy.a(stm32h7xx_hal_cortex.o)
                0x0000000008005698                HAL_SYSTICK_IRQHandler
 .text.DMA_CalcBaseAndBitshift
                0x00000000080056a0       0xf4 ../libDaisy/build/libdaisy.a(stm32h7xx_hal_dma.o)
 .text.DMA_CalcDMAMUXChannelBaseAndMask
                0x0000000008005794       0xd8 ../libDaisy/build/libdaisy.a(stm32h7xx_hal_dma.o)
 .text.HAL_DMA_Init
                0x000000000800586c      0x37c ../libDaisy/build/libdaisy.a(stm32h7xx_hal_dma.o)
                0x000000000800586c                HAL_DMA_Init
 .text.HAL_DMA_Start_IT
                0x0000000008005be8      0x240 ../libDaisy/build/libdaisy.a(stm32h7xx_hal_dma.o)
                0x0000000008005be8                HAL_DMA_Start_IT
 .text.HAL_DMA_Abort_IT
                0x0000000008005e28      0x134 ../libDaisy/build/libdaisy.a(stm32h7xx_hal_dma.o)
                0x0000000008005e28                HAL_DMA_Abort_IT
 .text.HAL_DMA_IRQHandler
                0x0000000008005f5c      0x6a0 ../libDaisy/build/libdaisy.a(stm32h7xx_hal_dma.o)
                0x0000000008005f5c                HAL_DMA_IRQHandler
 .text.HAL_DMA_GetError
                0x00000000080065fc        0x4 ../libDaisy/build/libdaisy.a(stm32h7xx_hal_dma.o)
                0x00000000080065fc                HAL_DMA_GetError
 .text.HAL_GPIO_Init
                0x0000000008006600      0x280 ../libDaisy/build/libdaisy.a(stm32h7xx_hal_gpio.o)
                0x0000000008006600                HAL_GPIO_Init
 .text.HAL_GPIO_DeInit
                0x0000000008006880      0x190 ../libDaisy/build/libdaisy.a(stm32h7xx_hal_gpio.o)
                0x0000000008006880                HAL_GPIO_DeInit
 .text.HAL_GPIO_ReadPin
                0x0000000008006a10        0xc ../libDaisy/build/libdaisy.a(stm32h7xx_hal_gpio.o)
                0x0000000008006a10                HAL_GPIO_ReadPin
 .text.HAL_GPIO_WritePin
                0x0000000008006a1c        0x8 ../libDaisy/build/libdaisy.a(stm32h7xx_hal_gpio.o)
                0x0000000008006a1c                HAL_GPIO_WritePin
 .text.I2C_WaitOnTXISFlagUntilTimeout
                0x0000000008006a24       0xb8 ../libDaisy/build/libdaisy.a(stm32h7xx_hal_i2c.o)
 .text.I2C_WaitOnSTOPFlagUntilTimeout
                0x0000000008006adc       0xac ../libDaisy/build/libdaisy.a(stm32h7xx_hal_i2c.o)
 .text.HAL_I2C_Init
                0x0000000008006b88       0xac ../libDaisy/build/libdaisy.a(stm32h7xx_hal_i2c.o)
                0x0000000008006b88                HAL_I2C_Init
 .text.HAL_I2C_Master_Transmit
                0x0000000008006c34      0x1a8 ../libDaisy/build/libdaisy.a(stm32h7xx_hal_i2c.o)
                0x0000000008006c34                HAL_I2C_Master_Transmit
 .text.HAL_I2C_Slave_Transmit
                0x0000000008006ddc      0x1c8 ../libDaisy/build/libdaisy.a(stm32h7xx_hal_i2c.o)
                0x0000000008006ddc                HAL_I2C_Slave_Transmit
 .text.HAL_I2C_Master_Transmit_DMA
                0x0000000008006fa4      0x174 ../libDaisy/build/libdaisy.a(stm32h7xx_hal_i2c.o)
                0x0000000008006fa4                HAL_I2C_Master_Transmit_DMA
 .text.HAL_I2C_Master_Receive_DMA
                0x0000000008007118      0x170 ../libDaisy/build/libdaisy.a(stm32h7xx_hal_i2c.o)
                0x0000000008007118                HAL_I2C_Master_Receive_DMA
 .text.HAL_I2C_Slave_Transmit_DMA
                0x0000000008007288       0xd8 ../libDaisy/build/libdaisy.a(stm32h7xx_hal_i2c.o)
                0x0000000008007288                HAL_I2C_Slave_Transmit_DMA
 .text.HAL_I2C_Slave_Receive_DMA
                0x0000000008007360       0xdc ../libDaisy/build/libdaisy.a(stm32h7xx_hal_i2c.o)
                0x0000000008007360                HAL_I2C_Slave_Receive_DMA
 .text.HAL_I2C_EV_IRQHandler
                0x000000000800743c       0x10 ../libDaisy/build/libdaisy.a(stm32h7xx_hal_i2c.o)
                0x000000000800743c                HAL_I2C_EV_IRQHandler
 .text.I2C_DMASlaveTransmitCplt
                0x000000000800744c       0x90 ../libDaisy/build/libdaisy.a(stm32h7xx_hal_i2c.o)
 .text.I2C_DMASlaveReceiveCplt
                0x00000000080074dc       0x94 ../libDaisy/build/libdaisy.a(stm32h7xx_hal_i2c.o)
 .text.HAL_I2C_AddrCallback
                0x0000000008007570        0x4 ../libDaisy/build/libdaisy.a(stm32h7xx_hal_i2c.o)
                0x0000000008007570                HAL_I2C_AddrCallback
 .text.I2C_ITAddrCplt.part.0
                0x0000000008007574       0x64 ../libDaisy/build/libdaisy.a(stm32h7xx_hal_i2c.o)
 .text.HAL_I2C_ListenCpltCallback
                0x00000000080075d8        0x4 ../libDaisy/build/libdaisy.a(stm32h7xx_hal_i2c.o)
                0x00000000080075d8                HAL_I2C_ListenCpltCallback
 .text.HAL_I2C_MemTxCpltCallback
                0x00000000080075dc        0x4 ../libDaisy/build/libdaisy.a(stm32h7xx_hal_i2c.o)
                0x00000000080075dc                HAL_I2C_MemTxCpltCallback
 .text.HAL_I2C_MemRxCpltCallback
                0x00000000080075e0        0x4 ../libDaisy/build/libdaisy.a(stm32h7xx_hal_i2c.o)
                0x00000000080075e0                HAL_I2C_MemRxCpltCallback
 .text.HAL_I2C_AbortCpltCallback
                0x00000000080075e4        0x4 ../libDaisy/build/libdaisy.a(stm32h7xx_hal_i2c.o)
                0x00000000080075e4                HAL_I2C_AbortCpltCallback
 .text.I2C_ITError
                0x00000000080075e8      0x114 ../libDaisy/build/libdaisy.a(stm32h7xx_hal_i2c.o)
 .text.I2C_ITSlaveCplt
                0x00000000080076fc      0x1d8 ../libDaisy/build/libdaisy.a(stm32h7xx_hal_i2c.o)
 .text.I2C_Slave_ISR_IT
                0x00000000080078d4      0x324 ../libDaisy/build/libdaisy.a(stm32h7xx_hal_i2c.o)
 .text.I2C_ITMasterCplt
                0x0000000008007bf8       0xe8 ../libDaisy/build/libdaisy.a(stm32h7xx_hal_i2c.o)
 .text.I2C_Master_ISR_IT
                0x0000000008007ce0      0x1f4 ../libDaisy/build/libdaisy.a(stm32h7xx_hal_i2c.o)
 .text.I2C_Slave_ISR_DMA
                0x0000000008007ed4      0x1e4 ../libDaisy/build/libdaisy.a(stm32h7xx_hal_i2c.o)
 .text.I2C_Master_ISR_DMA
                0x00000000080080b8      0x22c ../libDaisy/build/libdaisy.a(stm32h7xx_hal_i2c.o)
 .text.I2C_DMAError
                0x00000000080082e4       0x48 ../libDaisy/build/libdaisy.a(stm32h7xx_hal_i2c.o)
 .text.I2C_DMAMasterTransmitCplt
                0x000000000800832c       0x90 ../libDaisy/build/libdaisy.a(stm32h7xx_hal_i2c.o)
 .text.I2C_DMAMasterReceiveCplt
                0x00000000080083bc       0x8c ../libDaisy/build/libdaisy.a(stm32h7xx_hal_i2c.o)
 .text.I2C_DMAAbort
                0x0000000008008448       0x28 ../libDaisy/build/libdaisy.a(stm32h7xx_hal_i2c.o)
 .text.HAL_I2C_GetState
                0x0000000008008470        0x8 ../libDaisy/build/libdaisy.a(stm32h7xx_hal_i2c.o)
                0x0000000008008470                HAL_I2C_GetState
 .text.HAL_I2CEx_ConfigAnalogFilter
                0x0000000008008478       0x54 ../libDaisy/build/libdaisy.a(stm32h7xx_hal_i2c_ex.o)
                0x0000000008008478                HAL_I2CEx_ConfigAnalogFilter
 .text.HAL_I2CEx_ConfigDigitalFilter
                0x00000000080084cc       0x58 ../libDaisy/build/libdaisy.a(stm32h7xx_hal_i2c_ex.o)
                0x00000000080084cc                HAL_I2CEx_ConfigDigitalFilter
 .text.HAL_PWREx_ConfigSupply
                0x0000000008008524       0x4c ../libDaisy/build/libdaisy.a(stm32h7xx_hal_pwr_ex.o)
                0x0000000008008524                HAL_PWREx_ConfigSupply
 .text.HAL_PWREx_EnableUSBVoltageDetector
                0x0000000008008570       0x10 ../libDaisy/build/libdaisy.a(stm32h7xx_hal_pwr_ex.o)
                0x0000000008008570                HAL_PWREx_EnableUSBVoltageDetector
 .text.QSPI_Config
                0x0000000008008580      0x174 ../libDaisy/build/libdaisy.a(stm32h7xx_hal_qspi.o)
 .text.HAL_QSPI_Init
                0x00000000080086f4       0xd8 ../libDaisy/build/libdaisy.a(stm32h7xx_hal_qspi.o)
                0x00000000080086f4                HAL_QSPI_Init
 .text.HAL_QSPI_DeInit
                0x00000000080087cc       0x3c ../libDaisy/build/libdaisy.a(stm32h7xx_hal_qspi.o)
                0x00000000080087cc                HAL_QSPI_DeInit
 .text.HAL_QSPI_Command
                0x0000000008008808       0xd4 ../libDaisy/build/libdaisy.a(stm32h7xx_hal_qspi.o)
                0x0000000008008808                HAL_QSPI_Command
 .text.HAL_QSPI_Transmit
                0x00000000080088dc       0xfc ../libDaisy/build/libdaisy.a(stm32h7xx_hal_qspi.o)
                0x00000000080088dc                HAL_QSPI_Transmit
 .text.HAL_QSPI_Receive
                0x00000000080089d8      0x108 ../libDaisy/build/libdaisy.a(stm32h7xx_hal_qspi.o)
                0x00000000080089d8                HAL_QSPI_Receive
 .text.HAL_QSPI_AutoPolling
                0x0000000008008ae0       0xf0 ../libDaisy/build/libdaisy.a(stm32h7xx_hal_qspi.o)
                0x0000000008008ae0                HAL_QSPI_AutoPolling
 .text.HAL_QSPI_MemoryMapped
                0x0000000008008bd0       0xc0 ../libDaisy/build/libdaisy.a(stm32h7xx_hal_qspi.o)
                0x0000000008008bd0                HAL_QSPI_MemoryMapped
 .text.HAL_QSPI_ErrorCallback
                0x0000000008008c90        0x4 ../libDaisy/build/libdaisy.a(stm32h7xx_hal_qspi.o)
                0x0000000008008c90                HAL_QSPI_ErrorCallback
 .text.QSPI_DMAAbortCplt
                0x0000000008008c94       0x38 ../libDaisy/build/libdaisy.a(stm32h7xx_hal_qspi.o)
 .text.HAL_QSPI_AbortCpltCallback
                0x0000000008008ccc        0x4 ../libDaisy/build/libdaisy.a(stm32h7xx_hal_qspi.o)
                0x0000000008008ccc                HAL_QSPI_AbortCpltCallback
 .text.HAL_QSPI_CmdCpltCallback
                0x0000000008008cd0        0x4 ../libDaisy/build/libdaisy.a(stm32h7xx_hal_qspi.o)
                0x0000000008008cd0                HAL_QSPI_CmdCpltCallback
 .text.HAL_QSPI_RxCpltCallback
                0x0000000008008cd4        0x4 ../libDaisy/build/libdaisy.a(stm32h7xx_hal_qspi.o)
                0x0000000008008cd4                HAL_QSPI_RxCpltCallback
 .text.HAL_QSPI_TxCpltCallback
                0x0000000008008cd8        0x4 ../libDaisy/build/libdaisy.a(stm32h7xx_hal_qspi.o)
                0x0000000008008cd8                HAL_QSPI_TxCpltCallback
 .text.HAL_QSPI_FifoThresholdCallback
                0x0000000008008cdc        0x4 ../libDaisy/build/libdaisy.a(stm32h7xx_hal_qspi.o)
                0x0000000008008cdc                HAL_QSPI_FifoThresholdCallback
 .text.HAL_QSPI_StatusMatchCallback
                0x0000000008008ce0        0x4 ../libDaisy/build/libdaisy.a(stm32h7xx_hal_qspi.o)
                0x0000000008008ce0                HAL_QSPI_StatusMatchCallback
 .text.HAL_QSPI_TimeOutCallback
                0x0000000008008ce4        0x4 ../libDaisy/build/libdaisy.a(stm32h7xx_hal_qspi.o)
                0x0000000008008ce4                HAL_QSPI_TimeOutCallback
 .text.HAL_QSPI_IRQHandler
                0x0000000008008ce8      0x210 ../libDaisy/build/libdaisy.a(stm32h7xx_hal_qspi.o)
                0x0000000008008ce8                HAL_QSPI_IRQHandler
 .text.HAL_RCC_OscConfig
                0x0000000008008ef8      0x51c ../libDaisy/build/libdaisy.a(stm32h7xx_hal_rcc.o)
                0x0000000008008ef8                HAL_RCC_OscConfig
 .text.HAL_RCC_GetSysClockFreq
                0x0000000008009414      0x140 ../libDaisy/build/libdaisy.a(stm32h7xx_hal_rcc.o)
                0x0000000008009414                HAL_RCC_GetSysClockFreq
 .text.HAL_RCC_ClockConfig
                0x0000000008009554      0x234 ../libDaisy/build/libdaisy.a(stm32h7xx_hal_rcc.o)
                0x0000000008009554                HAL_RCC_ClockConfig
 .text.HAL_RCC_GetHCLKFreq
                0x0000000008009788       0x2c ../libDaisy/build/libdaisy.a(stm32h7xx_hal_rcc.o)
                0x0000000008009788                HAL_RCC_GetHCLKFreq
 .text.HAL_RCC_GetPCLK1Freq
                0x00000000080097b4       0x38 ../libDaisy/build/libdaisy.a(stm32h7xx_hal_rcc.o)
                0x00000000080097b4                HAL_RCC_GetPCLK1Freq
 .text.RCCEx_PLL2_Config
                0x00000000080097ec       0xf4 ../libDaisy/build/libdaisy.a(stm32h7xx_hal_rcc_ex.o)
 .text.RCCEx_PLL3_Config
                0x00000000080098e0       0xf4 ../libDaisy/build/libdaisy.a(stm32h7xx_hal_rcc_ex.o)
 .text.HAL_RCCEx_PeriphCLKConfig
                0x00000000080099d4      0xa7c ../libDaisy/build/libdaisy.a(stm32h7xx_hal_rcc_ex.o)
                0x00000000080099d4                HAL_RCCEx_PeriphCLKConfig
 .text.HAL_RCCEx_GetPLL2ClockFreq
                0x000000000800a450      0x17c ../libDaisy/build/libdaisy.a(stm32h7xx_hal_rcc_ex.o)
                0x000000000800a450                HAL_RCCEx_GetPLL2ClockFreq
 .text.HAL_RCCEx_GetPLL3ClockFreq
                0x000000000800a5cc      0x17c ../libDaisy/build/libdaisy.a(stm32h7xx_hal_rcc_ex.o)
                0x000000000800a5cc                HAL_RCCEx_GetPLL3ClockFreq
 .text.HAL_RCCEx_GetPLL1ClockFreq
                0x000000000800a748      0x17c ../libDaisy/build/libdaisy.a(stm32h7xx_hal_rcc_ex.o)
                0x000000000800a748                HAL_RCCEx_GetPLL1ClockFreq
 .text.HAL_RCCEx_GetPeriphCLKFreq
                0x000000000800a8c4      0x198 ../libDaisy/build/libdaisy.a(stm32h7xx_hal_rcc_ex.o)
                0x000000000800a8c4                HAL_RCCEx_GetPeriphCLKFreq
 .text.HAL_RCCEx_GetD1SysClockFreq
                0x000000000800aa5c       0x2c ../libDaisy/build/libdaisy.a(stm32h7xx_hal_rcc_ex.o)
                0x000000000800aa5c                HAL_RCCEx_GetD1SysClockFreq
 .text.HAL_SAI_Init.part.0
                0x000000000800aa88      0x348 ../libDaisy/build/libdaisy.a(stm32h7xx_hal_sai.o)
 .text.HAL_SAI_InitProtocol
                0x000000000800add0      0x178 ../libDaisy/build/libdaisy.a(stm32h7xx_hal_sai.o)
                0x000000000800add0                HAL_SAI_InitProtocol
 .text.HAL_SAI_Transmit_DMA
                0x000000000800af48      0x124 ../libDaisy/build/libdaisy.a(stm32h7xx_hal_sai.o)
                0x000000000800af48                HAL_SAI_Transmit_DMA
 .text.HAL_SAI_Receive_DMA
                0x000000000800b06c       0xd0 ../libDaisy/build/libdaisy.a(stm32h7xx_hal_sai.o)
                0x000000000800b06c                HAL_SAI_Receive_DMA
 .text.HAL_SAI_TxCpltCallback
                0x000000000800b13c        0x4 ../libDaisy/build/libdaisy.a(stm32h7xx_hal_sai.o)
                0x000000000800b13c                HAL_SAI_TxCpltCallback
 .text.SAI_DMATxCplt
                0x000000000800b140       0x64 ../libDaisy/build/libdaisy.a(stm32h7xx_hal_sai.o)
 .text.HAL_SAI_TxHalfCpltCallback
                0x000000000800b1a4        0x4 ../libDaisy/build/libdaisy.a(stm32h7xx_hal_sai.o)
                0x000000000800b1a4                HAL_SAI_TxHalfCpltCallback
 .text.SAI_DMATxHalfCplt
                0x000000000800b1a8        0xc ../libDaisy/build/libdaisy.a(stm32h7xx_hal_sai.o)
 .text.SAI_DMARxCplt
                0x000000000800b1b4       0x64 ../libDaisy/build/libdaisy.a(stm32h7xx_hal_sai.o)
 .text.SAI_DMARxHalfCplt
                0x000000000800b218        0xc ../libDaisy/build/libdaisy.a(stm32h7xx_hal_sai.o)
 .text.HAL_SAI_ErrorCallback
                0x000000000800b224        0x4 ../libDaisy/build/libdaisy.a(stm32h7xx_hal_sai.o)
                0x000000000800b224                HAL_SAI_ErrorCallback
 .text.SAI_DMAError
                0x000000000800b228       0x6c ../libDaisy/build/libdaisy.a(stm32h7xx_hal_sai.o)
 .text.HAL_SDRAM_Init
                0x000000000800b294       0x54 ../libDaisy/build/libdaisy.a(stm32h7xx_hal_sdram.o)
                0x000000000800b294                HAL_SDRAM_Init
 .text.HAL_SDRAM_SendCommand
                0x000000000800b2e8       0x40 ../libDaisy/build/libdaisy.a(stm32h7xx_hal_sdram.o)
                0x000000000800b2e8                HAL_SDRAM_SendCommand
 .text.HAL_SDRAM_ProgramRefreshRate
                0x000000000800b328       0x30 ../libDaisy/build/libdaisy.a(stm32h7xx_hal_sdram.o)
                0x000000000800b328                HAL_SDRAM_ProgramRefreshRate
 .text.FMC_SDRAM_Init
                0x000000000800b358       0x7c ../libDaisy/build/libdaisy.a(stm32h7xx_ll_fmc.o)
                0x000000000800b358                FMC_SDRAM_Init
 .text.FMC_SDRAM_Timing_Init
                0x000000000800b3d4       0x98 ../libDaisy/build/libdaisy.a(stm32h7xx_ll_fmc.o)
                0x000000000800b3d4                FMC_SDRAM_Timing_Init
 .text.FMC_SDRAM_SendCommand
                0x000000000800b46c       0x28 ../libDaisy/build/libdaisy.a(stm32h7xx_ll_fmc.o)
                0x000000000800b46c                FMC_SDRAM_SendCommand
 .text.FMC_SDRAM_ProgramRefreshRate
                0x000000000800b494       0x1c ../libDaisy/build/libdaisy.a(stm32h7xx_ll_fmc.o)
                0x000000000800b494                FMC_SDRAM_ProgramRefreshRate
 .text.HAL_TIM_Base_MspInit
                0x000000000800b4b0       0xcc ../libDaisy/build/libdaisy.a(tim.o)
                0x000000000800b4b0                HAL_TIM_Base_MspInit
 .text._ZN5daisy11TimerHandle4InitERKNS0_6ConfigE
                0x000000000800b57c       0xc4 ../libDaisy/build/libdaisy.a(tim.o)
                0x000000000800b57c                daisy::TimerHandle::Init(daisy::TimerHandle::Config const&)
 .text._ZN5daisy11TimerHandle5StartEv
                0x000000000800b640       0x14 ../libDaisy/build/libdaisy.a(tim.o)
                0x000000000800b640                daisy::TimerHandle::Start()
 .text.dsy_dma_init
                0x000000000800b654       0xd0 ../libDaisy/build/libdaisy.a(dma.o)
                0x000000000800b654                dsy_dma_init
 .text.HAL_MDMA_Abort_IT
                0x000000000800b724       0x2c ../libDaisy/build/libdaisy.a(stm32h7xx_hal_mdma.o)
                0x000000000800b724                HAL_MDMA_Abort_IT
 .text.HAL_TIM_Base_Init
                0x000000000800b750      0x140 ../libDaisy/build/libdaisy.a(stm32h7xx_hal_tim.o)
                0x000000000800b750                HAL_TIM_Base_Init
 .text.HAL_TIM_Base_Start
                0x000000000800b890       0x34 ../libDaisy/build/libdaisy.a(stm32h7xx_hal_tim.o)
                0x000000000800b890                HAL_TIM_Base_Start
 .text.HAL_TIM_ConfigClockSource
                0x000000000800b8c4      0x17c ../libDaisy/build/libdaisy.a(stm32h7xx_hal_tim.o)
                0x000000000800b8c4                HAL_TIM_ConfigClockSource
 .text.HAL_TIMEx_MasterConfigSynchronization
                0x000000000800ba40       0x64 ../libDaisy/build/libdaisy.a(stm32h7xx_hal_tim_ex.o)
                0x000000000800ba40                HAL_TIMEx_MasterConfigSynchronization
 .text._ZN7daisysp8ReverbSc17NextRandomLinesegEPNS_10ReverbScDlEi
                0x000000000800baa4      0x108 ../DaisySP/build/libdaisysp.a(reverbsc.o)
                0x000000000800baa4                daisysp::ReverbSc::NextRandomLineseg(daisysp::ReverbScDl*, int)
 *fill*         0x000000000800bbac        0x4 
 .text._ZN7daisysp8ReverbSc4InitEf
                0x000000000800bbb0      0x180 ../DaisySP/build/libdaisysp.a(reverbsc.o)
                0x000000000800bbb0                daisysp::ReverbSc::Init(float)
 .text._ZN7daisysp8ReverbSc7ProcessERKfS2_PfS3_
                0x000000000800bd30      0x2e0 ../DaisySP/build/libdaisysp.a(reverbsc.o)
                0x000000000800bd30                daisysp::ReverbSc::Process(float const&, float const&, float*, float*)
 .text.__aeabi_atexit
                0x000000000800c010        0xa /usr/local/Caskroom/gcc-arm-embedded/10-2020-q4-major/gcc-arm-none-eabi-10-2020-q4-major/bin/../lib/gcc/arm-none-eabi/10.2.1/../../../../arm-none-eabi/lib/thumb/v7e-m+dp/hard/libstdc++_nano.a(atexit_arm.o)
                0x000000000800c010                __aeabi_atexit
 *fill*         0x000000000800c01a        0x6 
 .text.cosf     0x000000000800c020      0x1bc /usr/local/Caskroom/gcc-arm-embedded/10-2020-q4-major/gcc-arm-none-eabi-10-2020-q4-major/bin/../lib/gcc/arm-none-eabi/10.2.1/../../../../arm-none-eabi/lib/thumb/v7e-m+dp/hard/libm.a(lib_a-cosf.o)
                0x000000000800c020                cosf
 .text.with_errnof
                0x000000000800c1dc       0x18 /usr/local/Caskroom/gcc-arm-embedded/10-2020-q4-major/gcc-arm-none-eabi-10-2020-q4-major/bin/../lib/gcc/arm-none-eabi/10.2.1/../../../../arm-none-eabi/lib/thumb/v7e-m+dp/hard/libm.a(lib_a-math_errf.o)
 .text.__math_invalidf
                0x000000000800c1f4       0x20 /usr/local/Caskroom/gcc-arm-embedded/10-2020-q4-major/gcc-arm-none-eabi-10-2020-q4-major/bin/../lib/gcc/arm-none-eabi/10.2.1/../../../../arm-none-eabi/lib/thumb/v7e-m+dp/hard/libm.a(lib_a-math_errf.o)
                0x000000000800c1f4                __math_invalidf
 .text.sqrtf    0x000000000800c214       0x50 /usr/local/Caskroom/gcc-arm-embedded/10-2020-q4-major/gcc-arm-none-eabi-10-2020-q4-major/bin/../lib/gcc/arm-none-eabi/10.2.1/../../../../arm-none-eabi/lib/thumb/v7e-m+dp/hard/libm.a(lib_a-wf_sqrt.o)
                0x000000000800c214                sqrtf
 .text.__ieee754_sqrtf
                0x000000000800c264        0x8 /usr/local/Caskroom/gcc-arm-embedded/10-2020-q4-major/gcc-arm-none-eabi-10-2020-q4-major/bin/../lib/gcc/arm-none-eabi/10.2.1/../../../../arm-none-eabi/lib/thumb/v7e-m+dp/hard/libm.a(lib_a-ef_sqrt.o)
                0x000000000800c264                __ieee754_sqrtf
 .text.__cxa_atexit
                0x000000000800c26c       0x1c /usr/local/Caskroom/gcc-arm-embedded/10-2020-q4-major/gcc-arm-none-eabi-10-2020-q4-major/bin/../lib/gcc/arm-none-eabi/10.2.1/../../../../arm-none-eabi/lib/thumb/v7e-m+dp/hard/libc_nano.a(lib_a-cxa_atexit.o)
                0x000000000800c26c                __cxa_atexit
 .text.__errno  0x000000000800c288        0xc /usr/local/Caskroom/gcc-arm-embedded/10-2020-q4-major/gcc-arm-none-eabi-10-2020-q4-major/bin/../lib/gcc/arm-none-eabi/10.2.1/../../../../arm-none-eabi/lib/thumb/v7e-m+dp/hard/libc_nano.a(lib_a-errno.o)
                0x000000000800c288                __errno
 .text.__libc_init_array
                0x000000000800c294       0x48 /usr/local/Caskroom/gcc-arm-embedded/10-2020-q4-major/gcc-arm-none-eabi-10-2020-q4-major/bin/../lib/gcc/arm-none-eabi/10.2.1/../../../../arm-none-eabi/lib/thumb/v7e-m+dp/hard/libc_nano.a(lib_a-init.o)
                0x000000000800c294                __libc_init_array
 .text.memcpy   0x000000000800c2dc       0x1c /usr/local/Caskroom/gcc-arm-embedded/10-2020-q4-major/gcc-arm-none-eabi-10-2020-q4-major/bin/../lib/gcc/arm-none-eabi/10.2.1/../../../../arm-none-eabi/lib/thumb/v7e-m+dp/hard/libc_nano.a(lib_a-memcpy-stub.o)
                0x000000000800c2dc                memcpy
 .text.memset   0x000000000800c2f8       0x10 /usr/local/Caskroom/gcc-arm-embedded/10-2020-q4-major/gcc-arm-none-eabi-10-2020-q4-major/bin/../lib/gcc/arm-none-eabi/10.2.1/../../../../arm-none-eabi/lib/thumb/v7e-m+dp/hard/libc_nano.a(lib_a-memset.o)
                0x000000000800c2f8                memset
 *(.rodata)
 .rodata        0x000000000800c308      0x200 build/foreverAndADay.o
 .rodata        0x000000000800c508        0x8 ../libDaisy/build/libdaisy.a(daisy_petal.o)
 .rodata        0x000000000800c510       0x10 ../libDaisy/build/libdaisy.a(i2c.o)
 .rodata        0x000000000800c520       0x10 ../libDaisy/build/libdaisy.a(tim.o)
 *(.rodata*)
 .rodata._ZN5daisy10DaisyPetal9ClearLedsEv.str1.4
                0x000000000800c530       0x15 ../libDaisy/build/libdaisy.a(daisy_petal.o)
 *fill*         0x000000000800c545        0x3 
 .rodata._ZN5daisy10DaisyPetal12InitSwitchesEv.str1.4
                0x000000000800c548        0x8 ../libDaisy/build/libdaisy.a(daisy_petal.o)
 .rodata._ZL20petal_led_i2c_config
                0x000000000800c550       0x14 ../libDaisy/build/libdaisy.a(daisy_petal.o)
 .rodata._ZL8seedgpio
                0x000000000800c564       0x3e ../libDaisy/build/libdaisy.a(daisy_seed.o)
 *fill*         0x000000000800c5a2        0x2 
 .rodata._ZL16dsy_adc_rank_map
                0x000000000800c5a4       0x40 ../libDaisy/build/libdaisy.a(adc.o)
 .rodata.HAL_QSPI_MspInit.str1.4
                0x000000000800c5e4        0x7 ../libDaisy/build/libdaisy.a(qspi.o)
 *fill*         0x000000000800c5eb        0x1 
 .rodata.CSWTCH.33
                0x000000000800c5ec        0x3 ../libDaisy/build/libdaisy.a(sai.o)
 *fill*         0x000000000800c5ef        0x1 
 .rodata.CSWTCH.34
                0x000000000800c5f0        0xc ../libDaisy/build/libdaisy.a(sai.o)
 .rodata.CSWTCH.41
                0x000000000800c5fc       0x14 ../libDaisy/build/libdaisy.a(sai.o)
 .rodata.D1CorePrescTable
                0x000000000800c610       0x10 ../libDaisy/build/libdaisy.a(system_stm32h7xx.o)
                0x000000000800c610                D1CorePrescTable
 .rodata.gpio_hal_pin_map
                0x000000000800c620       0x20 ../libDaisy/build/libdaisy.a(hal_map.o)
 .rodata.gpio_hal_port_map
                0x000000000800c640       0x30 ../libDaisy/build/libdaisy.a(hal_map.o)
 .rodata.flagBitshiftOffset.0
                0x000000000800c670        0x8 ../libDaisy/build/libdaisy.a(stm32h7xx_hal_dma.o)
 .rodata._ZL13kReverbParams
                0x000000000800c678       0x80 ../DaisySP/build/libdaisysp.a(reverbsc.o)
 .rodata.__inv_pio4
                0x000000000800c6f8       0x60 /usr/local/Caskroom/gcc-arm-embedded/10-2020-q4-major/gcc-arm-none-eabi-10-2020-q4-major/bin/../lib/gcc/arm-none-eabi/10.2.1/../../../../arm-none-eabi/lib/thumb/v7e-m+dp/hard/libm.a(lib_a-sincosf_data.o)
                0x000000000800c6f8                __inv_pio4
 .rodata.__sincosf_table
                0x000000000800c758       0xe0 /usr/local/Caskroom/gcc-arm-embedded/10-2020-q4-major/gcc-arm-none-eabi-10-2020-q4-major/bin/../lib/gcc/arm-none-eabi/10.2.1/../../../../arm-none-eabi/lib/thumb/v7e-m+dp/hard/libm.a(lib_a-sincosf_data.o)
                0x000000000800c758                __sincosf_table
 *(.glue_7)
 .glue_7        0x000000000800c838        0x0 linker stubs
 *(.glue_7t)
 .glue_7t       0x000000000800c838        0x0 linker stubs
 *(.init)
 .init          0x000000000800c838        0x4 /usr/local/Caskroom/gcc-arm-embedded/10-2020-q4-major/gcc-arm-none-eabi-10-2020-q4-major/bin/../lib/gcc/arm-none-eabi/10.2.1/thumb/v7e-m+dp/hard/crti.o
                0x000000000800c838                _init
 .init          0x000000000800c83c        0x8 /usr/local/Caskroom/gcc-arm-embedded/10-2020-q4-major/gcc-arm-none-eabi-10-2020-q4-major/bin/../lib/gcc/arm-none-eabi/10.2.1/thumb/v7e-m+dp/hard/crtn.o
 *(.fini)
 .fini          0x000000000800c844        0x4 /usr/local/Caskroom/gcc-arm-embedded/10-2020-q4-major/gcc-arm-none-eabi-10-2020-q4-major/bin/../lib/gcc/arm-none-eabi/10.2.1/thumb/v7e-m+dp/hard/crti.o
                0x000000000800c844                _fini
 .fini          0x000000000800c848        0x8 /usr/local/Caskroom/gcc-arm-embedded/10-2020-q4-major/gcc-arm-none-eabi-10-2020-q4-major/bin/../lib/gcc/arm-none-eabi/10.2.1/thumb/v7e-m+dp/hard/crtn.o
                0x000000000800c850                . = ALIGN (0x4)
                0x000000000800c850                _etext = .

.eh_frame       0x000000000800c850        0x0
 .eh_frame      0x000000000800c850        0x0 /usr/local/Caskroom/gcc-arm-embedded/10-2020-q4-major/gcc-arm-none-eabi-10-2020-q4-major/bin/../lib/gcc/arm-none-eabi/10.2.1/thumb/v7e-m+dp/hard/crtbegin.o

.vfp11_veneer   0x000000000800c850        0x0
 .vfp11_veneer  0x000000000800c850        0x0 linker stubs

.v4_bx          0x000000000800c850        0x0
 .v4_bx         0x000000000800c850        0x0 linker stubs

.iplt           0x000000000800c850        0x0
 .iplt          0x000000000800c850        0x0 /usr/local/Caskroom/gcc-arm-embedded/10-2020-q4-major/gcc-arm-none-eabi-10-2020-q4-major/bin/../lib/gcc/arm-none-eabi/10.2.1/thumb/v7e-m+dp/hard/crtbegin.o

.rel.dyn        0x000000000800c850        0x0
 .rel.iplt      0x000000000800c850        0x0 /usr/local/Caskroom/gcc-arm-embedded/10-2020-q4-major/gcc-arm-none-eabi-10-2020-q4-major/bin/../lib/gcc/arm-none-eabi/10.2.1/thumb/v7e-m+dp/hard/crtbegin.o

.ARM.extab      0x000000000800c850        0x0
                0x000000000800c850                . = ALIGN (0x4)
 *(.ARM.extab)
 *(.gnu.linkonce.armextab.*)
                0x000000000800c850                . = ALIGN (0x4)

.exidx          0x000000000800c850        0x0
                0x000000000800c850                . = ALIGN (0x4)
                [!provide]                        PROVIDE (__exidx_start = .)
 *(.ARM.exidx*)
                0x000000000800c850                . = ALIGN (0x4)
                [!provide]                        PROVIDE (__exidx_end = .)

.ARM.attributes
                0x000000000800c850       0x2e
 *(.ARM.attributes)
 .ARM.attributes
                0x000000000800c850       0x1e /usr/local/Caskroom/gcc-arm-embedded/10-2020-q4-major/gcc-arm-none-eabi-10-2020-q4-major/bin/../lib/gcc/arm-none-eabi/10.2.1/thumb/v7e-m+dp/hard/crti.o
 .ARM.attributes
                0x000000000800c86e       0x32 /usr/local/Caskroom/gcc-arm-embedded/10-2020-q4-major/gcc-arm-none-eabi-10-2020-q4-major/bin/../lib/gcc/arm-none-eabi/10.2.1/thumb/v7e-m+dp/hard/crtbegin.o
 .ARM.attributes
                0x000000000800c8a0       0x32 build/startup_stm32h750xx.o
 .ARM.attributes
                0x000000000800c8d2       0x32 build/foreverAndADay.o
 .ARM.attributes
                0x000000000800c904       0x32 ../libDaisy/build/libdaisy.a(daisy_petal.o)
 .ARM.attributes
                0x000000000800c936       0x32 ../libDaisy/build/libdaisy.a(daisy_seed.o)
 .ARM.attributes
                0x000000000800c968       0x32 ../libDaisy/build/libdaisy.a(codec_ak4556.o)
 .ARM.attributes
                0x000000000800c99a       0x32 ../libDaisy/build/libdaisy.a(sdram.o)
 .ARM.attributes
                0x000000000800c9cc       0x32 ../libDaisy/build/libdaisy.a(audio.o)
 .ARM.attributes
                0x000000000800c9fe       0x32 ../libDaisy/build/libdaisy.a(ctrl.o)
 .ARM.attributes
                0x000000000800ca30       0x32 ../libDaisy/build/libdaisy.a(encoder.o)
 .ARM.attributes
                0x000000000800ca62       0x32 ../libDaisy/build/libdaisy.a(led.o)
 .ARM.attributes
                0x000000000800ca94       0x32 ../libDaisy/build/libdaisy.a(switch.o)
 .ARM.attributes
                0x000000000800cac6       0x32 ../libDaisy/build/libdaisy.a(adc.o)
 .ARM.attributes
                0x000000000800caf8       0x32 ../libDaisy/build/libdaisy.a(gpio.o)
 .ARM.attributes
                0x000000000800cb2a       0x32 ../libDaisy/build/libdaisy.a(i2c.o)
 .ARM.attributes
                0x000000000800cb5c       0x32 ../libDaisy/build/libdaisy.a(qspi.o)
 .ARM.attributes
                0x000000000800cb8e       0x32 ../libDaisy/build/libdaisy.a(sai.o)
 .ARM.attributes
                0x000000000800cbc0       0x32 ../libDaisy/build/libdaisy.a(system.o)
 .ARM.attributes
                0x000000000800cbf2       0x32 ../libDaisy/build/libdaisy.a(system_stm32h7xx.o)
 .ARM.attributes
                0x000000000800cc24       0x32 ../libDaisy/build/libdaisy.a(hal_map.o)
 .ARM.attributes
                0x000000000800cc56       0x32 ../libDaisy/build/libdaisy.a(stm32h7xx_hal.o)
 .ARM.attributes
                0x000000000800cc88       0x32 ../libDaisy/build/libdaisy.a(stm32h7xx_hal_adc.o)
 .ARM.attributes
                0x000000000800ccba       0x32 ../libDaisy/build/libdaisy.a(stm32h7xx_hal_adc_ex.o)
 .ARM.attributes
                0x000000000800ccec       0x32 ../libDaisy/build/libdaisy.a(stm32h7xx_hal_cortex.o)
 .ARM.attributes
                0x000000000800cd1e       0x32 ../libDaisy/build/libdaisy.a(stm32h7xx_hal_dma.o)
 .ARM.attributes
                0x000000000800cd50       0x32 ../libDaisy/build/libdaisy.a(stm32h7xx_hal_gpio.o)
 .ARM.attributes
                0x000000000800cd82       0x32 ../libDaisy/build/libdaisy.a(stm32h7xx_hal_i2c.o)
 .ARM.attributes
                0x000000000800cdb4       0x32 ../libDaisy/build/libdaisy.a(stm32h7xx_hal_i2c_ex.o)
 .ARM.attributes
                0x000000000800cde6       0x32 ../libDaisy/build/libdaisy.a(stm32h7xx_hal_pwr_ex.o)
 .ARM.attributes
                0x000000000800ce18       0x32 ../libDaisy/build/libdaisy.a(stm32h7xx_hal_qspi.o)
 .ARM.attributes
                0x000000000800ce4a       0x32 ../libDaisy/build/libdaisy.a(stm32h7xx_hal_rcc.o)
 .ARM.attributes
                0x000000000800ce7c       0x32 ../libDaisy/build/libdaisy.a(stm32h7xx_hal_rcc_ex.o)
 .ARM.attributes
                0x000000000800ceae       0x32 ../libDaisy/build/libdaisy.a(stm32h7xx_hal_sai.o)
 .ARM.attributes
                0x000000000800cee0       0x32 ../libDaisy/build/libdaisy.a(stm32h7xx_hal_sdram.o)
 .ARM.attributes
                0x000000000800cf12       0x32 ../libDaisy/build/libdaisy.a(stm32h7xx_ll_fmc.o)
 .ARM.attributes
                0x000000000800cf44       0x32 ../libDaisy/build/libdaisy.a(tim.o)
 .ARM.attributes
                0x000000000800cf76       0x32 ../libDaisy/build/libdaisy.a(dma.o)
 .ARM.attributes
                0x000000000800cfa8       0x32 ../libDaisy/build/libdaisy.a(stm32h7xx_hal_mdma.o)
 .ARM.attributes
                0x000000000800cfda       0x32 ../libDaisy/build/libdaisy.a(stm32h7xx_hal_tim.o)
 .ARM.attributes
                0x000000000800d00c       0x32 ../libDaisy/build/libdaisy.a(stm32h7xx_hal_tim_ex.o)
 .ARM.attributes
                0x000000000800d03e       0x32 ../DaisySP/build/libdaisysp.a(reverbsc.o)
 .ARM.attributes
                0x000000000800d070       0x32 /usr/local/Caskroom/gcc-arm-embedded/10-2020-q4-major/gcc-arm-none-eabi-10-2020-q4-major/bin/../lib/gcc/arm-none-eabi/10.2.1/../../../../arm-none-eabi/lib/thumb/v7e-m+dp/hard/libstdc++_nano.a(atexit_arm.o)
 .ARM.attributes
                0x000000000800d0a2       0x32 /usr/local/Caskroom/gcc-arm-embedded/10-2020-q4-major/gcc-arm-none-eabi-10-2020-q4-major/bin/../lib/gcc/arm-none-eabi/10.2.1/../../../../arm-none-eabi/lib/thumb/v7e-m+dp/hard/libm.a(lib_a-cosf.o)
 .ARM.attributes
                0x000000000800d0d4       0x32 /usr/local/Caskroom/gcc-arm-embedded/10-2020-q4-major/gcc-arm-none-eabi-10-2020-q4-major/bin/../lib/gcc/arm-none-eabi/10.2.1/../../../../arm-none-eabi/lib/thumb/v7e-m+dp/hard/libm.a(lib_a-math_errf.o)
 .ARM.attributes
                0x000000000800d106       0x30 /usr/local/Caskroom/gcc-arm-embedded/10-2020-q4-major/gcc-arm-none-eabi-10-2020-q4-major/bin/../lib/gcc/arm-none-eabi/10.2.1/../../../../arm-none-eabi/lib/thumb/v7e-m+dp/hard/libm.a(lib_a-sincosf_data.o)
 .ARM.attributes
                0x000000000800d136       0x32 /usr/local/Caskroom/gcc-arm-embedded/10-2020-q4-major/gcc-arm-none-eabi-10-2020-q4-major/bin/../lib/gcc/arm-none-eabi/10.2.1/../../../../arm-none-eabi/lib/thumb/v7e-m+dp/hard/libm.a(lib_a-wf_sqrt.o)
 .ARM.attributes
                0x000000000800d168       0x32 /usr/local/Caskroom/gcc-arm-embedded/10-2020-q4-major/gcc-arm-none-eabi-10-2020-q4-major/bin/../lib/gcc/arm-none-eabi/10.2.1/../../../../arm-none-eabi/lib/thumb/v7e-m+dp/hard/libm.a(lib_a-ef_sqrt.o)
 .ARM.attributes
                0x000000000800d19a       0x30 /usr/local/Caskroom/gcc-arm-embedded/10-2020-q4-major/gcc-arm-none-eabi-10-2020-q4-major/bin/../lib/gcc/arm-none-eabi/10.2.1/../../../../arm-none-eabi/lib/thumb/v7e-m+dp/hard/libm.a(lib_a-s_lib_ver.o)
 .ARM.attributes
                0x000000000800d1ca       0x32 /usr/local/Caskroom/gcc-arm-embedded/10-2020-q4-major/gcc-arm-none-eabi-10-2020-q4-major/bin/../lib/gcc/arm-none-eabi/10.2.1/../../../../arm-none-eabi/lib/thumb/v7e-m+dp/hard/libc_nano.a(lib_a-cxa_atexit.o)
 .ARM.attributes
                0x000000000800d1fc       0x32 /usr/local/Caskroom/gcc-arm-embedded/10-2020-q4-major/gcc-arm-none-eabi-10-2020-q4-major/bin/../lib/gcc/arm-none-eabi/10.2.1/../../../../arm-none-eabi/lib/thumb/v7e-m+dp/hard/libc_nano.a(lib_a-errno.o)
 .ARM.attributes
                0x000000000800d22e       0x30 /usr/local/Caskroom/gcc-arm-embedded/10-2020-q4-major/gcc-arm-none-eabi-10-2020-q4-major/bin/../lib/gcc/arm-none-eabi/10.2.1/../../../../arm-none-eabi/lib/thumb/v7e-m+dp/hard/libc_nano.a(lib_a-impure.o)
 .ARM.attributes
                0x000000000800d25e       0x32 /usr/local/Caskroom/gcc-arm-embedded/10-2020-q4-major/gcc-arm-none-eabi-10-2020-q4-major/bin/../lib/gcc/arm-none-eabi/10.2.1/../../../../arm-none-eabi/lib/thumb/v7e-m+dp/hard/libc_nano.a(lib_a-init.o)
 .ARM.attributes
                0x000000000800d290       0x32 /usr/local/Caskroom/gcc-arm-embedded/10-2020-q4-major/gcc-arm-none-eabi-10-2020-q4-major/bin/../lib/gcc/arm-none-eabi/10.2.1/../../../../arm-none-eabi/lib/thumb/v7e-m+dp/hard/libc_nano.a(lib_a-memcpy-stub.o)
 .ARM.attributes
                0x000000000800d2c2       0x32 /usr/local/Caskroom/gcc-arm-embedded/10-2020-q4-major/gcc-arm-none-eabi-10-2020-q4-major/bin/../lib/gcc/arm-none-eabi/10.2.1/../../../../arm-none-eabi/lib/thumb/v7e-m+dp/hard/libc_nano.a(lib_a-memset.o)
 .ARM.attributes
                0x000000000800d2f4       0x1e /usr/local/Caskroom/gcc-arm-embedded/10-2020-q4-major/gcc-arm-none-eabi-10-2020-q4-major/bin/../lib/gcc/arm-none-eabi/10.2.1/thumb/v7e-m+dp/hard/libgcc.a(_arm_addsubdf3.o)
 .ARM.attributes
                0x000000000800d312       0x1e /usr/local/Caskroom/gcc-arm-embedded/10-2020-q4-major/gcc-arm-none-eabi-10-2020-q4-major/bin/../lib/gcc/arm-none-eabi/10.2.1/thumb/v7e-m+dp/hard/crtn.o

.preinit_array  0x000000000800c850        0x0
                0x000000000800c850                PROVIDE (__preinit_array_start = .)
 *(.preinit_array*)
                0x000000000800c850                PROVIDE (__preinit_array_end = .)

.init_array     0x000000000800c850       0x18
                0x000000000800c850                PROVIDE (__init_array_start = .)
 *(SORT_BY_NAME(.init_array.*))
 *(.init_array*)
 .init_array    0x000000000800c850        0x4 /usr/local/Caskroom/gcc-arm-embedded/10-2020-q4-major/gcc-arm-none-eabi-10-2020-q4-major/bin/../lib/gcc/arm-none-eabi/10.2.1/thumb/v7e-m+dp/hard/crtbegin.o
 .init_array    0x000000000800c854        0x4 build/foreverAndADay.o
 .init_array    0x000000000800c858        0x4 ../libDaisy/build/libdaisy.a(daisy_petal.o)
 .init_array    0x000000000800c85c        0x4 ../libDaisy/build/libdaisy.a(audio.o)
 .init_array    0x000000000800c860        0x4 ../libDaisy/build/libdaisy.a(i2c.o)
 .init_array    0x000000000800c864        0x4 ../libDaisy/build/libdaisy.a(system.o)
                0x000000000800c868                PROVIDE (__init_array_end = .)

.fini_array     0x000000000800c868        0x4
                [!provide]                        PROVIDE (__fini_array_start = .)
 *(.fini_array*)
 .fini_array    0x000000000800c868        0x4 /usr/local/Caskroom/gcc-arm-embedded/10-2020-q4-major/gcc-arm-none-eabi-10-2020-q4-major/bin/../lib/gcc/arm-none-eabi/10.2.1/thumb/v7e-m+dp/hard/crtbegin.o
 *(SORT_BY_NAME(.fini_array.*))
                [!provide]                        PROVIDE (__fini_array_end = .)

.data           0x0000000024000000       0xc4 load address 0x000000000800c86c
                0x0000000024000000                . = ALIGN (0x4)
                0x0000000024000000                _sdata = .
                [!provide]                        PROVIDE (__data_start__ = _sdata)
 *(.data)
 .data          0x0000000024000000        0x4 /usr/local/Caskroom/gcc-arm-embedded/10-2020-q4-major/gcc-arm-none-eabi-10-2020-q4-major/bin/../lib/gcc/arm-none-eabi/10.2.1/thumb/v7e-m+dp/hard/crtbegin.o
                0x0000000024000000                __dso_handle
 *(.data*)
 .data._ZN5daisy9I2CHandle4Impl21queued_dma_transfers_E
                0x0000000024000004       0x48 ../libDaisy/build/libdaisy.a(i2c.o)
                0x0000000024000004                daisy::I2CHandle::Impl::queued_dma_transfers_
 .data.SystemCoreClock
                0x000000002400004c        0x4 ../libDaisy/build/libdaisy.a(system_stm32h7xx.o)
                0x000000002400004c                SystemCoreClock
 .data.SystemD2Clock
                0x0000000024000050        0x4 ../libDaisy/build/libdaisy.a(system_stm32h7xx.o)
                0x0000000024000050                SystemD2Clock
 .data.uwTickFreq
                0x0000000024000054        0x1 ../libDaisy/build/libdaisy.a(stm32h7xx_hal.o)
 *fill*         0x0000000024000055        0x3 
 .data.uwTickPrio
                0x0000000024000058        0x4 ../libDaisy/build/libdaisy.a(stm32h7xx_hal.o)
 .data.__fdlib_version
                0x000000002400005c        0x1 /usr/local/Caskroom/gcc-arm-embedded/10-2020-q4-major/gcc-arm-none-eabi-10-2020-q4-major/bin/../lib/gcc/arm-none-eabi/10.2.1/../../../../arm-none-eabi/lib/thumb/v7e-m+dp/hard/libm.a(lib_a-s_lib_ver.o)
                0x000000002400005c                __fdlib_version
 *fill*         0x000000002400005d        0x3 
 .data._impure_ptr
                0x0000000024000060        0x4 /usr/local/Caskroom/gcc-arm-embedded/10-2020-q4-major/gcc-arm-none-eabi-10-2020-q4-major/bin/../lib/gcc/arm-none-eabi/10.2.1/../../../../arm-none-eabi/lib/thumb/v7e-m+dp/hard/libc_nano.a(lib_a-impure.o)
                0x0000000024000060                _impure_ptr
 .data.impure_data
                0x0000000024000064       0x60 /usr/local/Caskroom/gcc-arm-embedded/10-2020-q4-major/gcc-arm-none-eabi-10-2020-q4-major/bin/../lib/gcc/arm-none-eabi/10.2.1/../../../../arm-none-eabi/lib/thumb/v7e-m+dp/hard/libc_nano.a(lib_a-impure.o)
                0x00000000240000c4                . = ALIGN (0x4)
                0x00000000240000c4                _edata = .
                [!provide]                        PROVIDE (__data_end__ = _edata)
                0x000000000800c86c                _sidata = LOADADDR (.data)

.igot.plt       0x00000000240000c4        0x0 load address 0x000000000800c930
 .igot.plt      0x00000000240000c4        0x0 /usr/local/Caskroom/gcc-arm-embedded/10-2020-q4-major/gcc-arm-none-eabi-10-2020-q4-major/bin/../lib/gcc/arm-none-eabi/10.2.1/thumb/v7e-m+dp/hard/crtbegin.o

.bss            0x00000000240000c8    0x61eb0 load address 0x000000000800c930
                0x00000000240000c8                . = ALIGN (0x4)
                0x00000000240000c8                _sbss = .
                0x00000000240000c8                PROVIDE (__bss_start__ = _sbss)
 *(.bss)
 .bss           0x00000000240000c8       0x1c /usr/local/Caskroom/gcc-arm-embedded/10-2020-q4-major/gcc-arm-none-eabi-10-2020-q4-major/bin/../lib/gcc/arm-none-eabi/10.2.1/thumb/v7e-m+dp/hard/crtbegin.o
 *(.bss*)
 .bss.effectBypass
                0x00000000240000e4        0x1 build/foreverAndADay.o
                0x00000000240000e4                effectBypass
 *fill*         0x00000000240000e5        0x3 
 .bss.hw        0x00000000240000e8      0x6d4 build/foreverAndADay.o
                0x00000000240000e8                hw
 .bss.knob1     0x00000000240007bc        0x4 build/foreverAndADay.o
                0x00000000240007bc                knob1
 .bss.knob2     0x00000000240007c0        0x4 build/foreverAndADay.o
                0x00000000240007c0                knob2
 .bss.knob3     0x00000000240007c4        0x4 build/foreverAndADay.o
                0x00000000240007c4                knob3
 .bss.knob4     0x00000000240007c8        0x4 build/foreverAndADay.o
                0x00000000240007c8                knob4
 .bss.knob5     0x00000000240007cc        0x4 build/foreverAndADay.o
                0x00000000240007cc                knob5
 .bss.knob6     0x00000000240007d0        0x4 build/foreverAndADay.o
                0x00000000240007d0                knob6
 .bss.led1      0x00000000240007d4       0x1c build/foreverAndADay.o
                0x00000000240007d4                led1
 .bss.led2      0x00000000240007f0       0x1c build/foreverAndADay.o
                0x00000000240007f0                led2
 .bss.verb      0x000000002400080c    0x60b44 build/foreverAndADay.o
                0x000000002400080c                verb
 .bss.wetMixSetting
                0x0000000024061350        0x4 build/foreverAndADay.o
                0x0000000024061350                wetMixSetting
 .bss.FMC_Initialized
                0x0000000024061354        0x4 ../libDaisy/build/libdaisy.a(sdram.o)
 .bss.dsy_sdram
                0x0000000024061358       0x3c ../libDaisy/build/libdaisy.a(sdram.o)
 .bss._ZN5daisyL12audio_handleE
                0x0000000024061394       0x30 ../libDaisy/build/libdaisy.a(audio.o)
 *fill*         0x00000000240613c4        0x4 
 .bss._ZL3adc   0x00000000240613c8      0x210 ../libDaisy/build/libdaisy.a(adc.o)
 .bss._ZN5daisy9I2CHandle4Impl14next_callback_E
                0x00000000240615d8        0x4 ../libDaisy/build/libdaisy.a(i2c.o)
                0x00000000240615d8                daisy::I2CHandle::Impl::next_callback_
 .bss._ZN5daisy9I2CHandle4Impl22dma_active_peripheral_E
                0x00000000240615dc        0x1 ../libDaisy/build/libdaisy.a(i2c.o)
                0x00000000240615dc                daisy::I2CHandle::Impl::dma_active_peripheral_
 *fill*         0x00000000240615dd        0x3 
 .bss._ZN5daisy9I2CHandle4Impl22next_callback_context_E
                0x00000000240615e0        0x4 ../libDaisy/build/libdaisy.a(i2c.o)
                0x00000000240615e0                daisy::I2CHandle::Impl::next_callback_context_
 .bss._ZN5daisyL11i2c_handlesE
                0x00000000240615e4      0x360 ../libDaisy/build/libdaisy.a(i2c.o)
 .bss.qspi_handle
                0x0000000024061944       0x54 ../libDaisy/build/libdaisy.a(qspi.o)
 .bss._ZN5daisyL11sai_handlesE
                0x0000000024061998      0x4b8 ../libDaisy/build/libdaisy.a(sai.o)
 .bss._ZN5daisy6System4tim_E
                0x0000000024061e50        0x4 ../libDaisy/build/libdaisy.a(system.o)
                0x0000000024061e50                daisy::System::tim_
 .bss.uwTick    0x0000000024061e54        0x4 ../libDaisy/build/libdaisy.a(stm32h7xx_hal.o)
 .bss._ZN5daisyL11tim_handlesE
                0x0000000024061e58      0x120 ../libDaisy/build/libdaisy.a(tim.o)
 *(COMMON)
                0x0000000024061f78                . = ALIGN (0x4)
                0x0000000024061f78                _ebss = .
                0x0000000024061f78                PROVIDE (__bss_end__ = _ebss)
                [!provide]                        PROVIDE (end = .)

.dtcmram_bss    0x0000000020000000        0x0
                0x0000000020000000                . = ALIGN (0x4)
                0x0000000020000000                _sdtcmram_bss = .
                [!provide]                        PROVIDE (__dtcmram_bss_start__ = _sdtcmram_bss)
 *(.dtcmram_bss)
 *(.dtcmram_bss*)
                0x0000000020000000                . = ALIGN (0x4)
                0x0000000020000000                _edtcmram_bss = .
                [!provide]                        PROVIDE (__dtcmram_bss_end__ = _edtcmram_bss)

.sram1_bss      0x0000000030000000     0x4220
                0x0000000030000000                . = ALIGN (0x4)
                0x0000000030000000                _ssram1_bss = .
                [!provide]                        PROVIDE (__sram1_bss_start__ = _sram1_bss)
 *(.sram1_bss)
 .sram1_bss     0x0000000030000000      0x106 ../libDaisy/build/libdaisy.a(daisy_petal.o)
 *fill*         0x0000000030000106        0x2 
 .sram1_bss     0x0000000030000108     0x4000 ../libDaisy/build/libdaisy.a(audio.o)
 .sram1_bss     0x0000000030004108      0x118 ../libDaisy/build/libdaisy.a(adc.o)
 *(.sram1_bss*)
                0x0000000030004220                . = ALIGN (0x4)
                0x0000000030004220                _esram1_bss = .
                [!provide]                        PROVIDE (__sram1_bss_end__ = _esram1_bss)

.sdram_bss      0x00000000c0000000        0x0
                0x00000000c0000000                . = ALIGN (0x4)
                0x00000000c0000000                _ssdram_bss = .
                [!provide]                        PROVIDE (__sdram_bss_start = _ssdram_bss)
 *(.sdram_bss)
 *(.sdram_bss*)
                0x00000000c0000000                . = ALIGN (0x4)
                0x00000000c0000000                _esdram_bss = .
                [!provide]                        PROVIDE (__sdram_bss_end = _esdram_bss)

.qspiflash_text
                0x0000000090000000        0x0
                0x0000000090000000                . = ALIGN (0x4)
                0x0000000090000000                _sqspiflash_text = .
                [!provide]                        PROVIDE (__qspiflash_text_start = _sqspiflash_text)
 *(.qspiflash_text)
 *(.qspiflash_text*)
                0x0000000090000000                . = ALIGN (0x4)
                0x0000000090000000                _eqspiflash_text = .
                [!provide]                        PROVIDE (__qspiflash_text_end = _eqspiflash_text)

.qspiflash_data
                0x0000000090000000        0x0
                0x0000000090000000                . = ALIGN (0x4)
                0x0000000090000000                _sqspiflash_data = .
                [!provide]                        PROVIDE (__qspiflash_data_start = _sqspiflash_data)
 *(.qspiflash_data)
 *(.qspiflash_data*)
                0x0000000090000000                . = ALIGN (0x4)
                0x0000000090000000                _eqspiflash_data = .
                [!provide]                        PROVIDE (__qspiflash_data_end = _eqspiflash_data)

.qspiflash_bss  0x0000000090000000        0x0
                0x0000000090000000                . = ALIGN (0x4)
                0x0000000090000000                _sqspiflash_bss = .
                [!provide]                        PROVIDE (__qspiflash_bss_start = _sqspiflash_bss)
 *(.qspiflash_bss)
 *(.qspiflash_bss*)
                0x0000000090000000                . = ALIGN (0x4)
                0x0000000090000000                _eqspiflash_bss = .
                [!provide]                        PROVIDE (__qspiflash_bss_end = _eqspiflash_bss)

.heap           0x0000000024061f78        0x0
                0x0000000024061f78                . = ALIGN (0x4)
                [!provide]                        PROVIDE (__heap_start__ = .)
 *(.heap)
                0x0000000024061f78                . = ALIGN (0x4)
                [!provide]                        PROVIDE (__heap_end__ = .)

.reserved_for_stack
                0x0000000024061f78        0x0
                0x0000000024061f78                . = ALIGN (0x4)
                [!provide]                        PROVIDE (__reserved_for_stack_start__ = .)
 *(.reserved_for_stack)
                0x0000000024061f78                . = ALIGN (0x4)
                [!provide]                        PROVIDE (__reserved_for_stack_end__ = .)

DISCARD
 libc.a(*)
 libm.a(*)
 libgcc.a(*)
OUTPUT(build/forever-and-a-day.elf elf32-littlearm)
LOAD linker stubs
LOAD /usr/local/Caskroom/gcc-arm-embedded/10-2020-q4-major/gcc-arm-none-eabi-10-2020-q4-major/bin/../lib/gcc/arm-none-eabi/10.2.1/../../../../arm-none-eabi/lib/thumb/v7e-m+dp/hard/libc.a
LOAD /usr/local/Caskroom/gcc-arm-embedded/10-2020-q4-major/gcc-arm-none-eabi-10-2020-q4-major/bin/../lib/gcc/arm-none-eabi/10.2.1/../../../../arm-none-eabi/lib/thumb/v7e-m+dp/hard/libm.a
LOAD /usr/local/Caskroom/gcc-arm-embedded/10-2020-q4-major/gcc-arm-none-eabi-10-2020-q4-major/bin/../lib/gcc/arm-none-eabi/10.2.1/thumb/v7e-m+dp/hard/libgcc.a
