Archive member included to satisfy reference by file (symbol)

../libDaisy/build/libdaisy.a(daisy_petal.o)
                              build/hither-and-yon.o (daisy::DaisyPetal::StartAudio(void (*)(float const*, float*, unsigned int)))
../libDaisy/build/libdaisy.a(daisy_seed.o)
                              ../libDaisy/build/libdaisy.a(daisy_petal.o) (daisy::DaisySeed::Configure())
../libDaisy/build/libdaisy.a(codec_ak4556.o)
                              ../libDaisy/build/libdaisy.a(daisy_seed.o) (daisy::Ak4556::Init(dsy_gpio_pin))
../libDaisy/build/libdaisy.a(sdram.o)
                              ../libDaisy/build/libdaisy.a(daisy_seed.o) (dsy_sdram_init)
../libDaisy/build/libdaisy.a(audio.o)
                              ../libDaisy/build/libdaisy.a(daisy_seed.o) (daisy::AudioHandle::Init(daisy::AudioHandle::Config const&, daisy::SaiHandle))
../libDaisy/build/libdaisy.a(ctrl.o)
                              ../libDaisy/build/libdaisy.a(daisy_petal.o) (daisy::AnalogControl::Init(unsigned short*, float, bool, bool, float))
../libDaisy/build/libdaisy.a(encoder.o)
                              ../libDaisy/build/libdaisy.a(daisy_petal.o) (daisy::Encoder::Init(dsy_gpio_pin, dsy_gpio_pin, dsy_gpio_pin, float))
../libDaisy/build/libdaisy.a(led.o)
                              build/hither-and-yon.o (daisy::Led::Init(dsy_gpio_pin, bool, float))
../libDaisy/build/libdaisy.a(switch.o)
                              ../libDaisy/build/libdaisy.a(daisy_petal.o) (daisy::Switch::Init(dsy_gpio_pin, float))
../libDaisy/build/libdaisy.a(adc.o)
                              ../libDaisy/build/libdaisy.a(daisy_petal.o) (daisy::AdcChannelConfig::InitSingle(dsy_gpio_pin))
../libDaisy/build/libdaisy.a(gpio.o)
                              ../libDaisy/build/libdaisy.a(daisy_petal.o) (dsy_gpio_init)
../libDaisy/build/libdaisy.a(i2c.o)
                              ../libDaisy/build/libdaisy.a(daisy_petal.o) (daisy::I2CHandle::Init(daisy::I2CHandle::Config const&))
../libDaisy/build/libdaisy.a(qspi.o)
                              ../libDaisy/build/libdaisy.a(daisy_seed.o) (dsy_qspi_init)
../libDaisy/build/libdaisy.a(sai.o)
                              ../libDaisy/build/libdaisy.a(daisy_seed.o) (daisy::SaiHandle::Init(daisy::SaiHandle::Config const&))
../libDaisy/build/libdaisy.a(system.o)
                              ../libDaisy/build/libdaisy.a(daisy_petal.o) (daisy::System::Delay(unsigned long))
../libDaisy/build/libdaisy.a(system_stm32h7xx.o)
                              build/startup_stm32h750xx.o (SystemInit)
../libDaisy/build/libdaisy.a(hal_map.o)
                              ../libDaisy/build/libdaisy.a(sdram.o) (dsy_hal_map_get_port)
../libDaisy/build/libdaisy.a(stm32h7xx_hal.o)
                              ../libDaisy/build/libdaisy.a(system.o) (HAL_Init)
../libDaisy/build/libdaisy.a(stm32h7xx_hal_adc.o)
                              ../libDaisy/build/libdaisy.a(adc.o) (HAL_ADC_ConfigChannel)
../libDaisy/build/libdaisy.a(stm32h7xx_hal_adc_ex.o)
                              ../libDaisy/build/libdaisy.a(adc.o) (HAL_ADCEx_Calibration_Start)
../libDaisy/build/libdaisy.a(stm32h7xx_hal_cortex.o)
                              ../libDaisy/build/libdaisy.a(stm32h7xx_hal.o) (HAL_NVIC_SetPriorityGrouping)
../libDaisy/build/libdaisy.a(stm32h7xx_hal_dma.o)
                              ../libDaisy/build/libdaisy.a(adc.o) (HAL_DMA_Init)
../libDaisy/build/libdaisy.a(stm32h7xx_hal_gpio.o)
                              ../libDaisy/build/libdaisy.a(sdram.o) (HAL_GPIO_Init)
../libDaisy/build/libdaisy.a(stm32h7xx_hal_i2c.o)
                              ../libDaisy/build/libdaisy.a(i2c.o) (HAL_I2C_Init)
../libDaisy/build/libdaisy.a(stm32h7xx_hal_i2c_ex.o)
                              ../libDaisy/build/libdaisy.a(i2c.o) (HAL_I2CEx_ConfigAnalogFilter)
../libDaisy/build/libdaisy.a(stm32h7xx_hal_pwr_ex.o)
                              ../libDaisy/build/libdaisy.a(system.o) (HAL_PWREx_ConfigSupply)
../libDaisy/build/libdaisy.a(stm32h7xx_hal_qspi.o)
                              ../libDaisy/build/libdaisy.a(qspi.o) (HAL_QSPI_Init)
../libDaisy/build/libdaisy.a(stm32h7xx_hal_rcc.o)
                              ../libDaisy/build/libdaisy.a(system.o) (HAL_RCC_OscConfig)
../libDaisy/build/libdaisy.a(stm32h7xx_hal_rcc_ex.o)
                              ../libDaisy/build/libdaisy.a(system.o) (HAL_RCCEx_PeriphCLKConfig)
../libDaisy/build/libdaisy.a(stm32h7xx_hal_sai.o)
                              ../libDaisy/build/libdaisy.a(sai.o) (HAL_SAI_InitProtocol)
../libDaisy/build/libdaisy.a(stm32h7xx_hal_sdram.o)
                              ../libDaisy/build/libdaisy.a(sdram.o) (HAL_SDRAM_Init)
../libDaisy/build/libdaisy.a(stm32h7xx_ll_fmc.o)
                              ../libDaisy/build/libdaisy.a(stm32h7xx_hal_sdram.o) (FMC_SDRAM_Init)
../libDaisy/build/libdaisy.a(tim.o)
                              ../libDaisy/build/libdaisy.a(system.o) (daisy::TimerHandle::Init(daisy::TimerHandle::Config const&))
../libDaisy/build/libdaisy.a(dma.o)
[...]
Memory Configuration

Name             Origin             Length             Attributes
FLASH            0x0000000008000000 0x0000000000020000 xr
DTCMRAM          0x0000000020000000 0x0000000000020000 xrw
SRAM             0x0000000024000000 0x0000000000080000 xrw
RAM_D2           0x0000000030000000 0x0000000000048000 xrw
RAM_D3           0x0000000038000000 0x0000000000010000 xrw
ITCMRAM          0x0000000000000000 0x0000000000010000 xrw
SDRAM            0x00000000c0000000 0x0000000004000000 xrw
QSPIFLASH        0x0000000090000000 0x0000000000800000 xr
*default*        0x0000000000000000 0xffffffffffffffff

Linker script and memory map

LOAD /usr/local/Caskroom/gcc-arm-embedded/10-2020-q4-major/gcc-arm-none-eabi-10-2020-q4-major/bin/../lib/gcc/arm-none-eabi/10.2.1/thumb/v7e-m+dp/hard/crti.o
LOAD /usr/local/Caskroom/gcc-arm-embedded/10-2020-q4-major/gcc-arm-none-eabi-10-2020-q4-major/bin/../lib/gcc/arm-none-eabi/10.2.1/thumb/v7e-m+dp/hard/crtbegin.o
LOAD /usr/local/Caskroom/gcc-arm-embedded/10-2020-q4-major/gcc-arm-none-eabi-10-2020-q4-major/bin/../lib/gcc/arm-none-eabi/10.2.1/../../../../arm-none-eabi/lib/thumb/v7e-m+dp/hard/crt0.o
LOAD build/startup_stm32h750xx.o
LOAD build/vibrato.o
LOAD build/tapesaturator.o
LOAD build/scale.o
LOAD build/slewLimiter.o
LOAD build/hither-and-yon.o
LOAD ../libDaisy/build/libdaisy.a
LOAD /usr/local/Caskroom/gcc-arm-embedded/10-2020-q4-major/gcc-arm-none-eabi-10-2020-q4-major/bin/../lib/gcc/arm-none-eabi/10.2.1/../../../../arm-none-eabi/lib/thumb/v7e-m+dp/hard/libnosys.a
LOAD ../DaisySP/build/libdaisysp.a
LOAD /usr/local/Caskroom/gcc-arm-embedded/10-2020-q4-major/gcc-arm-none-eabi-10-2020-q4-major/bin/../lib/gcc/arm-none-eabi/10.2.1/../../../../arm-none-eabi/lib/thumb/v7e-m+dp/hard/libstdc++_nano.a
LOAD /usr/local/Caskroom/gcc-arm-embedded/10-2020-q4-major/gcc-arm-none-eabi-10-2020-q4-major/bin/../lib/gcc/arm-none-eabi/10.2.1/../../../../arm-none-eabi/lib/thumb/v7e-m+dp/hard/libm.a
LOAD /usr/local/Caskroom/gcc-arm-embedded/10-2020-q4-major/gcc-arm-none-eabi-10-2020-q4-major/bin/../lib/gcc/arm-none-eabi/10.2.1/../../../../arm-none-eabi/lib/thumb/v7e-m+dp/hard/libc_nano.a
START GROUP
LOAD /usr/local/Caskroom/gcc-arm-embedded/10-2020-q4-major/gcc-arm-none-eabi-10-2020-q4-major/bin/../lib/gcc/arm-none-eabi/10.2.1/thumb/v7e-m+dp/hard/libgcc.a
LOAD /usr/local/Caskroom/gcc-arm-embedded/10-2020-q4-major/gcc-arm-none-eabi-10-2020-q4-major/bin/../lib/gcc/arm-none-eabi/10.2.1/../../../../arm-none-eabi/lib/thumb/v7e-m+dp/hard/libc_nano.a
END GROUP
START GROUP
LOAD /usr/local/Caskroom/gcc-arm-embedded/10-2020-q4-major/gcc-arm-none-eabi-10-2020-q4-major/bin/../lib/gcc/arm-none-eabi/10.2.1/thumb/v7e-m+dp/hard/libgcc.a
LOAD /usr/local/Caskroom/gcc-arm-embedded/10-2020-q4-major/gcc-arm-none-eabi-10-2020-q4-major/bin/../lib/gcc/arm-none-eabi/10.2.1/../../../../arm-none-eabi/lib/thumb/v7e-m+dp/hard/libc_nano.a
LOAD /usr/local/Caskroom/gcc-arm-embedded/10-2020-q4-major/gcc-arm-none-eabi-10-2020-q4-major/bin/../lib/gcc/arm-none-eabi/10.2.1/../../../../arm-none-eabi/lib/thumb/v7e-m+dp/hard/libnosys.a
END GROUP
START GROUP
LOAD /usr/local/Caskroom/gcc-arm-embedded/10-2020-q4-major/gcc-arm-none-eabi-10-2020-q4-major/bin/../lib/gcc/arm-none-eabi/10.2.1/thumb/v7e-m+dp/hard/libgcc.a
LOAD /usr/local/Caskroom/gcc-arm-embedded/10-2020-q4-major/gcc-arm-none-eabi-10-2020-q4-major/bin/../lib/gcc/arm-none-eabi/10.2.1/../../../../arm-none-eabi/lib/thumb/v7e-m+dp/hard/libc_nano.a
LOAD /usr/local/Caskroom/gcc-arm-embedded/10-2020-q4-major/gcc-arm-none-eabi-10-2020-q4-major/bin/../lib/gcc/arm-none-eabi/10.2.1/../../../../arm-none-eabi/lib/thumb/v7e-m+dp/hard/libnosys.a
END GROUP
LOAD /usr/local/Caskroom/gcc-arm-embedded/10-2020-q4-major/gcc-arm-none-eabi-10-2020-q4-major/bin/../lib/gcc/arm-none-eabi/10.2.1/thumb/v7e-m+dp/hard/crtend.o
LOAD /usr/local/Caskroom/gcc-arm-embedded/10-2020-q4-major/gcc-arm-none-eabi-10-2020-q4-major/bin/../lib/gcc/arm-none-eabi/10.2.1/thumb/v7e-m+dp/hard/crtn.o
                0x0000000020020000                _estack = 0x20020000

.isr_vector     0x0000000008000000      0x298
                0x0000000008000000                . = ALIGN (0x4)
 *(.isr_vector)
 .isr_vector    0x0000000008000000      0x298 build/startup_stm32h750xx.o
                0x0000000008000000                g_pfnVectors
                0x0000000008000298                . = ALIGN (0x4)

.text           0x0000000008000298     0xba88
                0x0000000008000298                . = ALIGN (0x4)
                0x0000000008000298                _stext = .
 *(.text)
 .text          0x0000000008000298       0x40 /usr/local/Caskroom/gcc-arm-embedded/10-2020-q4-major/gcc-arm-none-eabi-10-2020-q4-major/bin/../lib/gcc/arm-none-eabi/10.2.1/thumb/v7e-m+dp/hard/crtbegin.o
 *(.text*)
 .text.Default_Handler
                0x00000000080002d8        0x4 build/startup_stm32h750xx.o
                0x00000000080002d8                SAI1_IRQHandler
                0x00000000080002d8                HASH_RNG_IRQHandler
                0x00000000080002d8                EXTI2_IRQHandler
                0x00000000080002d8                TIM8_CC_IRQHandler
                0x00000000080002d8                HRTIM1_Master_IRQHandler
                0x00000000080002d8                DebugMon_Handler
                0x00000000080002d8                UART8_IRQHandler
                0x00000000080002d8                SPI4_IRQHandler
                0x00000000080002d8                TIM1_CC_IRQHandler
                0x00000000080002d8                BDMA_Channel6_IRQHandler
                0x00000000080002d8                DMA2_Stream5_IRQHandler
                0x00000000080002d8                HRTIM1_FLT_IRQHandler
                0x00000000080002d8                JPEG_IRQHandler
                0x00000000080002d8                DMA1_Stream5_IRQHandler
                0x00000000080002d8                BDMA_Channel1_IRQHandler
                0x00000000080002d8                HRTIM1_TIMD_IRQHandler
                0x00000000080002d8                TAMP_STAMP_IRQHandler
                0x00000000080002d8                PendSV_Handler
                0x00000000080002d8                NMI_Handler
                0x00000000080002d8                EXTI3_IRQHandler
                0x00000000080002d8                LPTIM4_IRQHandler
                0x00000000080002d8                TIM8_TRG_COM_TIM14_IRQHandler
                0x00000000080002d8                LPTIM2_IRQHandler
                0x00000000080002d8                DFSDM1_FLT1_IRQHandler
                0x00000000080002d8                DMAMUX2_OVR_IRQHandler
                0x00000000080002d8                TIM8_UP_TIM13_IRQHandler
                0x00000000080002d8                I2C3_ER_IRQHandler
                0x00000000080002d8                DFSDM1_FLT2_IRQHandler
                0x00000000080002d8                MDMA_IRQHandler
                0x00000000080002d8                LPTIM3_IRQHandler
                0x00000000080002d8                HSEM1_IRQHandler
                0x00000000080002d8                EXTI0_IRQHandler
                0x00000000080002d8                FPU_IRQHandler
                0x00000000080002d8                OTG_HS_WKUP_IRQHandler
                0x00000000080002d8                FDCAN1_IT1_IRQHandler
                0x00000000080002d8                UsageFault_Handler
                0x00000000080002d8                LTDC_ER_IRQHandler
                0x00000000080002d8                DMA2_Stream2_IRQHandler
                0x00000000080002d8                HRTIM1_TIME_IRQHandler
                0x00000000080002d8                SPI1_IRQHandler
                0x00000000080002d8                TIM6_DAC_IRQHandler
                0x00000000080002d8                DCMI_IRQHandler
                0x00000000080002d8                HRTIM1_TIMC_IRQHandler
                0x00000000080002d8                DMA2_Stream3_IRQHandler
                0x00000000080002d8                SAI2_IRQHandler
                0x00000000080002d8                DFSDM1_FLT3_IRQHandler
                0x00000000080002d8                USART6_IRQHandler
                0x00000000080002d8                TIM17_IRQHandler
                0x00000000080002d8                USART3_IRQHandler
                0x00000000080002d8                CRYP_IRQHandler
                0x00000000080002d8                BDMA_Channel7_IRQHandler
                0x00000000080002d8                LPTIM5_IRQHandler
                0x00000000080002d8                UART5_IRQHandler
                0x00000000080002d8                ADC3_IRQHandler
                0x00000000080002d8                DMA2_Stream0_IRQHandler
                0x00000000080002d8                TIM4_IRQHandler
                0x00000000080002d8                BDMA_Channel2_IRQHandler
                0x00000000080002d8                DMAMUX1_OVR_IRQHandler
                0x00000000080002d8                TIM16_IRQHandler
                0x00000000080002d8                UART4_IRQHandler
                0x00000000080002d8                BDMA_Channel5_IRQHandler
                0x00000000080002d8                TIM3_IRQHandler
                0x00000000080002d8                RCC_IRQHandler
                0x00000000080002d8                TIM8_BRK_TIM12_IRQHandler
                0x00000000080002d8                TIM1_TRG_COM_IRQHandler
                0x00000000080002d8                Default_Handler
                0x00000000080002d8                ECC_IRQHandler
                0x00000000080002d8                CEC_IRQHandler
                0x00000000080002d8                EXTI15_10_IRQHandler
                0x00000000080002d8                BDMA_Channel0_IRQHandler
                0x00000000080002d8                ADC_IRQHandler
                0x00000000080002d8                DMA1_Stream7_IRQHandler
                0x00000000080002d8                HRTIM1_TIMA_IRQHandler
                0x00000000080002d8                SPI5_IRQHandler
                0x00000000080002d8                TIM7_IRQHandler
                0x00000000080002d8                SDMMC1_IRQHandler
                0x00000000080002d8                TIM5_IRQHandler
                0x00000000080002d8                DMA2_Stream7_IRQHandler
                0x00000000080002d8                TIM15_IRQHandler
                0x00000000080002d8                PVD_AVD_IRQHandler
                0x00000000080002d8                EXTI9_5_IRQHandler
                0x00000000080002d8                RTC_WKUP_IRQHandler
                0x00000000080002d8                LTDC_IRQHandler
                0x00000000080002d8                SAI3_IRQHandler
                0x00000000080002d8                ETH_WKUP_IRQHandler
                0x00000000080002d8                SPDIF_RX_IRQHandler
                0x00000000080002d8                SPI2_IRQHandler
                0x00000000080002d8                OTG_HS_EP1_IN_IRQHandler
                0x00000000080002d8                MemManage_Handler
                0x00000000080002d8                SVC_Handler
                0x00000000080002d8                CRS_IRQHandler
                0x00000000080002d8                EXTI4_IRQHandler
                0x00000000080002d8                HRTIM1_TIMB_IRQHandler
                0x00000000080002d8                FDCAN2_IT1_IRQHandler
                0x00000000080002d8                ETH_IRQHandler
                0x00000000080002d8                TIM1_UP_IRQHandler
                0x00000000080002d8                BDMA_Channel4_IRQHandler
                0x00000000080002d8                OTG_HS_EP1_OUT_IRQHandler
                0x00000000080002d8                WWDG_IRQHandler
                0x00000000080002d8                SPI6_IRQHandler
                0x00000000080002d8                I2C4_EV_IRQHandler
                0x00000000080002d8                MDIOS_IRQHandler
                0x00000000080002d8                FDCAN2_IT0_IRQHandler
                0x00000000080002d8                LPUART1_IRQHandler
                0x00000000080002d8                FDCAN1_IT0_IRQHandler
                0x00000000080002d8                TIM2_IRQHandler
                0x00000000080002d8                OTG_FS_WKUP_IRQHandler
                0x00000000080002d8                OTG_HS_IRQHandler
                0x00000000080002d8                DMA2D_IRQHandler
                0x00000000080002d8                TIM1_BRK_IRQHandler
                0x00000000080002d8                EXTI1_IRQHandler
                0x00000000080002d8                SDMMC2_IRQHandler
                0x00000000080002d8                OTG_FS_EP1_OUT_IRQHandler
                0x00000000080002d8                BDMA_Channel3_IRQHandler
                0x00000000080002d8                UART7_IRQHandler
                0x00000000080002d8                MDIOS_WKUP_IRQHandler
                0x00000000080002d8                USART2_IRQHandler
                0x00000000080002d8                DFSDM1_FLT0_IRQHandler
                0x00000000080002d8                SAI4_IRQHandler
                0x00000000080002d8                I2C2_ER_IRQHandler
                0x00000000080002d8                DMA2_Stream1_IRQHandler
                0x00000000080002d8                FLASH_IRQHandler
                0x00000000080002d8                DMA2_Stream4_IRQHandler
                0x00000000080002d8                BusFault_Handler
                0x00000000080002d8                USART1_IRQHandler
                0x00000000080002d8                OTG_FS_IRQHandler
                0x00000000080002d8                SPI3_IRQHandler
                0x00000000080002d8                WAKEUP_PIN_IRQHandler
                0x00000000080002d8                OTG_FS_EP1_IN_IRQHandler
                0x00000000080002d8                I2C1_ER_IRQHandler
                0x00000000080002d8                FMC_IRQHandler
                0x00000000080002d8                FDCAN_CAL_IRQHandler
                0x00000000080002d8                SWPMI1_IRQHandler
                0x00000000080002d8                COMP1_IRQHandler
                0x00000000080002d8                LPTIM1_IRQHandler
                0x00000000080002d8                I2C4_ER_IRQHandler
                0x00000000080002d8                DMA2_Stream6_IRQHandler
                0x00000000080002d8                RTC_Alarm_IRQHandler
 .text.Reset_Handler
                0x00000000080002dc       0x44 build/startup_stm32h750xx.o
                0x00000000080002dc                Reset_Handler
 .text._ZN5daisy3LedD2Ev
                0x0000000008000320        0x4 build/hither-and-yon.o
                0x0000000008000320                daisy::Led::~Led()
                0x0000000008000320                daisy::Led::~Led()
 .text._ZN5daisy10DaisyPetalD2Ev
                0x0000000008000324        0x4 build/hither-and-yon.o
                0x0000000008000324                daisy::DaisyPetal::~DaisyPetal()
                0x0000000008000324                daisy::DaisyPetal::~DaisyPetal()
 .text._Z13UpdateButtonsv
                0x0000000008000328      0x114 build/hither-and-yon.o
                0x0000000008000328                UpdateButtons()
 .text._Z8Controlsv
                0x000000000800043c       0xc8 build/hither-and-yon.o
                0x000000000800043c                Controls()
 .text._Z11NextSamplesRfPKfj
                0x0000000008000504      0x2ec build/hither-and-yon.o
                0x0000000008000504                NextSamples(float&, float const*, unsigned int)
 .text._ZL13AudioCallbackPKfPfj
                0x00000000080007f0      0x12c build/hither-and-yon.o
 .text._Z11ResetBufferv
                0x000000000800091c       0x50 build/hither-and-yon.o
                0x000000000800091c                ResetBuffer()
 .text.startup.main
                0x000000000800096c       0xbc build/hither-and-yon.o
                0x000000000800096c                main
 .text.startup._GLOBAL__sub_I_hw
                0x0000000008000a28       0x5c build/hither-and-yon.o
 .text._ZN5daisy16LedDriverPca9685ILi2ELb1EE14TxCpltCallbackEPvNS_9I2CHandle6ResultE
                0x0000000008000a84       0x5c ../libDaisy/build/libdaisy.a(daisy_petal.o)
                0x0000000008000a84                daisy::LedDriverPca9685<2, true>::TxCpltCallback(void*, daisy::I2CHandle::Result)
 .text._ZN5daisy10DaisyPetal17SetHidUpdateRatesEv
                0x0000000008000ae0       0x80 ../libDaisy/build/libdaisy.a(daisy_petal.o)
                0x0000000008000ae0                daisy::DaisyPetal::SetHidUpdateRates()
 .text._ZN5daisy10DaisyPetal10StartAudioEPFvPKfPfjE
                0x0000000008000b60        0x4 ../libDaisy/build/libdaisy.a(daisy_petal.o)
                0x0000000008000b60                daisy::DaisyPetal::StartAudio(void (*)(float const*, float*, unsigned int))
 .text._ZN5daisy10DaisyPetal17SetAudioBlockSizeEj
                0x0000000008000b64       0x14 ../libDaisy/build/libdaisy.a(daisy_petal.o)
                0x0000000008000b64                daisy::DaisyPetal::SetAudioBlockSize(unsigned int)
 .text._ZN5daisy10DaisyPetal15AudioSampleRateEv
                0x0000000008000b78        0x4 ../libDaisy/build/libdaisy.a(daisy_petal.o)
                0x0000000008000b78                daisy::DaisyPetal::AudioSampleRate()
 .text._ZN5daisy10DaisyPetal8StartAdcEv
                0x0000000008000b7c        0x8 ../libDaisy/build/libdaisy.a(daisy_petal.o)
                0x0000000008000b7c                daisy::DaisyPetal::StartAdc()
 .text._ZN5daisy10DaisyPetal21ProcessAnalogControlsEv
                0x0000000008000b84       0x20 ../libDaisy/build/libdaisy.a(daisy_petal.o)
                0x0000000008000b84                daisy::DaisyPetal::ProcessAnalogControls()
 .text._ZN5daisy10DaisyPetal22ProcessDigitalControlsEv
                0x0000000008000ba4       0x20 ../libDaisy/build/libdaisy.a(daisy_petal.o)
                0x0000000008000ba4                daisy::DaisyPetal::ProcessDigitalControls()
 .text._ZN5daisy10DaisyPetal9ClearLedsEv
                0x0000000008000bc4      0x1ac ../libDaisy/build/libdaisy.a(daisy_petal.o)
                0x0000000008000bc4                daisy::DaisyPetal::ClearLeds()
 .text._ZN5daisy10DaisyPetal8InitLedsEv
                0x0000000008000d70      0x2c0 ../libDaisy/build/libdaisy.a(daisy_petal.o)
                0x0000000008000d70                daisy::DaisyPetal::InitLeds()
 .text._ZN5daisy10DaisyPetal18InitAnalogControlsEv
                0x0000000008001030      0x108 ../libDaisy/build/libdaisy.a(daisy_petal.o)
                0x0000000008001030                daisy::DaisyPetal::InitAnalogControls()
 .text._ZN5daisy10DaisyPetal4InitEb
                0x0000000008001138       0xb4 ../libDaisy/build/libdaisy.a(daisy_petal.o)
                0x0000000008001138                daisy::DaisyPetal::Init(bool)
 .text.startup._GLOBAL__sub_I__ZN5daisy10DaisyPetal4InitEb
                0x00000000080011ec       0x18 ../libDaisy/build/libdaisy.a(daisy_petal.o)
 .text._ZN5daisy9DaisySeed9ConfigureEv
                0x0000000008001204       0x4c ../libDaisy/build/libdaisy.a(daisy_seed.o)
                0x0000000008001204                daisy::DaisySeed::Configure()
 .text._ZN5daisy9DaisySeed6GetPinEh
                0x0000000008001250       0x2c ../libDaisy/build/libdaisy.a(daisy_seed.o)
                0x0000000008001250                daisy::DaisySeed::GetPin(unsigned char)
 .text._ZN5daisy9DaisySeed10StartAudioEPFvPKfPfjE
                0x000000000800127c        0x8 ../libDaisy/build/libdaisy.a(daisy_seed.o)
                0x000000000800127c                daisy::DaisySeed::StartAudio(void (*)(float const*, float*, unsigned int))
 .text._ZN5daisy9DaisySeed15AudioSampleRateEv
                0x0000000008001284        0x8 ../libDaisy/build/libdaisy.a(daisy_seed.o)
                0x0000000008001284                daisy::DaisySeed::AudioSampleRate()
 .text._ZN5daisy9DaisySeed17SetAudioBlockSizeEj
                0x000000000800128c       0x38 ../libDaisy/build/libdaisy.a(daisy_seed.o)
                0x000000000800128c                daisy::DaisySeed::SetAudioBlockSize(unsigned int)
 .text._ZNK5daisy9DaisySeed17AudioCallbackRateEv
                0x00000000080012c4        0x8 ../libDaisy/build/libdaisy.a(daisy_seed.o)
                0x00000000080012c4                daisy::DaisySeed::AudioCallbackRate() const
 *fill*         0x00000000080012cc        0x4 
 .text._ZN5daisy9DaisySeed14ConfigureAudioEv
                0x00000000080012d0       0x78 ../libDaisy/build/libdaisy.a(daisy_seed.o)
                0x00000000080012d0                daisy::DaisySeed::ConfigureAudio()
 .text._ZN5daisy9DaisySeed4InitEb
                0x0000000008001348       0x7c ../libDaisy/build/libdaisy.a(daisy_seed.o)
                0x0000000008001348                daisy::DaisySeed::Init(bool)
 .text._ZN5daisy6Ak45564InitE12dsy_gpio_pin
                0x00000000080013c4       0x44 ../libDaisy/build/libdaisy.a(codec_ak4556.o)
                0x00000000080013c4                daisy::Ak4556::Init(dsy_gpio_pin)
 .text.dsy_sdram_init
                0x0000000008001408      0x108 ../libDaisy/build/libdaisy.a(sdram.o)
                0x0000000008001408                dsy_sdram_init
 .text.HAL_SDRAM_MspInit
                0x0000000008001510      0x1d0 ../libDaisy/build/libdaisy.a(sdram.o)
                0x0000000008001510                HAL_SDRAM_MspInit
 .text._ZN5daisy11AudioHandle4Impl16InternalCallbackEPlS2_j
                0x00000000080016e0      0xbbc ../libDaisy/build/libdaisy.a(audio.o)
                0x00000000080016e0                daisy::AudioHandle::Impl::InternalCallback(long*, long*, unsigned int)
 .text._ZN5daisy11AudioHandle4InitERKNS0_6ConfigENS_9SaiHandleE
                0x000000000800229c       0x64 ../libDaisy/build/libdaisy.a(audio.o)
                0x000000000800229c                daisy::AudioHandle::Init(daisy::AudioHandle::Config const&, daisy::SaiHandle)
 .text._ZNK5daisy11AudioHandle9GetConfigEv
                0x0000000008002300        0x8 ../libDaisy/build/libdaisy.a(audio.o)
                0x0000000008002300                daisy::AudioHandle::GetConfig() const
 .text._ZN5daisy11AudioHandle12SetBlockSizeEj
                0x0000000008002308       0x1c ../libDaisy/build/libdaisy.a(audio.o)
                0x0000000008002308                daisy::AudioHandle::SetBlockSize(unsigned int)
 .text._ZN5daisy11AudioHandle13GetSampleRateEv
                0x0000000008002324        0x8 ../libDaisy/build/libdaisy.a(audio.o)
                0x0000000008002324                daisy::AudioHandle::GetSampleRate()
 .text._ZN5daisy11AudioHandle5StartEPFvPKfPfjE
                0x000000000800232c       0x2c ../libDaisy/build/libdaisy.a(audio.o)
                0x000000000800232c                daisy::AudioHandle::Start(void (*)(float const*, float*, unsigned int))
 .text.startup._GLOBAL__sub_I__ZN5daisy11AudioHandle4Impl4InitENS0_6ConfigENS_9SaiHandleE
                0x0000000008002358       0x10 ../libDaisy/build/libdaisy.a(audio.o)
 .text._ZN5daisy13AnalogControl4InitEPtfbbf
                0x0000000008002368       0x3c ../libDaisy/build/libdaisy.a(ctrl.o)
                0x0000000008002368                daisy::AnalogControl::Init(unsigned short*, float, bool, bool, float)
 .text._ZN5daisy13AnalogControl7ProcessEv
                0x00000000080023a4       0x48 ../libDaisy/build/libdaisy.a(ctrl.o)
                0x00000000080023a4                daisy::AnalogControl::Process()
 .text._ZN5daisy13AnalogControl13SetSampleRateEf
                0x00000000080023ec       0x30 ../libDaisy/build/libdaisy.a(ctrl.o)
                0x00000000080023ec                daisy::AnalogControl::SetSampleRate(float)
 .text._ZN5daisy7Encoder4InitE12dsy_gpio_pinS1_S1_f
                0x000000000800241c       0x4c ../libDaisy/build/libdaisy.a(encoder.o)
                0x000000000800241c                daisy::Encoder::Init(dsy_gpio_pin, dsy_gpio_pin, dsy_gpio_pin, float)
 .text._ZN5daisy7Encoder8DebounceEv
                0x0000000008002468       0x60 ../libDaisy/build/libdaisy.a(encoder.o)
                0x0000000008002468                daisy::Encoder::Debounce()
 .text._ZN5daisy3Led4InitE12dsy_gpio_pinbf
                0x00000000080024c8       0x48 ../libDaisy/build/libdaisy.a(led.o)
                0x00000000080024c8                daisy::Led::Init(dsy_gpio_pin, bool, float)
 .text._ZN5daisy3Led3SetEf
                0x0000000008002510       0x24 ../libDaisy/build/libdaisy.a(led.o)
                0x0000000008002510                daisy::Led::Set(float)
 .text._ZN5daisy3Led6UpdateEv
                0x0000000008002534       0x48 ../libDaisy/build/libdaisy.a(led.o)
                0x0000000008002534                daisy::Led::Update()
 .text._ZN5daisy6Switch4InitE12dsy_gpio_pinf
                0x000000000800257c       0x3c ../libDaisy/build/libdaisy.a(switch.o)
                0x000000000800257c                daisy::Switch::Init(dsy_gpio_pin, float)
 .text._ZN5daisy6Switch8DebounceEv
                0x00000000080025b8       0x4c ../libDaisy/build/libdaisy.a(switch.o)
                0x00000000080025b8                daisy::Switch::Debounce()
 .text._ZN5daisy16AdcChannelConfig10InitSingleE12dsy_gpio_pin
                0x0000000008002604       0x1c ../libDaisy/build/libdaisy.a(adc.o)
                0x0000000008002604                daisy::AdcChannelConfig::InitSingle(dsy_gpio_pin)
 .text._ZN5daisy9AdcHandle4InitEPNS_16AdcChannelConfigEjNS0_12OverSamplingE
                0x0000000008002620      0x3c8 ../libDaisy/build/libdaisy.a(adc.o)
                0x0000000008002620                daisy::AdcHandle::Init(daisy::AdcChannelConfig*, unsigned int, daisy::AdcHandle::OverSampling)
 .text._ZN5daisy9AdcHandle5StartEv
                0x00000000080029e8       0x2c ../libDaisy/build/libdaisy.a(adc.o)
                0x00000000080029e8                daisy::AdcHandle::Start()
 .text._ZNK5daisy9AdcHandle6GetPtrEh
                0x0000000008002a14       0x14 ../libDaisy/build/libdaisy.a(adc.o)
                0x0000000008002a14                daisy::AdcHandle::GetPtr(unsigned char) const
 .text.HAL_ADC_MspInit
                0x0000000008002a28       0x98 ../libDaisy/build/libdaisy.a(adc.o)
                0x0000000008002a28                HAL_ADC_MspInit
 .text.DMA1_Stream2_IRQHandler
                0x0000000008002ac0        0xc ../libDaisy/build/libdaisy.a(adc.o)
                0x0000000008002ac0                DMA1_Stream2_IRQHandler
 .text.HAL_ADC_ConvCpltCallback
                0x0000000008002acc      0x148 ../libDaisy/build/libdaisy.a(adc.o)
                0x0000000008002acc                HAL_ADC_ConvCpltCallback
 .text.HAL_ADC_ErrorCallback
                0x0000000008002c14        0x4 ../libDaisy/build/libdaisy.a(adc.o)
                0x0000000008002c14                HAL_ADC_ErrorCallback
 .text.dsy_gpio_init
                0x0000000008002c18      0x1b8 ../libDaisy/build/libdaisy.a(gpio.o)
                0x0000000008002c18                dsy_gpio_init
 .text.dsy_gpio_read
                0x0000000008002dd0       0x1c ../libDaisy/build/libdaisy.a(gpio.o)
                0x0000000008002dd0                dsy_gpio_read
 .text.dsy_gpio_write
                0x0000000008002dec       0x24 ../libDaisy/build/libdaisy.a(gpio.o)
                0x0000000008002dec                dsy_gpio_write
 .text._ZN5daisy9I2CHandle4Impl20StartDmaTransmissionEtPhtPFvPvNS0_6ResultEES3_
                0x0000000008002e10       0xe8 ../libDaisy/build/libdaisy.a(i2c.o)
                0x0000000008002e10                daisy::I2CHandle::Impl::StartDmaTransmission(unsigned short, unsigned char*, unsigned short, void (*)(void*, daisy::I2CHandle::Result), void*)
 .text._ZN5daisy9I2CHandle4Impl17StartDmaReceptionEtPhtPFvPvNS0_6ResultEES3_
                0x0000000008002ef8       0xe4 ../libDaisy/build/libdaisy.a(i2c.o)
                0x0000000008002ef8                daisy::I2CHandle::Impl::StartDmaReception(unsigned short, unsigned char*, unsigned short, void (*)(void*, daisy::I2CHandle::Result), void*)
 .text._ZN5daisy9I2CHandle4Impl8InitPinsEv
                0x0000000008002fdc       0x58 ../libDaisy/build/libdaisy.a(i2c.o)
                0x0000000008002fdc                daisy::I2CHandle::Impl::InitPins()
 .text.HAL_I2C_MspInit
                0x0000000008003034      0x1b4 ../libDaisy/build/libdaisy.a(i2c.o)
                0x0000000008003034                HAL_I2C_MspInit
 .text.dsy_i2c_global_init
                0x00000000080031e8       0x78 ../libDaisy/build/libdaisy.a(i2c.o)
                0x00000000080031e8                dsy_i2c_global_init
 .text.DMA1_Stream6_IRQHandler
                0x0000000008003260       0x34 ../libDaisy/build/libdaisy.a(i2c.o)
                0x0000000008003260                DMA1_Stream6_IRQHandler
 .text.I2C1_EV_IRQHandler
                0x0000000008003294        0xc ../libDaisy/build/libdaisy.a(i2c.o)
                0x0000000008003294                I2C1_EV_IRQHandler
 .text.I2C2_EV_IRQHandler
                0x00000000080032a0        0xc ../libDaisy/build/libdaisy.a(i2c.o)
                0x00000000080032a0                I2C2_EV_IRQHandler
 .text.I2C3_EV_IRQHandler
                0x00000000080032ac        0xc ../libDaisy/build/libdaisy.a(i2c.o)
                0x00000000080032ac                I2C3_EV_IRQHandler
 .text.HAL_I2C_MasterTxCpltCallback
                0x00000000080032b8       0x94 ../libDaisy/build/libdaisy.a(i2c.o)
                0x00000000080032b8                HAL_I2C_MasterTxCpltCallback
 .text.HAL_I2C_MasterRxCpltCallback
                0x000000000800334c       0x94 ../libDaisy/build/libdaisy.a(i2c.o)
                0x000000000800334c                HAL_I2C_MasterRxCpltCallback
 .text.HAL_I2C_SlaveTxCpltCallback
                0x00000000080033e0       0x94 ../libDaisy/build/libdaisy.a(i2c.o)
                0x00000000080033e0                HAL_I2C_SlaveTxCpltCallback
 .text.HAL_I2C_SlaveRxCpltCallback
                0x0000000008003474       0x94 ../libDaisy/build/libdaisy.a(i2c.o)
                0x0000000008003474                HAL_I2C_SlaveRxCpltCallback
 .text.HAL_I2C_ErrorCallback
                0x0000000008003508       0x9c ../libDaisy/build/libdaisy.a(i2c.o)
                0x0000000008003508                HAL_I2C_ErrorCallback
 .text._ZN5daisy9I2CHandle4InitERKNS0_6ConfigE
                0x00000000080035a4      0x12c ../libDaisy/build/libdaisy.a(i2c.o)
                0x00000000080035a4                daisy::I2CHandle::Init(daisy::I2CHandle::Config const&)
 .text._ZNK5daisy9I2CHandle9GetConfigEv
                0x00000000080036d0        0x4 ../libDaisy/build/libdaisy.a(i2c.o)
                0x00000000080036d0                daisy::I2CHandle::GetConfig() const
 .text._ZN5daisy9I2CHandle16TransmitBlockingEtPhtm
                0x00000000080036d4       0x50 ../libDaisy/build/libdaisy.a(i2c.o)
                0x00000000080036d4                daisy::I2CHandle::TransmitBlocking(unsigned short, unsigned char*, unsigned short, unsigned long)
 .text._ZN5daisy9I2CHandle11TransmitDmaEtPhtPFvPvNS0_6ResultEES2_
                0x0000000008003724       0x64 ../libDaisy/build/libdaisy.a(i2c.o)
                0x0000000008003724                daisy::I2CHandle::TransmitDma(unsigned short, unsigned char*, unsigned short, void (*)(void*, daisy::I2CHandle::Result), void*)
 .text.startup._GLOBAL__sub_I__ZN5daisy9I2CHandle4Impl10GlobalInitEv
                0x0000000008003788       0x18 ../libDaisy/build/libdaisy.a(i2c.o)
 .text.dsy_qspi_init
                0x00000000080037a0      0x388 ../libDaisy/build/libdaisy.a(qspi.o)
                0x00000000080037a0                dsy_qspi_init
 .text.HAL_QSPI_MspInit
                0x0000000008003b28      0x10c ../libDaisy/build/libdaisy.a(qspi.o)
                0x0000000008003b28                HAL_QSPI_MspInit
 .text.HAL_QSPI_MspDeInit
                0x0000000008003c34       0x58 ../libDaisy/build/libdaisy.a(qspi.o)
                0x0000000008003c34                HAL_QSPI_MspDeInit
 .text.QUADSPI_IRQHandler
                0x0000000008003c8c        0xc ../libDaisy/build/libdaisy.a(qspi.o)
                0x0000000008003c8c                QUADSPI_IRQHandler
 .text._ZN5daisy9SaiHandle4Impl7InitDmaENS1_15PeripheralBlockE
                0x0000000008003c98       0xa0 ../libDaisy/build/libdaisy.a(sai.o)
                0x0000000008003c98                daisy::SaiHandle::Impl::InitDma(daisy::SaiHandle::Impl::PeripheralBlock)
 .text._ZN5daisy9SaiHandle4Impl8InitPinsEv
                0x0000000008003d38       0xa8 ../libDaisy/build/libdaisy.a(sai.o)
                0x0000000008003d38                daisy::SaiHandle::Impl::InitPins()
 .text.HAL_SAI_MspInit
                0x0000000008003de0      0x164 ../libDaisy/build/libdaisy.a(sai.o)
                0x0000000008003de0                HAL_SAI_MspInit
 .text.DMA1_Stream0_IRQHandler
                0x0000000008003f44        0xc ../libDaisy/build/libdaisy.a(sai.o)
                0x0000000008003f44                DMA1_Stream0_IRQHandler
 .text.DMA1_Stream1_IRQHandler
                0x0000000008003f50        0xc ../libDaisy/build/libdaisy.a(sai.o)
                0x0000000008003f50                DMA1_Stream1_IRQHandler
 .text.DMA1_Stream3_IRQHandler
                0x0000000008003f5c        0xc ../libDaisy/build/libdaisy.a(sai.o)
                0x0000000008003f5c                DMA1_Stream3_IRQHandler
 .text.DMA1_Stream4_IRQHandler
                0x0000000008003f68        0xc ../libDaisy/build/libdaisy.a(sai.o)
                0x0000000008003f68                DMA1_Stream4_IRQHandler
 .text.HAL_SAI_RxHalfCpltCallback
                0x0000000008003f74       0x78 ../libDaisy/build/libdaisy.a(sai.o)
                0x0000000008003f74                HAL_SAI_RxHalfCpltCallback
 .text.HAL_SAI_RxCpltCallback
                0x0000000008003fec       0x70 ../libDaisy/build/libdaisy.a(sai.o)
                0x0000000008003fec                HAL_SAI_RxCpltCallback
 *fill*         0x000000000800405c        0x4 
 .text._ZN5daisy9SaiHandle4InitERKNS0_6ConfigE
                0x0000000008004060      0x1f0 ../libDaisy/build/libdaisy.a(sai.o)
                0x0000000008004060                daisy::SaiHandle::Init(daisy::SaiHandle::Config const&)
 .text._ZNK5daisy9SaiHandle9GetConfigEv
                0x0000000008004250        0x4 ../libDaisy/build/libdaisy.a(sai.o)
                0x0000000008004250                daisy::SaiHandle::GetConfig() const
 .text._ZN5daisy9SaiHandle8StartDmaEPlS1_jPFvS1_S1_jE
                0x0000000008004254       0x68 ../libDaisy/build/libdaisy.a(sai.o)
                0x0000000008004254                daisy::SaiHandle::StartDma(long*, long*, unsigned int, void (*)(long*, long*, unsigned int))
 .text._ZN5daisy9SaiHandle13GetSampleRateEv
                0x00000000080042bc       0x24 ../libDaisy/build/libdaisy.a(sai.o)
                0x00000000080042bc                daisy::SaiHandle::GetSampleRate()
 .text._ZNK5daisy9SaiHandle9GetOffsetEv
                0x00000000080042e0        0x8 ../libDaisy/build/libdaisy.a(sai.o)
                0x00000000080042e0                daisy::SaiHandle::GetOffset() const
 .text._ZN5daisy11TimerHandleD2Ev
                0x00000000080042e8        0x4 ../libDaisy/build/libdaisy.a(system.o)
                0x00000000080042e8                daisy::TimerHandle::~TimerHandle()
                0x00000000080042e8                daisy::TimerHandle::~TimerHandle()
 .text.SysTick_Handler
                0x00000000080042ec       0x10 ../libDaisy/build/libdaisy.a(system.o)
                0x00000000080042ec                SysTick_Handler
 .text.HardFault_Handler
                0x00000000080042fc        0x4 ../libDaisy/build/libdaisy.a(system.o)
                0x00000000080042fc                HardFault_Handler
 .text._ZN5daisy6System5DelayEm
                0x0000000008004300        0x4 ../libDaisy/build/libdaisy.a(system.o)
                0x0000000008004300                daisy::System::Delay(unsigned long)
 .text._ZN5daisy6System15ConfigureClocksEv
                0x0000000008004304      0x194 ../libDaisy/build/libdaisy.a(system.o)
                0x0000000008004304                daisy::System::ConfigureClocks()
 .text._ZN5daisy6System4InitERKNS0_6ConfigE
                0x0000000008004498      0x11c ../libDaisy/build/libdaisy.a(system.o)
                0x0000000008004498                daisy::System::Init(daisy::System::Config const&)
 .text._ZN5daisy6System12GetPClk1FreqEv
                0x00000000080045b4        0x4 ../libDaisy/build/libdaisy.a(system.o)
                0x00000000080045b4                daisy::System::GetPClk1Freq()
 .text.startup._GLOBAL__sub_I_SysTick_Handler
                0x00000000080045b8       0x1c ../libDaisy/build/libdaisy.a(system.o)
 .text.SystemInit
                0x00000000080045d4       0x84 ../libDaisy/build/libdaisy.a(system_stm32h7xx.o)
                0x00000000080045d4                SystemInit
 .text.dsy_hal_map_get_port
                0x0000000008004658       0x10 ../libDaisy/build/libdaisy.a(hal_map.o)
                0x0000000008004658                dsy_hal_map_get_port
 .text.dsy_hal_map_get_pin
                0x0000000008004668       0x10 ../libDaisy/build/libdaisy.a(hal_map.o)
                0x0000000008004668                dsy_hal_map_get_pin
 .text.HAL_MspInit
                0x0000000008004678        0x4 ../libDaisy/build/libdaisy.a(stm32h7xx_hal.o)
                0x0000000008004678                HAL_MspInit
 .text.HAL_InitTick
                0x000000000800467c       0x4c ../libDaisy/build/libdaisy.a(stm32h7xx_hal.o)
                0x000000000800467c                HAL_InitTick
 .text.HAL_Init
                0x00000000080046c8       0x60 ../libDaisy/build/libdaisy.a(stm32h7xx_hal.o)
                0x00000000080046c8                HAL_Init
 .text.HAL_IncTick
                0x0000000008004728       0x18 ../libDaisy/build/libdaisy.a(stm32h7xx_hal.o)
                0x0000000008004728                HAL_IncTick
 .text.HAL_GetTick
                0x0000000008004740        0xc ../libDaisy/build/libdaisy.a(stm32h7xx_hal.o)
                0x0000000008004740                HAL_GetTick
 .text.HAL_Delay
                0x000000000800474c       0x24 ../libDaisy/build/libdaisy.a(stm32h7xx_hal.o)
                0x000000000800474c                HAL_Delay
 .text.HAL_GetREVID
                0x0000000008004770        0xc ../libDaisy/build/libdaisy.a(stm32h7xx_hal.o)
                0x0000000008004770                HAL_GetREVID
 .text.HAL_ADC_ConvHalfCpltCallback
                0x000000000800477c        0x4 ../libDaisy/build/libdaisy.a(stm32h7xx_hal_adc.o)
                0x000000000800477c                HAL_ADC_ConvHalfCpltCallback
 .text.ADC_DMAHalfConvCplt
                0x0000000008004780        0xc ../libDaisy/build/libdaisy.a(stm32h7xx_hal_adc.o)
                0x0000000008004780                ADC_DMAHalfConvCplt
 .text.ADC_DMAConvCplt
                0x000000000800478c       0x6c ../libDaisy/build/libdaisy.a(stm32h7xx_hal_adc.o)
                0x000000000800478c                ADC_DMAConvCplt
 .text.ADC_DMAError
                0x00000000080047f8       0x1c ../libDaisy/build/libdaisy.a(stm32h7xx_hal_adc.o)
                0x00000000080047f8                ADC_DMAError
 .text.HAL_ADC_ConfigChannel
                0x0000000008004814      0x3fc ../libDaisy/build/libdaisy.a(stm32h7xx_hal_adc.o)
                0x0000000008004814                HAL_ADC_ConfigChannel
 .text.ADC_Enable
                0x0000000008004c10       0xac ../libDaisy/build/libdaisy.a(stm32h7xx_hal_adc.o)
                0x0000000008004c10                ADC_Enable
 .text.HAL_ADC_Start_DMA
                0x0000000008004cbc      0x114 ../libDaisy/build/libdaisy.a(stm32h7xx_hal_adc.o)
                0x0000000008004cbc                HAL_ADC_Start_DMA
 .text.ADC_Disable
                0x0000000008004dd0       0x68 ../libDaisy/build/libdaisy.a(stm32h7xx_hal_adc.o)
                0x0000000008004dd0                ADC_Disable
 .text.ADC_ConfigureBoostMode
                0x0000000008004e38      0x184 ../libDaisy/build/libdaisy.a(stm32h7xx_hal_adc.o)
                0x0000000008004e38                ADC_ConfigureBoostMode
 .text.HAL_ADC_Init
                0x0000000008004fbc      0x218 ../libDaisy/build/libdaisy.a(stm32h7xx_hal_adc.o)
                0x0000000008004fbc                HAL_ADC_Init
 .text.HAL_ADCEx_Calibration_Start
                0x00000000080051d4       0xa4 ../libDaisy/build/libdaisy.a(stm32h7xx_hal_adc_ex.o)
                0x00000000080051d4                HAL_ADCEx_Calibration_Start
 .text.HAL_ADCEx_MultiModeConfigChannel
                0x0000000008005278       0xc4 ../libDaisy/build/libdaisy.a(stm32h7xx_hal_adc_ex.o)
                0x0000000008005278                HAL_ADCEx_MultiModeConfigChannel
 .text.HAL_NVIC_SetPriorityGrouping
                0x000000000800533c       0x24 ../libDaisy/build/libdaisy.a(stm32h7xx_hal_cortex.o)
                0x000000000800533c                HAL_NVIC_SetPriorityGrouping
 .text.HAL_NVIC_SetPriority
                0x0000000008005360       0x7c ../libDaisy/build/libdaisy.a(stm32h7xx_hal_cortex.o)
                0x0000000008005360                HAL_NVIC_SetPriority
 .text.HAL_NVIC_EnableIRQ
                0x00000000080053dc       0x1c ../libDaisy/build/libdaisy.a(stm32h7xx_hal_cortex.o)
                0x00000000080053dc                HAL_NVIC_EnableIRQ
 .text.HAL_NVIC_DisableIRQ
                0x00000000080053f8       0x28 ../libDaisy/build/libdaisy.a(stm32h7xx_hal_cortex.o)
                0x00000000080053f8                HAL_NVIC_DisableIRQ
 .text.HAL_SYSTICK_Config
                0x0000000008005420       0x2c ../libDaisy/build/libdaisy.a(stm32h7xx_hal_cortex.o)
                0x0000000008005420                HAL_SYSTICK_Config
 .text.HAL_MPU_Disable
                0x000000000800544c       0x1c ../libDaisy/build/libdaisy.a(stm32h7xx_hal_cortex.o)
                0x000000000800544c                HAL_MPU_Disable
 .text.HAL_MPU_Enable
                0x0000000008005468       0x20 ../libDaisy/build/libdaisy.a(stm32h7xx_hal_cortex.o)
                0x0000000008005468                HAL_MPU_Enable
 .text.HAL_MPU_ConfigRegion
                0x0000000008005488       0x64 ../libDaisy/build/libdaisy.a(stm32h7xx_hal_cortex.o)
                0x0000000008005488                HAL_MPU_ConfigRegion
 .text.HAL_SYSTICK_Callback
                0x00000000080054ec        0x4 ../libDaisy/build/libdaisy.a(stm32h7xx_hal_cortex.o)
                0x00000000080054ec                HAL_SYSTICK_Callback
 .text.HAL_SYSTICK_IRQHandler
                0x00000000080054f0        0x8 ../libDaisy/build/libdaisy.a(stm32h7xx_hal_cortex.o)
                0x00000000080054f0                HAL_SYSTICK_IRQHandler
 .text.DMA_CalcBaseAndBitshift
                0x00000000080054f8       0xf4 ../libDaisy/build/libdaisy.a(stm32h7xx_hal_dma.o)
 .text.DMA_CalcDMAMUXChannelBaseAndMask
                0x00000000080055ec       0xd8 ../libDaisy/build/libdaisy.a(stm32h7xx_hal_dma.o)
 .text.HAL_DMA_Init
                0x00000000080056c4      0x37c ../libDaisy/build/libdaisy.a(stm32h7xx_hal_dma.o)
                0x00000000080056c4                HAL_DMA_Init
 .text.HAL_DMA_Start_IT
                0x0000000008005a40      0x240 ../libDaisy/build/libdaisy.a(stm32h7xx_hal_dma.o)
                0x0000000008005a40                HAL_DMA_Start_IT
 .text.HAL_DMA_Abort_IT
                0x0000000008005c80      0x134 ../libDaisy/build/libdaisy.a(stm32h7xx_hal_dma.o)
                0x0000000008005c80                HAL_DMA_Abort_IT
 .text.HAL_DMA_IRQHandler
                0x0000000008005db4      0x6a0 ../libDaisy/build/libdaisy.a(stm32h7xx_hal_dma.o)
                0x0000000008005db4                HAL_DMA_IRQHandler
 .text.HAL_DMA_GetError
                0x0000000008006454        0x4 ../libDaisy/build/libdaisy.a(stm32h7xx_hal_dma.o)
                0x0000000008006454                HAL_DMA_GetError
 .text.HAL_GPIO_Init
                0x0000000008006458      0x280 ../libDaisy/build/libdaisy.a(stm32h7xx_hal_gpio.o)
                0x0000000008006458                HAL_GPIO_Init
 .text.HAL_GPIO_DeInit
                0x00000000080066d8      0x190 ../libDaisy/build/libdaisy.a(stm32h7xx_hal_gpio.o)
                0x00000000080066d8                HAL_GPIO_DeInit
 .text.HAL_GPIO_ReadPin
                0x0000000008006868        0xc ../libDaisy/build/libdaisy.a(stm32h7xx_hal_gpio.o)
                0x0000000008006868                HAL_GPIO_ReadPin
 .text.HAL_GPIO_WritePin
                0x0000000008006874        0x8 ../libDaisy/build/libdaisy.a(stm32h7xx_hal_gpio.o)
                0x0000000008006874                HAL_GPIO_WritePin
 .text.I2C_WaitOnTXISFlagUntilTimeout
                0x000000000800687c       0xb8 ../libDaisy/build/libdaisy.a(stm32h7xx_hal_i2c.o)
 .text.I2C_WaitOnSTOPFlagUntilTimeout
                0x0000000008006934       0xac ../libDaisy/build/libdaisy.a(stm32h7xx_hal_i2c.o)
 .text.HAL_I2C_Init
                0x00000000080069e0       0xac ../libDaisy/build/libdaisy.a(stm32h7xx_hal_i2c.o)
                0x00000000080069e0                HAL_I2C_Init
 .text.HAL_I2C_Master_Transmit
                0x0000000008006a8c      0x1a8 ../libDaisy/build/libdaisy.a(stm32h7xx_hal_i2c.o)
                0x0000000008006a8c                HAL_I2C_Master_Transmit
 .text.HAL_I2C_Slave_Transmit
                0x0000000008006c34      0x1c8 ../libDaisy/build/libdaisy.a(stm32h7xx_hal_i2c.o)
                0x0000000008006c34                HAL_I2C_Slave_Transmit
 .text.HAL_I2C_Master_Transmit_DMA
                0x0000000008006dfc      0x174 ../libDaisy/build/libdaisy.a(stm32h7xx_hal_i2c.o)
                0x0000000008006dfc                HAL_I2C_Master_Transmit_DMA
 .text.HAL_I2C_Master_Receive_DMA
                0x0000000008006f70      0x170 ../libDaisy/build/libdaisy.a(stm32h7xx_hal_i2c.o)
                0x0000000008006f70                HAL_I2C_Master_Receive_DMA
 .text.HAL_I2C_Slave_Transmit_DMA
                0x00000000080070e0       0xd8 ../libDaisy/build/libdaisy.a(stm32h7xx_hal_i2c.o)
                0x00000000080070e0                HAL_I2C_Slave_Transmit_DMA
 .text.HAL_I2C_Slave_Receive_DMA
                0x00000000080071b8       0xdc ../libDaisy/build/libdaisy.a(stm32h7xx_hal_i2c.o)
                0x00000000080071b8                HAL_I2C_Slave_Receive_DMA
 .text.HAL_I2C_EV_IRQHandler
                0x0000000008007294       0x10 ../libDaisy/build/libdaisy.a(stm32h7xx_hal_i2c.o)
                0x0000000008007294                HAL_I2C_EV_IRQHandler
 .text.I2C_DMASlaveTransmitCplt
                0x00000000080072a4       0x90 ../libDaisy/build/libdaisy.a(stm32h7xx_hal_i2c.o)
 .text.I2C_DMASlaveReceiveCplt
                0x0000000008007334       0x94 ../libDaisy/build/libdaisy.a(stm32h7xx_hal_i2c.o)
 .text.HAL_I2C_AddrCallback
                0x00000000080073c8        0x4 ../libDaisy/build/libdaisy.a(stm32h7xx_hal_i2c.o)
                0x00000000080073c8                HAL_I2C_AddrCallback
 .text.I2C_ITAddrCplt.part.0
                0x00000000080073cc       0x64 ../libDaisy/build/libdaisy.a(stm32h7xx_hal_i2c.o)
 .text.HAL_I2C_ListenCpltCallback
                0x0000000008007430        0x4 ../libDaisy/build/libdaisy.a(stm32h7xx_hal_i2c.o)
                0x0000000008007430                HAL_I2C_ListenCpltCallback
 .text.HAL_I2C_MemTxCpltCallback
                0x0000000008007434        0x4 ../libDaisy/build/libdaisy.a(stm32h7xx_hal_i2c.o)
                0x0000000008007434                HAL_I2C_MemTxCpltCallback
 .text.HAL_I2C_MemRxCpltCallback
                0x0000000008007438        0x4 ../libDaisy/build/libdaisy.a(stm32h7xx_hal_i2c.o)
                0x0000000008007438                HAL_I2C_MemRxCpltCallback
 .text.HAL_I2C_AbortCpltCallback
                0x000000000800743c        0x4 ../libDaisy/build/libdaisy.a(stm32h7xx_hal_i2c.o)
                0x000000000800743c                HAL_I2C_AbortCpltCallback
 .text.I2C_ITError
                0x0000000008007440      0x114 ../libDaisy/build/libdaisy.a(stm32h7xx_hal_i2c.o)
 .text.I2C_ITSlaveCplt
                0x0000000008007554      0x1d8 ../libDaisy/build/libdaisy.a(stm32h7xx_hal_i2c.o)
 .text.I2C_Slave_ISR_IT
                0x000000000800772c      0x324 ../libDaisy/build/libdaisy.a(stm32h7xx_hal_i2c.o)
 .text.I2C_ITMasterCplt
                0x0000000008007a50       0xe8 ../libDaisy/build/libdaisy.a(stm32h7xx_hal_i2c.o)
 .text.I2C_Master_ISR_IT
                0x0000000008007b38      0x1f4 ../libDaisy/build/libdaisy.a(stm32h7xx_hal_i2c.o)
 .text.I2C_Slave_ISR_DMA
                0x0000000008007d2c      0x1e4 ../libDaisy/build/libdaisy.a(stm32h7xx_hal_i2c.o)
 .text.I2C_Master_ISR_DMA
                0x0000000008007f10      0x22c ../libDaisy/build/libdaisy.a(stm32h7xx_hal_i2c.o)
 .text.I2C_DMAError
                0x000000000800813c       0x48 ../libDaisy/build/libdaisy.a(stm32h7xx_hal_i2c.o)
 .text.I2C_DMAMasterTransmitCplt
                0x0000000008008184       0x90 ../libDaisy/build/libdaisy.a(stm32h7xx_hal_i2c.o)
 .text.I2C_DMAMasterReceiveCplt
                0x0000000008008214       0x8c ../libDaisy/build/libdaisy.a(stm32h7xx_hal_i2c.o)
 .text.I2C_DMAAbort
                0x00000000080082a0       0x28 ../libDaisy/build/libdaisy.a(stm32h7xx_hal_i2c.o)
 .text.HAL_I2C_GetState
                0x00000000080082c8        0x8 ../libDaisy/build/libdaisy.a(stm32h7xx_hal_i2c.o)
                0x00000000080082c8                HAL_I2C_GetState
 .text.HAL_I2CEx_ConfigAnalogFilter
                0x00000000080082d0       0x54 ../libDaisy/build/libdaisy.a(stm32h7xx_hal_i2c_ex.o)
                0x00000000080082d0                HAL_I2CEx_ConfigAnalogFilter
 .text.HAL_I2CEx_ConfigDigitalFilter
                0x0000000008008324       0x58 ../libDaisy/build/libdaisy.a(stm32h7xx_hal_i2c_ex.o)
                0x0000000008008324                HAL_I2CEx_ConfigDigitalFilter
 .text.HAL_PWREx_ConfigSupply
                0x000000000800837c       0x4c ../libDaisy/build/libdaisy.a(stm32h7xx_hal_pwr_ex.o)
                0x000000000800837c                HAL_PWREx_ConfigSupply
 .text.HAL_PWREx_EnableUSBVoltageDetector
                0x00000000080083c8       0x10 ../libDaisy/build/libdaisy.a(stm32h7xx_hal_pwr_ex.o)
                0x00000000080083c8                HAL_PWREx_EnableUSBVoltageDetector
 .text.QSPI_Config
                0x00000000080083d8      0x174 ../libDaisy/build/libdaisy.a(stm32h7xx_hal_qspi.o)
 .text.HAL_QSPI_Init
                0x000000000800854c       0xd8 ../libDaisy/build/libdaisy.a(stm32h7xx_hal_qspi.o)
                0x000000000800854c                HAL_QSPI_Init
 .text.HAL_QSPI_DeInit
                0x0000000008008624       0x3c ../libDaisy/build/libdaisy.a(stm32h7xx_hal_qspi.o)
                0x0000000008008624                HAL_QSPI_DeInit
 .text.HAL_QSPI_Command
                0x0000000008008660       0xd4 ../libDaisy/build/libdaisy.a(stm32h7xx_hal_qspi.o)
                0x0000000008008660                HAL_QSPI_Command
 .text.HAL_QSPI_Transmit
                0x0000000008008734       0xfc ../libDaisy/build/libdaisy.a(stm32h7xx_hal_qspi.o)
                0x0000000008008734                HAL_QSPI_Transmit
 .text.HAL_QSPI_Receive
                0x0000000008008830      0x108 ../libDaisy/build/libdaisy.a(stm32h7xx_hal_qspi.o)
                0x0000000008008830                HAL_QSPI_Receive
 .text.HAL_QSPI_AutoPolling
                0x0000000008008938       0xf0 ../libDaisy/build/libdaisy.a(stm32h7xx_hal_qspi.o)
                0x0000000008008938                HAL_QSPI_AutoPolling
 .text.HAL_QSPI_MemoryMapped
                0x0000000008008a28       0xc0 ../libDaisy/build/libdaisy.a(stm32h7xx_hal_qspi.o)
                0x0000000008008a28                HAL_QSPI_MemoryMapped
 .text.HAL_QSPI_ErrorCallback
                0x0000000008008ae8        0x4 ../libDaisy/build/libdaisy.a(stm32h7xx_hal_qspi.o)
                0x0000000008008ae8                HAL_QSPI_ErrorCallback
 .text.QSPI_DMAAbortCplt
                0x0000000008008aec       0x38 ../libDaisy/build/libdaisy.a(stm32h7xx_hal_qspi.o)
 .text.HAL_QSPI_AbortCpltCallback
                0x0000000008008b24        0x4 ../libDaisy/build/libdaisy.a(stm32h7xx_hal_qspi.o)
                0x0000000008008b24                HAL_QSPI_AbortCpltCallback
 .text.HAL_QSPI_CmdCpltCallback
                0x0000000008008b28        0x4 ../libDaisy/build/libdaisy.a(stm32h7xx_hal_qspi.o)
                0x0000000008008b28                HAL_QSPI_CmdCpltCallback
 .text.HAL_QSPI_RxCpltCallback
                0x0000000008008b2c        0x4 ../libDaisy/build/libdaisy.a(stm32h7xx_hal_qspi.o)
                0x0000000008008b2c                HAL_QSPI_RxCpltCallback
 .text.HAL_QSPI_TxCpltCallback
                0x0000000008008b30        0x4 ../libDaisy/build/libdaisy.a(stm32h7xx_hal_qspi.o)
                0x0000000008008b30                HAL_QSPI_TxCpltCallback
 .text.HAL_QSPI_FifoThresholdCallback
                0x0000000008008b34        0x4 ../libDaisy/build/libdaisy.a(stm32h7xx_hal_qspi.o)
                0x0000000008008b34                HAL_QSPI_FifoThresholdCallback
 .text.HAL_QSPI_StatusMatchCallback
                0x0000000008008b38        0x4 ../libDaisy/build/libdaisy.a(stm32h7xx_hal_qspi.o)
                0x0000000008008b38                HAL_QSPI_StatusMatchCallback
 .text.HAL_QSPI_TimeOutCallback
                0x0000000008008b3c        0x4 ../libDaisy/build/libdaisy.a(stm32h7xx_hal_qspi.o)
                0x0000000008008b3c                HAL_QSPI_TimeOutCallback
 .text.HAL_QSPI_IRQHandler
                0x0000000008008b40      0x210 ../libDaisy/build/libdaisy.a(stm32h7xx_hal_qspi.o)
                0x0000000008008b40                HAL_QSPI_IRQHandler
 .text.HAL_RCC_OscConfig
                0x0000000008008d50      0x51c ../libDaisy/build/libdaisy.a(stm32h7xx_hal_rcc.o)
                0x0000000008008d50                HAL_RCC_OscConfig
 .text.HAL_RCC_GetSysClockFreq
                0x000000000800926c      0x140 ../libDaisy/build/libdaisy.a(stm32h7xx_hal_rcc.o)
                0x000000000800926c                HAL_RCC_GetSysClockFreq
 .text.HAL_RCC_ClockConfig
                0x00000000080093ac      0x234 ../libDaisy/build/libdaisy.a(stm32h7xx_hal_rcc.o)
                0x00000000080093ac                HAL_RCC_ClockConfig
 .text.HAL_RCC_GetHCLKFreq
                0x00000000080095e0       0x2c ../libDaisy/build/libdaisy.a(stm32h7xx_hal_rcc.o)
                0x00000000080095e0                HAL_RCC_GetHCLKFreq
 .text.HAL_RCC_GetPCLK1Freq
                0x000000000800960c       0x38 ../libDaisy/build/libdaisy.a(stm32h7xx_hal_rcc.o)
                0x000000000800960c                HAL_RCC_GetPCLK1Freq
 .text.RCCEx_PLL2_Config
                0x0000000008009644       0xf4 ../libDaisy/build/libdaisy.a(stm32h7xx_hal_rcc_ex.o)
 .text.RCCEx_PLL3_Config
                0x0000000008009738       0xf4 ../libDaisy/build/libdaisy.a(stm32h7xx_hal_rcc_ex.o)
 .text.HAL_RCCEx_PeriphCLKConfig
                0x000000000800982c      0xa7c ../libDaisy/build/libdaisy.a(stm32h7xx_hal_rcc_ex.o)
                0x000000000800982c                HAL_RCCEx_PeriphCLKConfig
 .text.HAL_RCCEx_GetPLL2ClockFreq
                0x000000000800a2a8      0x17c ../libDaisy/build/libdaisy.a(stm32h7xx_hal_rcc_ex.o)
                0x000000000800a2a8                HAL_RCCEx_GetPLL2ClockFreq
 .text.HAL_RCCEx_GetPLL3ClockFreq
                0x000000000800a424      0x17c ../libDaisy/build/libdaisy.a(stm32h7xx_hal_rcc_ex.o)
                0x000000000800a424                HAL_RCCEx_GetPLL3ClockFreq
 .text.HAL_RCCEx_GetPLL1ClockFreq
                0x000000000800a5a0      0x17c ../libDaisy/build/libdaisy.a(stm32h7xx_hal_rcc_ex.o)
                0x000000000800a5a0                HAL_RCCEx_GetPLL1ClockFreq
 .text.HAL_RCCEx_GetPeriphCLKFreq
                0x000000000800a71c      0x198 ../libDaisy/build/libdaisy.a(stm32h7xx_hal_rcc_ex.o)
                0x000000000800a71c                HAL_RCCEx_GetPeriphCLKFreq
 .text.HAL_RCCEx_GetD1SysClockFreq
                0x000000000800a8b4       0x2c ../libDaisy/build/libdaisy.a(stm32h7xx_hal_rcc_ex.o)
                0x000000000800a8b4                HAL_RCCEx_GetD1SysClockFreq
 .text.HAL_SAI_Init.part.0
                0x000000000800a8e0      0x348 ../libDaisy/build/libdaisy.a(stm32h7xx_hal_sai.o)
 .text.HAL_SAI_InitProtocol
                0x000000000800ac28      0x178 ../libDaisy/build/libdaisy.a(stm32h7xx_hal_sai.o)
                0x000000000800ac28                HAL_SAI_InitProtocol
 .text.HAL_SAI_Transmit_DMA
                0x000000000800ada0      0x124 ../libDaisy/build/libdaisy.a(stm32h7xx_hal_sai.o)
                0x000000000800ada0                HAL_SAI_Transmit_DMA
 .text.HAL_SAI_Receive_DMA
                0x000000000800aec4       0xd0 ../libDaisy/build/libdaisy.a(stm32h7xx_hal_sai.o)
                0x000000000800aec4                HAL_SAI_Receive_DMA
 .text.HAL_SAI_TxCpltCallback
                0x000000000800af94        0x4 ../libDaisy/build/libdaisy.a(stm32h7xx_hal_sai.o)
                0x000000000800af94                HAL_SAI_TxCpltCallback
 .text.SAI_DMATxCplt
                0x000000000800af98       0x64 ../libDaisy/build/libdaisy.a(stm32h7xx_hal_sai.o)
 .text.HAL_SAI_TxHalfCpltCallback
                0x000000000800affc        0x4 ../libDaisy/build/libdaisy.a(stm32h7xx_hal_sai.o)
                0x000000000800affc                HAL_SAI_TxHalfCpltCallback
 .text.SAI_DMATxHalfCplt
                0x000000000800b000        0xc ../libDaisy/build/libdaisy.a(stm32h7xx_hal_sai.o)
 .text.SAI_DMARxCplt
                0x000000000800b00c       0x64 ../libDaisy/build/libdaisy.a(stm32h7xx_hal_sai.o)
 .text.SAI_DMARxHalfCplt
                0x000000000800b070        0xc ../libDaisy/build/libdaisy.a(stm32h7xx_hal_sai.o)
 .text.HAL_SAI_ErrorCallback
                0x000000000800b07c        0x4 ../libDaisy/build/libdaisy.a(stm32h7xx_hal_sai.o)
                0x000000000800b07c                HAL_SAI_ErrorCallback
 .text.SAI_DMAError
                0x000000000800b080       0x6c ../libDaisy/build/libdaisy.a(stm32h7xx_hal_sai.o)
 .text.HAL_SDRAM_Init
                0x000000000800b0ec       0x54 ../libDaisy/build/libdaisy.a(stm32h7xx_hal_sdram.o)
                0x000000000800b0ec                HAL_SDRAM_Init
 .text.HAL_SDRAM_SendCommand
                0x000000000800b140       0x40 ../libDaisy/build/libdaisy.a(stm32h7xx_hal_sdram.o)
                0x000000000800b140                HAL_SDRAM_SendCommand
 .text.HAL_SDRAM_ProgramRefreshRate
                0x000000000800b180       0x30 ../libDaisy/build/libdaisy.a(stm32h7xx_hal_sdram.o)
                0x000000000800b180                HAL_SDRAM_ProgramRefreshRate
 .text.FMC_SDRAM_Init
                0x000000000800b1b0       0x7c ../libDaisy/build/libdaisy.a(stm32h7xx_ll_fmc.o)
                0x000000000800b1b0                FMC_SDRAM_Init
 .text.FMC_SDRAM_Timing_Init
                0x000000000800b22c       0x98 ../libDaisy/build/libdaisy.a(stm32h7xx_ll_fmc.o)
                0x000000000800b22c                FMC_SDRAM_Timing_Init
 .text.FMC_SDRAM_SendCommand
                0x000000000800b2c4       0x28 ../libDaisy/build/libdaisy.a(stm32h7xx_ll_fmc.o)
                0x000000000800b2c4                FMC_SDRAM_SendCommand
 .text.FMC_SDRAM_ProgramRefreshRate
                0x000000000800b2ec       0x1c ../libDaisy/build/libdaisy.a(stm32h7xx_ll_fmc.o)
                0x000000000800b2ec                FMC_SDRAM_ProgramRefreshRate
 .text.HAL_TIM_Base_MspInit
                0x000000000800b308       0xcc ../libDaisy/build/libdaisy.a(tim.o)
                0x000000000800b308                HAL_TIM_Base_MspInit
 .text._ZN5daisy11TimerHandle4InitERKNS0_6ConfigE
                0x000000000800b3d4       0xc4 ../libDaisy/build/libdaisy.a(tim.o)
                0x000000000800b3d4                daisy::TimerHandle::Init(daisy::TimerHandle::Config const&)
 .text._ZN5daisy11TimerHandle5StartEv
                0x000000000800b498       0x14 ../libDaisy/build/libdaisy.a(tim.o)
                0x000000000800b498                daisy::TimerHandle::Start()
 .text.dsy_dma_init
                0x000000000800b4ac       0xd0 ../libDaisy/build/libdaisy.a(dma.o)
                0x000000000800b4ac                dsy_dma_init
 .text.HAL_MDMA_Abort_IT
                0x000000000800b57c       0x2c ../libDaisy/build/libdaisy.a(stm32h7xx_hal_mdma.o)
                0x000000000800b57c                HAL_MDMA_Abort_IT
 .text.HAL_TIM_Base_Init
                0x000000000800b5a8      0x140 ../libDaisy/build/libdaisy.a(stm32h7xx_hal_tim.o)
                0x000000000800b5a8                HAL_TIM_Base_Init
 .text.HAL_TIM_Base_Start
                0x000000000800b6e8       0x34 ../libDaisy/build/libdaisy.a(stm32h7xx_hal_tim.o)
                0x000000000800b6e8                HAL_TIM_Base_Start
 .text.HAL_TIM_ConfigClockSource
                0x000000000800b71c      0x17c ../libDaisy/build/libdaisy.a(stm32h7xx_hal_tim.o)
                0x000000000800b71c                HAL_TIM_ConfigClockSource
 .text.HAL_TIMEx_MasterConfigSynchronization
                0x000000000800b898       0x64 ../libDaisy/build/libdaisy.a(stm32h7xx_hal_tim_ex.o)
                0x000000000800b898                HAL_TIMEx_MasterConfigSynchronization
 .text.__aeabi_atexit
                0x000000000800b8fc        0xa /usr/local/Caskroom/gcc-arm-embedded/10-2020-q4-major/gcc-arm-none-eabi-10-2020-q4-major/bin/../lib/gcc/arm-none-eabi/10.2.1/../../../../arm-none-eabi/lib/thumb/v7e-m+dp/hard/libstdc++_nano.a(atexit_arm.o)
                0x000000000800b8fc                __aeabi_atexit
 *fill*         0x000000000800b906        0x2 
 .text.__cxa_atexit
                0x000000000800b908       0x1c /usr/local/Caskroom/gcc-arm-embedded/10-2020-q4-major/gcc-arm-none-eabi-10-2020-q4-major/bin/../lib/gcc/arm-none-eabi/10.2.1/../../../../arm-none-eabi/lib/thumb/v7e-m+dp/hard/libc_nano.a(lib_a-cxa_atexit.o)
                0x000000000800b908                __cxa_atexit
 .text.__libc_init_array
                0x000000000800b924       0x48 /usr/local/Caskroom/gcc-arm-embedded/10-2020-q4-major/gcc-arm-none-eabi-10-2020-q4-major/bin/../lib/gcc/arm-none-eabi/10.2.1/../../../../arm-none-eabi/lib/thumb/v7e-m+dp/hard/libc_nano.a(lib_a-init.o)
                0x000000000800b924                __libc_init_array
 .text.memcpy   0x000000000800b96c       0x1c /usr/local/Caskroom/gcc-arm-embedded/10-2020-q4-major/gcc-arm-none-eabi-10-2020-q4-major/bin/../lib/gcc/arm-none-eabi/10.2.1/../../../../arm-none-eabi/lib/thumb/v7e-m+dp/hard/libc_nano.a(lib_a-memcpy-stub.o)
                0x000000000800b96c                memcpy
 .text.memset   0x000000000800b988       0x10 /usr/local/Caskroom/gcc-arm-embedded/10-2020-q4-major/gcc-arm-none-eabi-10-2020-q4-major/bin/../lib/gcc/arm-none-eabi/10.2.1/../../../../arm-none-eabi/lib/thumb/v7e-m+dp/hard/libc_nano.a(lib_a-memset.o)
                0x000000000800b988                memset
 *(.rodata)
 .rodata        0x000000000800b998      0x200 build/hither-and-yon.o
 .rodata        0x000000000800bb98        0x8 ../libDaisy/build/libdaisy.a(daisy_petal.o)
 .rodata        0x000000000800bba0       0x10 ../libDaisy/build/libdaisy.a(i2c.o)
 .rodata        0x000000000800bbb0       0x10 ../libDaisy/build/libdaisy.a(tim.o)
 *(.rodata*)
 .rodata._ZN5daisy10DaisyPetal9ClearLedsEv.str1.4
                0x000000000800bbc0       0x15 ../libDaisy/build/libdaisy.a(daisy_petal.o)
 *fill*         0x000000000800bbd5        0x3 
 .rodata._ZN5daisy10DaisyPetal12InitSwitchesEv.str1.4
                0x000000000800bbd8        0x8 ../libDaisy/build/libdaisy.a(daisy_petal.o)
 .rodata._ZL20petal_led_i2c_config
                0x000000000800bbe0       0x14 ../libDaisy/build/libdaisy.a(daisy_petal.o)
 .rodata._ZL8seedgpio
                0x000000000800bbf4       0x3e ../libDaisy/build/libdaisy.a(daisy_seed.o)
 *fill*         0x000000000800bc32        0x2 
 .rodata._ZL16dsy_adc_rank_map
                0x000000000800bc34       0x40 ../libDaisy/build/libdaisy.a(adc.o)
 .rodata.HAL_QSPI_MspInit.str1.4
                0x000000000800bc74        0x7 ../libDaisy/build/libdaisy.a(qspi.o)
 *fill*         0x000000000800bc7b        0x1 
 .rodata.CSWTCH.33
                0x000000000800bc7c        0x3 ../libDaisy/build/libdaisy.a(sai.o)
 *fill*         0x000000000800bc7f        0x1 
 .rodata.CSWTCH.34
                0x000000000800bc80        0xc ../libDaisy/build/libdaisy.a(sai.o)
 .rodata.CSWTCH.41
                0x000000000800bc8c       0x14 ../libDaisy/build/libdaisy.a(sai.o)
 .rodata.D1CorePrescTable
                0x000000000800bca0       0x10 ../libDaisy/build/libdaisy.a(system_stm32h7xx.o)
                0x000000000800bca0                D1CorePrescTable
 .rodata.gpio_hal_pin_map
                0x000000000800bcb0       0x20 ../libDaisy/build/libdaisy.a(hal_map.o)
 .rodata.gpio_hal_port_map
                0x000000000800bcd0       0x30 ../libDaisy/build/libdaisy.a(hal_map.o)
 .rodata.flagBitshiftOffset.0
                0x000000000800bd00        0x8 ../libDaisy/build/libdaisy.a(stm32h7xx_hal_dma.o)
 *(.glue_7)
 .glue_7        0x000000000800bd08        0x0 linker stubs
 *(.glue_7t)
 .glue_7t       0x000000000800bd08        0x0 linker stubs
 *(.init)
 .init          0x000000000800bd08        0x4 /usr/local/Caskroom/gcc-arm-embedded/10-2020-q4-major/gcc-arm-none-eabi-10-2020-q4-major/bin/../lib/gcc/arm-none-eabi/10.2.1/thumb/v7e-m+dp/hard/crti.o
                0x000000000800bd08                _init
 .init          0x000000000800bd0c        0x8 /usr/local/Caskroom/gcc-arm-embedded/10-2020-q4-major/gcc-arm-none-eabi-10-2020-q4-major/bin/../lib/gcc/arm-none-eabi/10.2.1/thumb/v7e-m+dp/hard/crtn.o
 *(.fini)
 .fini          0x000000000800bd14        0x4 /usr/local/Caskroom/gcc-arm-embedded/10-2020-q4-major/gcc-arm-none-eabi-10-2020-q4-major/bin/../lib/gcc/arm-none-eabi/10.2.1/thumb/v7e-m+dp/hard/crti.o
                0x000000000800bd14                _fini
 .fini          0x000000000800bd18        0x8 /usr/local/Caskroom/gcc-arm-embedded/10-2020-q4-major/gcc-arm-none-eabi-10-2020-q4-major/bin/../lib/gcc/arm-none-eabi/10.2.1/thumb/v7e-m+dp/hard/crtn.o
                0x000000000800bd20                . = ALIGN (0x4)
                0x000000000800bd20                _etext = .

.eh_frame       0x000000000800bd20        0x0
 .eh_frame      0x000000000800bd20        0x0 /usr/local/Caskroom/gcc-arm-embedded/10-2020-q4-major/gcc-arm-none-eabi-10-2020-q4-major/bin/../lib/gcc/arm-none-eabi/10.2.1/thumb/v7e-m+dp/hard/crtbegin.o

.vfp11_veneer   0x000000000800bd20        0x0
 .vfp11_veneer  0x000000000800bd20        0x0 linker stubs

.v4_bx          0x000000000800bd20        0x0
 .v4_bx         0x000000000800bd20        0x0 linker stubs

.iplt           0x000000000800bd20        0x0
 .iplt          0x000000000800bd20        0x0 /usr/local/Caskroom/gcc-arm-embedded/10-2020-q4-major/gcc-arm-none-eabi-10-2020-q4-major/bin/../lib/gcc/arm-none-eabi/10.2.1/thumb/v7e-m+dp/hard/crtbegin.o

.rel.dyn        0x000000000800bd20        0x0
 .rel.iplt      0x000000000800bd20        0x0 /usr/local/Caskroom/gcc-arm-embedded/10-2020-q4-major/gcc-arm-none-eabi-10-2020-q4-major/bin/../lib/gcc/arm-none-eabi/10.2.1/thumb/v7e-m+dp/hard/crtbegin.o

.ARM.extab      0x000000000800bd20        0x0
                0x000000000800bd20                . = ALIGN (0x4)
 *(.ARM.extab)
 *(.gnu.linkonce.armextab.*)
                0x000000000800bd20                . = ALIGN (0x4)

.exidx          0x000000000800bd20        0x0
                0x000000000800bd20                . = ALIGN (0x4)
                [!provide]                        PROVIDE (__exidx_start = .)
 *(.ARM.exidx*)
                0x000000000800bd20                . = ALIGN (0x4)
                [!provide]                        PROVIDE (__exidx_end = .)

.ARM.attributes
                0x000000000800bd20       0x2e
 *(.ARM.attributes)
 .ARM.attributes
                0x000000000800bd20       0x1e /usr/local/Caskroom/gcc-arm-embedded/10-2020-q4-major/gcc-arm-none-eabi-10-2020-q4-major/bin/../lib/gcc/arm-none-eabi/10.2.1/thumb/v7e-m+dp/hard/crti.o
 .ARM.attributes
                0x000000000800bd3e       0x32 /usr/local/Caskroom/gcc-arm-embedded/10-2020-q4-major/gcc-arm-none-eabi-10-2020-q4-major/bin/../lib/gcc/arm-none-eabi/10.2.1/thumb/v7e-m+dp/hard/crtbegin.o
 .ARM.attributes
                0x000000000800bd70       0x32 build/startup_stm32h750xx.o
 .ARM.attributes
                0x000000000800bda2       0x32 build/hither-and-yon.o
 .ARM.attributes
                0x000000000800bdd4       0x32 ../libDaisy/build/libdaisy.a(daisy_petal.o)
 .ARM.attributes
                0x000000000800be06       0x32 ../libDaisy/build/libdaisy.a(daisy_seed.o)
 .ARM.attributes
                0x000000000800be38       0x32 ../libDaisy/build/libdaisy.a(codec_ak4556.o)
 .ARM.attributes
                0x000000000800be6a       0x32 ../libDaisy/build/libdaisy.a(sdram.o)
 .ARM.attributes
                0x000000000800be9c       0x32 ../libDaisy/build/libdaisy.a(audio.o)
 .ARM.attributes
                0x000000000800bece       0x32 ../libDaisy/build/libdaisy.a(ctrl.o)
 .ARM.attributes
                0x000000000800bf00       0x32 ../libDaisy/build/libdaisy.a(encoder.o)
 .ARM.attributes
                0x000000000800bf32       0x32 ../libDaisy/build/libdaisy.a(led.o)
 .ARM.attributes
                0x000000000800bf64       0x32 ../libDaisy/build/libdaisy.a(switch.o)
 .ARM.attributes
                0x000000000800bf96       0x32 ../libDaisy/build/libdaisy.a(adc.o)
 .ARM.attributes
                0x000000000800bfc8       0x32 ../libDaisy/build/libdaisy.a(gpio.o)
 .ARM.attributes
                0x000000000800bffa       0x32 ../libDaisy/build/libdaisy.a(i2c.o)
 .ARM.attributes
                0x000000000800c02c       0x32 ../libDaisy/build/libdaisy.a(qspi.o)
 .ARM.attributes
                0x000000000800c05e       0x32 ../libDaisy/build/libdaisy.a(sai.o)
 .ARM.attributes
                0x000000000800c090       0x32 ../libDaisy/build/libdaisy.a(system.o)
 .ARM.attributes
                0x000000000800c0c2       0x32 ../libDaisy/build/libdaisy.a(system_stm32h7xx.o)
 .ARM.attributes
                0x000000000800c0f4       0x32 ../libDaisy/build/libdaisy.a(hal_map.o)
 .ARM.attributes
                0x000000000800c126       0x32 ../libDaisy/build/libdaisy.a(stm32h7xx_hal.o)
 .ARM.attributes
                0x000000000800c158       0x32 ../libDaisy/build/libdaisy.a(stm32h7xx_hal_adc.o)
 .ARM.attributes
                0x000000000800c18a       0x32 ../libDaisy/build/libdaisy.a(stm32h7xx_hal_adc_ex.o)
 .ARM.attributes
                0x000000000800c1bc       0x32 ../libDaisy/build/libdaisy.a(stm32h7xx_hal_cortex.o)
 .ARM.attributes
                0x000000000800c1ee       0x32 ../libDaisy/build/libdaisy.a(stm32h7xx_hal_dma.o)
 .ARM.attributes
                0x000000000800c220       0x32 ../libDaisy/build/libdaisy.a(stm32h7xx_hal_gpio.o)
 .ARM.attributes
                0x000000000800c252       0x32 ../libDaisy/build/libdaisy.a(stm32h7xx_hal_i2c.o)
 .ARM.attributes
                0x000000000800c284       0x32 ../libDaisy/build/libdaisy.a(stm32h7xx_hal_i2c_ex.o)
 .ARM.attributes
                0x000000000800c2b6       0x32 ../libDaisy/build/libdaisy.a(stm32h7xx_hal_pwr_ex.o)
 .ARM.attributes
                0x000000000800c2e8       0x32 ../libDaisy/build/libdaisy.a(stm32h7xx_hal_qspi.o)
 .ARM.attributes
                0x000000000800c31a       0x32 ../libDaisy/build/libdaisy.a(stm32h7xx_hal_rcc.o)
 .ARM.attributes
                0x000000000800c34c       0x32 ../libDaisy/build/libdaisy.a(stm32h7xx_hal_rcc_ex.o)
 .ARM.attributes
                0x000000000800c37e       0x32 ../libDaisy/build/libdaisy.a(stm32h7xx_hal_sai.o)
 .ARM.attributes
                0x000000000800c3b0       0x32 ../libDaisy/build/libdaisy.a(stm32h7xx_hal_sdram.o)
 .ARM.attributes
                0x000000000800c3e2       0x32 ../libDaisy/build/libdaisy.a(stm32h7xx_ll_fmc.o)
 .ARM.attributes
                0x000000000800c414       0x32 ../libDaisy/build/libdaisy.a(tim.o)
 .ARM.attributes
                0x000000000800c446       0x32 ../libDaisy/build/libdaisy.a(dma.o)
 .ARM.attributes
                0x000000000800c478       0x32 ../libDaisy/build/libdaisy.a(stm32h7xx_hal_mdma.o)
 .ARM.attributes
                0x000000000800c4aa       0x32 ../libDaisy/build/libdaisy.a(stm32h7xx_hal_tim.o)
 .ARM.attributes
                0x000000000800c4dc       0x32 ../libDaisy/build/libdaisy.a(stm32h7xx_hal_tim_ex.o)
 .ARM.attributes
                0x000000000800c50e       0x32 /usr/local/Caskroom/gcc-arm-embedded/10-2020-q4-major/gcc-arm-none-eabi-10-2020-q4-major/bin/../lib/gcc/arm-none-eabi/10.2.1/../../../../arm-none-eabi/lib/thumb/v7e-m+dp/hard/libstdc++_nano.a(atexit_arm.o)
 .ARM.attributes
                0x000000000800c540       0x32 /usr/local/Caskroom/gcc-arm-embedded/10-2020-q4-major/gcc-arm-none-eabi-10-2020-q4-major/bin/../lib/gcc/arm-none-eabi/10.2.1/../../../../arm-none-eabi/lib/thumb/v7e-m+dp/hard/libc_nano.a(lib_a-cxa_atexit.o)
 .ARM.attributes
                0x000000000800c572       0x32 /usr/local/Caskroom/gcc-arm-embedded/10-2020-q4-major/gcc-arm-none-eabi-10-2020-q4-major/bin/../lib/gcc/arm-none-eabi/10.2.1/../../../../arm-none-eabi/lib/thumb/v7e-m+dp/hard/libc_nano.a(lib_a-init.o)
 .ARM.attributes
                0x000000000800c5a4       0x32 /usr/local/Caskroom/gcc-arm-embedded/10-2020-q4-major/gcc-arm-none-eabi-10-2020-q4-major/bin/../lib/gcc/arm-none-eabi/10.2.1/../../../../arm-none-eabi/lib/thumb/v7e-m+dp/hard/libc_nano.a(lib_a-memcpy-stub.o)
 .ARM.attributes
                0x000000000800c5d6       0x32 /usr/local/Caskroom/gcc-arm-embedded/10-2020-q4-major/gcc-arm-none-eabi-10-2020-q4-major/bin/../lib/gcc/arm-none-eabi/10.2.1/../../../../arm-none-eabi/lib/thumb/v7e-m+dp/hard/libc_nano.a(lib_a-memset.o)
 .ARM.attributes
                0x000000000800c608       0x1e /usr/local/Caskroom/gcc-arm-embedded/10-2020-q4-major/gcc-arm-none-eabi-10-2020-q4-major/bin/../lib/gcc/arm-none-eabi/10.2.1/thumb/v7e-m+dp/hard/crtn.o

.preinit_array  0x000000000800bd20        0x0
                0x000000000800bd20                PROVIDE (__preinit_array_start = .)
 *(.preinit_array*)
                0x000000000800bd20                PROVIDE (__preinit_array_end = .)

.init_array     0x000000000800bd20       0x18
                0x000000000800bd20                PROVIDE (__init_array_start = .)
 *(SORT_BY_NAME(.init_array.*))
 *(.init_array*)
 .init_array    0x000000000800bd20        0x4 /usr/local/Caskroom/gcc-arm-embedded/10-2020-q4-major/gcc-arm-none-eabi-10-2020-q4-major/bin/../lib/gcc/arm-none-eabi/10.2.1/thumb/v7e-m+dp/hard/crtbegin.o
 .init_array    0x000000000800bd24        0x4 build/hither-and-yon.o
 .init_array    0x000000000800bd28        0x4 ../libDaisy/build/libdaisy.a(daisy_petal.o)
 .init_array    0x000000000800bd2c        0x4 ../libDaisy/build/libdaisy.a(audio.o)
 .init_array    0x000000000800bd30        0x4 ../libDaisy/build/libdaisy.a(i2c.o)
 .init_array    0x000000000800bd34        0x4 ../libDaisy/build/libdaisy.a(system.o)
                0x000000000800bd38                PROVIDE (__init_array_end = .)

.fini_array     0x000000000800bd38        0x4
                [!provide]                        PROVIDE (__fini_array_start = .)
 *(.fini_array*)
 .fini_array    0x000000000800bd38        0x4 /usr/local/Caskroom/gcc-arm-embedded/10-2020-q4-major/gcc-arm-none-eabi-10-2020-q4-major/bin/../lib/gcc/arm-none-eabi/10.2.1/thumb/v7e-m+dp/hard/crtbegin.o
 *(SORT_BY_NAME(.fini_array.*))
                [!provide]                        PROVIDE (__fini_array_end = .)

.data           0x0000000024000000       0x94 load address 0x000000000800bd3c
                0x0000000024000000                . = ALIGN (0x4)
                0x0000000024000000                _sdata = .
                [!provide]                        PROVIDE (__data_start__ = _sdata)
 *(.data)
 .data          0x0000000024000000        0x4 /usr/local/Caskroom/gcc-arm-embedded/10-2020-q4-major/gcc-arm-none-eabi-10-2020-q4-major/bin/../lib/gcc/arm-none-eabi/10.2.1/thumb/v7e-m+dp/hard/crtbegin.o
                0x0000000024000000                __dso_handle
 *(.data*)
 .data.first    0x0000000024000004        0x1 build/hither-and-yon.o
                0x0000000024000004                first
 *fill*         0x0000000024000005        0x3 
 .data.mod      0x0000000024000008        0x4 build/hither-and-yon.o
                0x0000000024000008                mod
 .data.pitchshift_factors
                0x000000002400000c       0x2c build/hither-and-yon.o
                0x000000002400000c                pitchshift_factors
 .data.totalRepeats
                0x0000000024000038        0x4 build/hither-and-yon.o
                0x0000000024000038                totalRepeats
 .data._ZN5daisy9I2CHandle4Impl21queued_dma_transfers_E
                0x000000002400003c       0x48 ../libDaisy/build/libdaisy.a(i2c.o)
                0x000000002400003c                daisy::I2CHandle::Impl::queued_dma_transfers_
 .data.SystemCoreClock
                0x0000000024000084        0x4 ../libDaisy/build/libdaisy.a(system_stm32h7xx.o)
                0x0000000024000084                SystemCoreClock
 .data.SystemD2Clock
                0x0000000024000088        0x4 ../libDaisy/build/libdaisy.a(system_stm32h7xx.o)
                0x0000000024000088                SystemD2Clock
 .data.uwTickFreq
                0x000000002400008c        0x1 ../libDaisy/build/libdaisy.a(stm32h7xx_hal.o)
 *fill*         0x000000002400008d        0x3 
 .data.uwTickPrio
                0x0000000024000090        0x4 ../libDaisy/build/libdaisy.a(stm32h7xx_hal.o)
                0x0000000024000094                . = ALIGN (0x4)
                0x0000000024000094                _edata = .
                [!provide]                        PROVIDE (__data_end__ = _edata)
                0x000000000800bd3c                _sidata = LOADADDR (.data)

.igot.plt       0x0000000024000094        0x0 load address 0x000000000800bdd0
 .igot.plt      0x0000000024000094        0x0 /usr/local/Caskroom/gcc-arm-embedded/10-2020-q4-major/gcc-arm-none-eabi-10-2020-q4-major/bin/../lib/gcc/arm-none-eabi/10.2.1/thumb/v7e-m+dp/hard/crtbegin.o

.bss            0x0000000024000098     0x13dc load address 0x000000000800bdd0
                0x0000000024000098                . = ALIGN (0x4)
                0x0000000024000098                _sbss = .
                0x0000000024000098                PROVIDE (__bss_start__ = _sbss)
 *(.bss)
 .bss           0x0000000024000098       0x1c /usr/local/Caskroom/gcc-arm-embedded/10-2020-q4-major/gcc-arm-none-eabi-10-2020-q4-major/bin/../lib/gcc/arm-none-eabi/10.2.1/thumb/v7e-m+dp/hard/crtbegin.o
 *(.bss*)
 .bss.curRepeat
                0x00000000240000b4        0x4 build/hither-and-yon.o
                0x00000000240000b4                curRepeat
 .bss.curWindow
                0x00000000240000b8        0x4 build/hither-and-yon.o
                0x00000000240000b8                curWindow
 .bss.experiment
                0x00000000240000bc        0x1 build/hither-and-yon.o
                0x00000000240000bc                experiment
 *fill*         0x00000000240000bd        0x3 
 .bss.hw        0x00000000240000c0      0x6d4 build/hither-and-yon.o
                0x00000000240000c0                hw
 .bss.inReverse
                0x0000000024000794        0x1 build/hither-and-yon.o
                0x0000000024000794                inReverse
 *fill*         0x0000000024000795        0x3 
 .bss.knob1     0x0000000024000798        0x4 build/hither-and-yon.o
                0x0000000024000798                knob1
 .bss.knob2     0x000000002400079c        0x4 build/hither-and-yon.o
                0x000000002400079c                knob2
 .bss.knob2Last
                0x00000000240007a0        0x4 build/hither-and-yon.o
                0x00000000240007a0                knob2Last
 .bss.knob3     0x00000000240007a4        0x4 build/hither-and-yon.o
                0x00000000240007a4                knob3
 .bss.knob4     0x00000000240007a8        0x4 build/hither-and-yon.o
                0x00000000240007a8                knob4
 .bss.knob5     0x00000000240007ac        0x4 build/hither-and-yon.o
                0x00000000240007ac                knob5
 .bss.knob5Last
                0x00000000240007b0        0x4 build/hither-and-yon.o
                0x00000000240007b0                knob5Last
 .bss.knob6     0x00000000240007b4        0x4 build/hither-and-yon.o
                0x00000000240007b4                knob6
 .bss.led1      0x00000000240007b8       0x1c build/hither-and-yon.o
                0x00000000240007b8                led1
 .bss.led2      0x00000000240007d4       0x1c build/hither-and-yon.o
                0x00000000240007d4                led2
 .bss.len       0x00000000240007f0        0x4 build/hither-and-yon.o
                0x00000000240007f0                len
 .bss.play      0x00000000240007f4        0x1 build/hither-and-yon.o
                0x00000000240007f4                play
 *fill*         0x00000000240007f5        0x3 
 .bss.pos       0x00000000240007f8        0x4 build/hither-and-yon.o
                0x00000000240007f8                pos
 .bss.ratio     0x00000000240007fc        0x4 build/hither-and-yon.o
                0x00000000240007fc                ratio
 .bss.rec       0x0000000024000800        0x1 build/hither-and-yon.o
                0x0000000024000800                rec
 .bss.res       0x0000000024000801        0x1 build/hither-and-yon.o
                0x0000000024000801                res
 *fill*         0x0000000024000802        0x2 
 .bss.sFactor   0x0000000024000804        0x4 build/hither-and-yon.o
                0x0000000024000804                sFactor
 .bss.sIndex    0x0000000024000808        0x4 build/hither-and-yon.o
                0x0000000024000808                sIndex
 .bss.sIndexFraction
                0x000000002400080c        0x4 build/hither-and-yon.o
                0x000000002400080c                sIndexFraction
 .bss.sIndexInt
                0x0000000024000810        0x4 build/hither-and-yon.o
                0x0000000024000810                sIndexInt
 .bss.totalWindows
                0x0000000024000814        0x4 build/hither-and-yon.o
                0x0000000024000814                totalWindows
 .bss.wetMixSetting
                0x0000000024000818        0x4 build/hither-and-yon.o
                0x0000000024000818                wetMixSetting
 .bss.windowSize
                0x000000002400081c        0x4 build/hither-and-yon.o
                0x000000002400081c                windowSize
 .bss.FMC_Initialized
                0x0000000024000820        0x4 ../libDaisy/build/libdaisy.a(sdram.o)
 *fill*         0x0000000024000824        0x4 
 .bss.dsy_sdram
                0x0000000024000828       0x3c ../libDaisy/build/libdaisy.a(sdram.o)
 .bss._ZN5daisyL12audio_handleE
                0x0000000024000864       0x30 ../libDaisy/build/libdaisy.a(audio.o)
 *fill*         0x0000000024000894        0x4 
 .bss._ZL3adc   0x0000000024000898      0x23c ../libDaisy/build/libdaisy.a(adc.o)
 .bss._ZN5daisy9I2CHandle4Impl14next_callback_E
                0x0000000024000ad4        0x4 ../libDaisy/build/libdaisy.a(i2c.o)
                0x0000000024000ad4                daisy::I2CHandle::Impl::next_callback_
 .bss._ZN5daisy9I2CHandle4Impl22dma_active_peripheral_E
                0x0000000024000ad8        0x1 ../libDaisy/build/libdaisy.a(i2c.o)
                0x0000000024000ad8                daisy::I2CHandle::Impl::dma_active_peripheral_
 *fill*         0x0000000024000ad9        0x3 
 .bss._ZN5daisy9I2CHandle4Impl22next_callback_context_E
                0x0000000024000adc        0x4 ../libDaisy/build/libdaisy.a(i2c.o)
                0x0000000024000adc                daisy::I2CHandle::Impl::next_callback_context_
 .bss._ZN5daisyL11i2c_handlesE
                0x0000000024000ae0      0x360 ../libDaisy/build/libdaisy.a(i2c.o)
 .bss.qspi_handle
                0x0000000024000e40       0x54 ../libDaisy/build/libdaisy.a(qspi.o)
 .bss._ZN5daisyL11sai_handlesE
                0x0000000024000e94      0x4b8 ../libDaisy/build/libdaisy.a(sai.o)
 .bss._ZN5daisy6System4tim_E
                0x000000002400134c        0x4 ../libDaisy/build/libdaisy.a(system.o)
                0x000000002400134c                daisy::System::tim_
 .bss.uwTick    0x0000000024001350        0x4 ../libDaisy/build/libdaisy.a(stm32h7xx_hal.o)
 .bss._ZN5daisyL11tim_handlesE
                0x0000000024001354      0x120 ../libDaisy/build/libdaisy.a(tim.o)
 *(COMMON)
                0x0000000024001474                . = ALIGN (0x4)
                0x0000000024001474                _ebss = .
                0x0000000024001474                PROVIDE (__bss_end__ = _ebss)
                [!provide]                        PROVIDE (end = .)

.dtcmram_bss    0x0000000020000000        0x0
                0x0000000020000000                . = ALIGN (0x4)
                0x0000000020000000                _sdtcmram_bss = .
                [!provide]                        PROVIDE (__dtcmram_bss_start__ = _sdtcmram_bss)
 *(.dtcmram_bss)
 *(.dtcmram_bss*)
                0x0000000020000000                . = ALIGN (0x4)
                0x0000000020000000                _edtcmram_bss = .
                [!provide]                        PROVIDE (__dtcmram_bss_end__ = _edtcmram_bss)

.sram1_bss      0x0000000030000000     0x4248
                0x0000000030000000                . = ALIGN (0x4)
                0x0000000030000000                _ssram1_bss = .
                [!provide]                        PROVIDE (__sram1_bss_start__ = _sram1_bss)
 *(.sram1_bss)
 .sram1_bss     0x0000000030000000      0x106 ../libDaisy/build/libdaisy.a(daisy_petal.o)
 *fill*         0x0000000030000106        0x2 
 .sram1_bss     0x0000000030000108     0x4000 ../libDaisy/build/libdaisy.a(audio.o)
 .sram1_bss     0x0000000030004108      0x140 ../libDaisy/build/libdaisy.a(adc.o)
 *(.sram1_bss*)
                0x0000000030004248                . = ALIGN (0x4)
                0x0000000030004248                _esram1_bss = .
                [!provide]                        PROVIDE (__sram1_bss_end__ = _esram1_bss)

.sdram_bss      0x00000000c0000000   0xcd1400
                0x00000000c0000000                . = ALIGN (0x4)
                0x00000000c0000000                _ssdram_bss = .
                [!provide]                        PROVIDE (__sdram_bss_start = _ssdram_bss)
 *(.sdram_bss)
 .sdram_bss     0x00000000c0000000   0xcd1400 build/hither-and-yon.o
                0x00000000c0000000                tempBuf
                0x00000000c0927c00                backupBuf
                0x00000000c0afc800                buf
 *(.sdram_bss*)
                0x00000000c0cd1400                . = ALIGN (0x4)
                0x00000000c0cd1400                _esdram_bss = .
                [!provide]                        PROVIDE (__sdram_bss_end = _esdram_bss)

.qspiflash_text
                0x0000000090000000        0x0
                0x0000000090000000                . = ALIGN (0x4)
                0x0000000090000000                _sqspiflash_text = .
                [!provide]                        PROVIDE (__qspiflash_text_start = _sqspiflash_text)
 *(.qspiflash_text)
 *(.qspiflash_text*)
                0x0000000090000000                . = ALIGN (0x4)
                0x0000000090000000                _eqspiflash_text = .
                [!provide]                        PROVIDE (__qspiflash_text_end = _eqspiflash_text)

.qspiflash_data
                0x0000000090000000        0x0
                0x0000000090000000                . = ALIGN (0x4)
                0x0000000090000000                _sqspiflash_data = .
                [!provide]                        PROVIDE (__qspiflash_data_start = _sqspiflash_data)
 *(.qspiflash_data)
 *(.qspiflash_data*)
                0x0000000090000000                . = ALIGN (0x4)
                0x0000000090000000                _eqspiflash_data = .
                [!provide]                        PROVIDE (__qspiflash_data_end = _eqspiflash_data)

.qspiflash_bss  0x0000000090000000        0x0
                0x0000000090000000                . = ALIGN (0x4)
                0x0000000090000000                _sqspiflash_bss = .
                [!provide]                        PROVIDE (__qspiflash_bss_start = _sqspiflash_bss)
 *(.qspiflash_bss)
 *(.qspiflash_bss*)
                0x0000000090000000                . = ALIGN (0x4)
                0x0000000090000000                _eqspiflash_bss = .
                [!provide]                        PROVIDE (__qspiflash_bss_end = _eqspiflash_bss)

.heap           0x0000000024001474        0x0
                0x0000000024001474                . = ALIGN (0x4)
                [!provide]                        PROVIDE (__heap_start__ = .)
 *(.heap)
                0x0000000024001474                . = ALIGN (0x4)
                [!provide]                        PROVIDE (__heap_end__ = .)

.reserved_for_stack
                0x0000000024001474        0x0
                0x0000000024001474                . = ALIGN (0x4)
                [!provide]                        PROVIDE (__reserved_for_stack_start__ = .)
 *(.reserved_for_stack)
                0x0000000024001474                . = ALIGN (0x4)
                [!provide]                        PROVIDE (__reserved_for_stack_end__ = .)

DISCARD
 libc.a(*)
 libm.a(*)
 libgcc.a(*)
OUTPUT(build/hither-and-yon.elf elf32-littlearm)
LOAD linker stubs
LOAD /usr/local/Caskroom/gcc-arm-embedded/10-2020-q4-major/gcc-arm-none-eabi-10-2020-q4-major/bin/../lib/gcc/arm-none-eabi/10.2.1/../../../../arm-none-eabi/lib/thumb/v7e-m+dp/hard/libc.a
LOAD /usr/local/Caskroom/gcc-arm-embedded/10-2020-q4-major/gcc-arm-none-eabi-10-2020-q4-major/bin/../lib/gcc/arm-none-eabi/10.2.1/../../../../arm-none-eabi/lib/thumb/v7e-m+dp/hard/libm.a
LOAD /usr/local/Caskroom/gcc-arm-embedded/10-2020-q4-major/gcc-arm-none-eabi-10-2020-q4-major/bin/../lib/gcc/arm-none-eabi/10.2.1/thumb/v7e-m+dp/hard/libgcc.a

.debug_info     0x0000000000000000    0x5bdd2
 .debug_info    0x0000000000000000      0x1d0 build/startup_stm32h750xx.o
 .debug_info    0x00000000000001d0     0x81dc build/hither-and-yon.o
 .debug_info    0x00000000000083ac     0x7532 ../libDaisy/build/libdaisy.a(daisy_petal.o)
 .debug_info    0x000000000000f8de     0x3e8a ../libDaisy/build/libdaisy.a(daisy_seed.o)
 .debug_info    0x0000000000013768     0x12cd ../libDaisy/build/libdaisy.a(codec_ak4556.o)
 .debug_info    0x0000000000014a35     0x13ad ../libDaisy/build/libdaisy.a(sdram.o)
 .debug_info    0x0000000000015de2     0x2d05 ../libDaisy/build/libdaisy.a(audio.o)
 .debug_info    0x0000000000018ae7     0x1a83 ../libDaisy/build/libdaisy.a(ctrl.o)
 .debug_info    0x000000000001a56a      0xe15 ../libDaisy/build/libdaisy.a(encoder.o)
 .debug_info    0x000000000001b37f      0xebd ../libDaisy/build/libdaisy.a(led.o)
 .debug_info    0x000000000001c23c      0xd31 ../libDaisy/build/libdaisy.a(switch.o)
 .debug_info    0x000000000001cf6d     0x3c8a ../libDaisy/build/libdaisy.a(adc.o)
 .debug_info    0x0000000000020bf7      0xc1b ../libDaisy/build/libdaisy.a(gpio.o)
 .debug_info    0x0000000000021812     0x6dd3 ../libDaisy/build/libdaisy.a(i2c.o)
 .debug_info    0x00000000000285e5     0x2613 ../libDaisy/build/libdaisy.a(qspi.o)
 .debug_info    0x000000000002abf8     0x44b6 ../libDaisy/build/libdaisy.a(sai.o)
 .debug_info    0x000000000002f0ae     0x4308 ../libDaisy/build/libdaisy.a(system.o)
 .debug_info    0x00000000000333b6      0xa3b ../libDaisy/build/libdaisy.a(system_stm32h7xx.o)
 .debug_info    0x0000000000033df1      0x80c ../libDaisy/build/libdaisy.a(hal_map.o)
 .debug_info    0x00000000000345fd     0x16d6 ../libDaisy/build/libdaisy.a(stm32h7xx_hal.o)
 .debug_info    0x0000000000035cd3     0x2f24 ../libDaisy/build/libdaisy.a(stm32h7xx_hal_adc.o)
 .debug_info    0x0000000000038bf7     0x2ecc ../libDaisy/build/libdaisy.a(stm32h7xx_hal_adc_ex.o)
 .debug_info    0x000000000003bac3     0x13f0 ../libDaisy/build/libdaisy.a(stm32h7xx_hal_cortex.o)
 .debug_info    0x000000000003ceb3      0xf2f ../libDaisy/build/libdaisy.a(stm32h7xx_hal_dma.o)
 .debug_info    0x000000000003dde2      0xd4d ../libDaisy/build/libdaisy.a(stm32h7xx_hal_gpio.o)
 .debug_info    0x000000000003eb2f     0x6323 ../libDaisy/build/libdaisy.a(stm32h7xx_hal_i2c.o)
 .debug_info    0x0000000000044e52      0xe5a ../libDaisy/build/libdaisy.a(stm32h7xx_hal_i2c_ex.o)
 .debug_info    0x0000000000045cac      0xf42 ../libDaisy/build/libdaisy.a(stm32h7xx_hal_pwr_ex.o)
 .debug_info    0x0000000000046bee     0x1ed9 ../libDaisy/build/libdaisy.a(stm32h7xx_hal_qspi.o)
 .debug_info    0x0000000000048ac7     0x1267 ../libDaisy/build/libdaisy.a(stm32h7xx_hal_rcc.o)
 .debug_info    0x0000000000049d2e     0x16c3 ../libDaisy/build/libdaisy.a(stm32h7xx_hal_rcc_ex.o)
 .debug_info    0x000000000004b3f1     0x2063 ../libDaisy/build/libdaisy.a(stm32h7xx_hal_sai.o)
 .debug_info    0x000000000004d454     0x12ab ../libDaisy/build/libdaisy.a(stm32h7xx_hal_sdram.o)
 .debug_info    0x000000000004e6ff      0xd17 ../libDaisy/build/libdaisy.a(stm32h7xx_ll_fmc.o)
 .debug_info    0x000000000004f416     0x4403 ../libDaisy/build/libdaisy.a(tim.o)
 .debug_info    0x0000000000053819     0x1050 ../libDaisy/build/libdaisy.a(dma.o)
 .debug_info    0x0000000000054869      0xffe ../libDaisy/build/libdaisy.a(stm32h7xx_hal_mdma.o)
 .debug_info    0x0000000000055867     0x4b86 ../libDaisy/build/libdaisy.a(stm32h7xx_hal_tim.o)
 .debug_info    0x000000000005a3ed     0x19e5 ../libDaisy/build/libdaisy.a(stm32h7xx_hal_tim_ex.o)

.debug_abbrev   0x0000000000000000     0x9cc0
 .debug_abbrev  0x0000000000000000      0x136 build/startup_stm32h750xx.o
 .debug_abbrev  0x0000000000000136      0xace build/hither-and-yon.o
 .debug_abbrev  0x0000000000000c04      0xa6b ../libDaisy/build/libdaisy.a(daisy_petal.o)
 .debug_abbrev  0x000000000000166f      0x7e2 ../libDaisy/build/libdaisy.a(daisy_seed.o)
 .debug_abbrev  0x0000000000001e51      0x365 ../libDaisy/build/libdaisy.a(codec_ak4556.o)
 .debug_abbrev  0x00000000000021b6      0x313 ../libDaisy/build/libdaisy.a(sdram.o)
 .debug_abbrev  0x00000000000024c9      0x6b3 ../libDaisy/build/libdaisy.a(audio.o)
 .debug_abbrev  0x0000000000002b7c      0x222 ../libDaisy/build/libdaisy.a(ctrl.o)
 .debug_abbrev  0x0000000000002d9e      0x2b1 ../libDaisy/build/libdaisy.a(encoder.o)
 .debug_abbrev  0x000000000000304f      0x357 ../libDaisy/build/libdaisy.a(led.o)
 .debug_abbrev  0x00000000000033a6      0x340 ../libDaisy/build/libdaisy.a(switch.o)
 .debug_abbrev  0x00000000000036e6      0x730 ../libDaisy/build/libdaisy.a(adc.o)