Archive member included to satisfy reference by file (symbol)

../libDaisy/build/libdaisy.a(daisy_petal.o)
                              build/noiseVibratoEffect.o (daisy::DaisyPetal::StartAudio(void (*)(float const* const*, float**, unsigned int)))
../libDaisy/build/libdaisy.a(daisy_seed.o)
                              ../libDaisy/build/libdaisy.a(daisy_petal.o) (daisy::DaisySeed::Configure())
../libDaisy/build/libdaisy.a(codec_ak4556.o)
                              ../libDaisy/build/libdaisy.a(daisy_seed.o) (daisy::Ak4556::Init(dsy_gpio_pin))
../libDaisy/build/libdaisy.a(sdram.o)
                              ../libDaisy/build/libdaisy.a(daisy_seed.o) (dsy_sdram_init)
../libDaisy/build/libdaisy.a(audio.o)
                              ../libDaisy/build/libdaisy.a(daisy_seed.o) (daisy::AudioHandle::Init(daisy::AudioHandle::Config const&, daisy::SaiHandle))
../libDaisy/build/libdaisy.a(ctrl.o)
                              ../libDaisy/build/libdaisy.a(daisy_petal.o) (daisy::AnalogControl::Init(unsigned short*, float, bool, bool, float))
../libDaisy/build/libdaisy.a(encoder.o)
                              ../libDaisy/build/libdaisy.a(daisy_petal.o) (daisy::Encoder::Init(dsy_gpio_pin, dsy_gpio_pin, dsy_gpio_pin, float))
../libDaisy/build/libdaisy.a(led.o)
                              build/noiseVibratoEffect.o (daisy::Led::Init(dsy_gpio_pin, bool, float))
../libDaisy/build/libdaisy.a(switch.o)
                              ../libDaisy/build/libdaisy.a(daisy_petal.o) (daisy::Switch::Init(dsy_gpio_pin, float))
../libDaisy/build/libdaisy.a(adc.o)
                              ../libDaisy/build/libdaisy.a(daisy_petal.o) (daisy::AdcChannelConfig::InitSingle(dsy_gpio_pin))
../libDaisy/build/libdaisy.a(gpio.o)
                              ../libDaisy/build/libdaisy.a(daisy_petal.o) (dsy_gpio_init)
../libDaisy/build/libdaisy.a(i2c.o)
                              ../libDaisy/build/libdaisy.a(daisy_petal.o) (daisy::I2CHandle::Init(daisy::I2CHandle::Config const&))
../libDaisy/build/libdaisy.a(qspi.o)
                              ../libDaisy/build/libdaisy.a(daisy_seed.o) (dsy_qspi_init)
../libDaisy/build/libdaisy.a(sai.o)
                              ../libDaisy/build/libdaisy.a(daisy_seed.o) (daisy::SaiHandle::Init(daisy::SaiHandle::Config const&))
../libDaisy/build/libdaisy.a(system.o)
                              ../libDaisy/build/libdaisy.a(daisy_petal.o) (daisy::System::Delay(unsigned long))
../libDaisy/build/libdaisy.a(system_stm32h7xx.o)
                              build/startup_stm32h750xx.o (SystemInit)
../libDaisy/build/libdaisy.a(hal_map.o)
                              ../libDaisy/build/libdaisy.a(sdram.o) (dsy_hal_map_get_port)
../libDaisy/build/libdaisy.a(stm32h7xx_hal.o)
                              ../libDaisy/build/libdaisy.a(system.o) (HAL_Init)
../libDaisy/build/libdaisy.a(stm32h7xx_hal_adc.o)
                              ../libDaisy/build/libdaisy.a(adc.o) (HAL_ADC_ConfigChannel)
../libDaisy/build/libdaisy.a(stm32h7xx_hal_adc_ex.o)
                              ../libDaisy/build/libdaisy.a(adc.o) (HAL_ADCEx_Calibration_Start)
../libDaisy/build/libdaisy.a(stm32h7xx_hal_cortex.o)
                              ../libDaisy/build/libdaisy.a(stm32h7xx_hal.o) (HAL_NVIC_SetPriorityGrouping)
../libDaisy/build/libdaisy.a(stm32h7xx_hal_dma.o)
                              ../libDaisy/build/libdaisy.a(adc.o) (HAL_DMA_Init)
../libDaisy/build/libdaisy.a(stm32h7xx_hal_gpio.o)
                              ../libDaisy/build/libdaisy.a(sdram.o) (HAL_GPIO_Init)
../libDaisy/build/libdaisy.a(stm32h7xx_hal_i2c.o)
                              ../libDaisy/build/libdaisy.a(i2c.o) (HAL_I2C_Init)
../libDaisy/build/libdaisy.a(stm32h7xx_hal_i2c_ex.o)
                              ../libDaisy/build/libdaisy.a(i2c.o) (HAL_I2CEx_ConfigAnalogFilter)
../libDaisy/build/libdaisy.a(stm32h7xx_hal_pwr_ex.o)
                              ../libDaisy/build/libdaisy.a(system.o) (HAL_PWREx_ConfigSupply)
../libDaisy/build/libdaisy.a(stm32h7xx_hal_qspi.o)
                              ../libDaisy/build/libdaisy.a(qspi.o) (HAL_QSPI_Init)
../libDaisy/build/libdaisy.a(stm32h7xx_hal_rcc.o)
                              ../libDaisy/build/libdaisy.a(system.o) (HAL_RCC_OscConfig)
../libDaisy/build/libdaisy.a(stm32h7xx_hal_rcc_ex.o)
                              ../libDaisy/build/libdaisy.a(system.o) (HAL_RCCEx_PeriphCLKConfig)
../libDaisy/build/libdaisy.a(stm32h7xx_hal_sai.o)
                              ../libDaisy/build/libdaisy.a(sai.o) (HAL_SAI_InitProtocol)
../libDaisy/build/libdaisy.a(stm32h7xx_hal_sdram.o)
                              ../libDaisy/build/libdaisy.a(sdram.o) (HAL_SDRAM_Init)
../libDaisy/build/libdaisy.a(stm32h7xx_ll_fmc.o)
                              ../libDaisy/build/libdaisy.a(stm32h7xx_hal_sdram.o) (FMC_SDRAM_Init)
../libDaisy/build/libdaisy.a(tim.o)
                              ../libDaisy/build/libdaisy.a(system.o) (daisy::TimerHandle::Init(daisy::TimerHandle::Config const&))
[...]
Memory Configuration

Name             Origin             Length             Attributes
FLASH            0x0000000008000000 0x0000000000020000 xr
DTCMRAM          0x0000000020000000 0x0000000000020000 xrw
SRAM             0x0000000024000000 0x0000000000080000 xrw
RAM_D2           0x0000000030000000 0x0000000000048000 xrw
RAM_D3           0x0000000038000000 0x0000000000010000 xrw
ITCMRAM          0x0000000000000000 0x0000000000010000 xrw
SDRAM            0x00000000c0000000 0x0000000004000000 xrw
QSPIFLASH        0x0000000090000000 0x0000000000800000 xr
*default*        0x0000000000000000 0xffffffffffffffff

Linker script and memory map

LOAD /usr/local/Caskroom/gcc-arm-embedded/10-2020-q4-major/gcc-arm-none-eabi-10-2020-q4-major/bin/../lib/gcc/arm-none-eabi/10.2.1/thumb/v7e-m+dp/hard/crti.o
LOAD /usr/local/Caskroom/gcc-arm-embedded/10-2020-q4-major/gcc-arm-none-eabi-10-2020-q4-major/bin/../lib/gcc/arm-none-eabi/10.2.1/thumb/v7e-m+dp/hard/crtbegin.o
LOAD /usr/local/Caskroom/gcc-arm-embedded/10-2020-q4-major/gcc-arm-none-eabi-10-2020-q4-major/bin/../lib/gcc/arm-none-eabi/10.2.1/../../../../arm-none-eabi/lib/thumb/v7e-m+dp/hard/crt0.o
LOAD build/startup_stm32h750xx.o
LOAD build/vibrato.o
LOAD build/tapesaturator.o
LOAD build/noiseVibratoEffect.o
LOAD ../libDaisy/build/libdaisy.a
LOAD /usr/local/Caskroom/gcc-arm-embedded/10-2020-q4-major/gcc-arm-none-eabi-10-2020-q4-major/bin/../lib/gcc/arm-none-eabi/10.2.1/../../../../arm-none-eabi/lib/thumb/v7e-m+dp/hard/libnosys.a
LOAD ../DaisySP/build/libdaisysp.a
LOAD /usr/local/Caskroom/gcc-arm-embedded/10-2020-q4-major/gcc-arm-none-eabi-10-2020-q4-major/bin/../lib/gcc/arm-none-eabi/10.2.1/../../../../arm-none-eabi/lib/thumb/v7e-m+dp/hard/libstdc++_nano.a
LOAD /usr/local/Caskroom/gcc-arm-embedded/10-2020-q4-major/gcc-arm-none-eabi-10-2020-q4-major/bin/../lib/gcc/arm-none-eabi/10.2.1/../../../../arm-none-eabi/lib/thumb/v7e-m+dp/hard/libm.a
LOAD /usr/local/Caskroom/gcc-arm-embedded/10-2020-q4-major/gcc-arm-none-eabi-10-2020-q4-major/bin/../lib/gcc/arm-none-eabi/10.2.1/../../../../arm-none-eabi/lib/thumb/v7e-m+dp/hard/libc_nano.a
START GROUP
LOAD /usr/local/Caskroom/gcc-arm-embedded/10-2020-q4-major/gcc-arm-none-eabi-10-2020-q4-major/bin/../lib/gcc/arm-none-eabi/10.2.1/thumb/v7e-m+dp/hard/libgcc.a
LOAD /usr/local/Caskroom/gcc-arm-embedded/10-2020-q4-major/gcc-arm-none-eabi-10-2020-q4-major/bin/../lib/gcc/arm-none-eabi/10.2.1/../../../../arm-none-eabi/lib/thumb/v7e-m+dp/hard/libc_nano.a
END GROUP
START GROUP
LOAD /usr/local/Caskroom/gcc-arm-embedded/10-2020-q4-major/gcc-arm-none-eabi-10-2020-q4-major/bin/../lib/gcc/arm-none-eabi/10.2.1/thumb/v7e-m+dp/hard/libgcc.a
LOAD /usr/local/Caskroom/gcc-arm-embedded/10-2020-q4-major/gcc-arm-none-eabi-10-2020-q4-major/bin/../lib/gcc/arm-none-eabi/10.2.1/../../../../arm-none-eabi/lib/thumb/v7e-m+dp/hard/libc_nano.a
LOAD /usr/local/Caskroom/gcc-arm-embedded/10-2020-q4-major/gcc-arm-none-eabi-10-2020-q4-major/bin/../lib/gcc/arm-none-eabi/10.2.1/../../../../arm-none-eabi/lib/thumb/v7e-m+dp/hard/libnosys.a
END GROUP
START GROUP
LOAD /usr/local/Caskroom/gcc-arm-embedded/10-2020-q4-major/gcc-arm-none-eabi-10-2020-q4-major/bin/../lib/gcc/arm-none-eabi/10.2.1/thumb/v7e-m+dp/hard/libgcc.a
LOAD /usr/local/Caskroom/gcc-arm-embedded/10-2020-q4-major/gcc-arm-none-eabi-10-2020-q4-major/bin/../lib/gcc/arm-none-eabi/10.2.1/../../../../arm-none-eabi/lib/thumb/v7e-m+dp/hard/libc_nano.a
LOAD /usr/local/Caskroom/gcc-arm-embedded/10-2020-q4-major/gcc-arm-none-eabi-10-2020-q4-major/bin/../lib/gcc/arm-none-eabi/10.2.1/../../../../arm-none-eabi/lib/thumb/v7e-m+dp/hard/libnosys.a
END GROUP
LOAD /usr/local/Caskroom/gcc-arm-embedded/10-2020-q4-major/gcc-arm-none-eabi-10-2020-q4-major/bin/../lib/gcc/arm-none-eabi/10.2.1/thumb/v7e-m+dp/hard/crtend.o
LOAD /usr/local/Caskroom/gcc-arm-embedded/10-2020-q4-major/gcc-arm-none-eabi-10-2020-q4-major/bin/../lib/gcc/arm-none-eabi/10.2.1/thumb/v7e-m+dp/hard/crtn.o
                0x0000000020020000                _estack = 0x20020000

.isr_vector     0x0000000008000000      0x298
                0x0000000008000000                . = ALIGN (0x4)
 *(.isr_vector)
 .isr_vector    0x0000000008000000      0x298 build/startup_stm32h750xx.o
                0x0000000008000000                g_pfnVectors
                0x0000000008000298                . = ALIGN (0x4)

.text           0x00000000080002a0     0xf2b4
                0x00000000080002a0                . = ALIGN (0x4)
                0x00000000080002a0                _stext = .
 *(.text)
 .text          0x00000000080002a0       0x40 /usr/local/Caskroom/gcc-arm-embedded/10-2020-q4-major/gcc-arm-none-eabi-10-2020-q4-major/bin/../lib/gcc/arm-none-eabi/10.2.1/thumb/v7e-m+dp/hard/crtbegin.o
 .text          0x00000000080002e0       0xa0 /usr/local/Caskroom/gcc-arm-embedded/10-2020-q4-major/gcc-arm-none-eabi-10-2020-q4-major/bin/../lib/gcc/arm-none-eabi/10.2.1/../../../../arm-none-eabi/lib/thumb/v7e-m+dp/hard/libc_nano.a(lib_a-memchr.o)
                0x00000000080002e0                memchr
 .text          0x0000000008000380      0x378 /usr/local/Caskroom/gcc-arm-embedded/10-2020-q4-major/gcc-arm-none-eabi-10-2020-q4-major/bin/../lib/gcc/arm-none-eabi/10.2.1/thumb/v7e-m+dp/hard/libgcc.a(_arm_addsubdf3.o)
                0x0000000008000380                __aeabi_drsub
                0x0000000008000388                __subdf3
                0x0000000008000388                __aeabi_dsub
                0x000000000800038c                __aeabi_dadd
                0x000000000800038c                __adddf3
                0x0000000008000604                __aeabi_ui2d
                0x0000000008000604                __floatunsidf
                0x0000000008000624                __floatsidf
                0x0000000008000624                __aeabi_i2d
                0x0000000008000648                __extendsfdf2
                0x0000000008000648                __aeabi_f2d
                0x000000000800068c                __aeabi_ul2d
                0x000000000800068c                __floatundidf
                0x000000000800069c                __aeabi_l2d
                0x000000000800069c                __floatdidf
 *(.text*)
 .text.Default_Handler
                0x00000000080006f8        0x4 build/startup_stm32h750xx.o
                0x00000000080006f8                SAI1_IRQHandler
                0x00000000080006f8                HASH_RNG_IRQHandler
                0x00000000080006f8                EXTI2_IRQHandler
                0x00000000080006f8                TIM8_CC_IRQHandler
                0x00000000080006f8                HRTIM1_Master_IRQHandler
                0x00000000080006f8                DebugMon_Handler
                0x00000000080006f8                UART8_IRQHandler
                0x00000000080006f8                SPI4_IRQHandler
                0x00000000080006f8                TIM1_CC_IRQHandler
                0x00000000080006f8                BDMA_Channel6_IRQHandler
                0x00000000080006f8                DMA2_Stream5_IRQHandler
                0x00000000080006f8                HRTIM1_FLT_IRQHandler
                0x00000000080006f8                JPEG_IRQHandler
                0x00000000080006f8                DMA1_Stream5_IRQHandler
                0x00000000080006f8                BDMA_Channel1_IRQHandler
                0x00000000080006f8                HRTIM1_TIMD_IRQHandler
                0x00000000080006f8                TAMP_STAMP_IRQHandler
                0x00000000080006f8                PendSV_Handler
                0x00000000080006f8                NMI_Handler
                0x00000000080006f8                EXTI3_IRQHandler
                0x00000000080006f8                LPTIM4_IRQHandler
                0x00000000080006f8                TIM8_TRG_COM_TIM14_IRQHandler
                0x00000000080006f8                LPTIM2_IRQHandler
                0x00000000080006f8                DFSDM1_FLT1_IRQHandler
                0x00000000080006f8                DMAMUX2_OVR_IRQHandler
                0x00000000080006f8                TIM8_UP_TIM13_IRQHandler
                0x00000000080006f8                I2C3_ER_IRQHandler
                0x00000000080006f8                DFSDM1_FLT2_IRQHandler
                0x00000000080006f8                MDMA_IRQHandler
                0x00000000080006f8                LPTIM3_IRQHandler
                0x00000000080006f8                HSEM1_IRQHandler
                0x00000000080006f8                EXTI0_IRQHandler
                0x00000000080006f8                FPU_IRQHandler
                0x00000000080006f8                OTG_HS_WKUP_IRQHandler
                0x00000000080006f8                FDCAN1_IT1_IRQHandler
                0x00000000080006f8                UsageFault_Handler
                0x00000000080006f8                LTDC_ER_IRQHandler
                0x00000000080006f8                DMA2_Stream2_IRQHandler
                0x00000000080006f8                HRTIM1_TIME_IRQHandler
                0x00000000080006f8                SPI1_IRQHandler
                0x00000000080006f8                TIM6_DAC_IRQHandler
                0x00000000080006f8                DCMI_IRQHandler
                0x00000000080006f8                HRTIM1_TIMC_IRQHandler
                0x00000000080006f8                DMA2_Stream3_IRQHandler
                0x00000000080006f8                SAI2_IRQHandler
                0x00000000080006f8                DFSDM1_FLT3_IRQHandler
                0x00000000080006f8                USART6_IRQHandler
                0x00000000080006f8                TIM17_IRQHandler
                0x00000000080006f8                USART3_IRQHandler
                0x00000000080006f8                CRYP_IRQHandler
                0x00000000080006f8                BDMA_Channel7_IRQHandler
                0x00000000080006f8                LPTIM5_IRQHandler
                0x00000000080006f8                UART5_IRQHandler
                0x00000000080006f8                ADC3_IRQHandler
                0x00000000080006f8                DMA2_Stream0_IRQHandler
                0x00000000080006f8                TIM4_IRQHandler
                0x00000000080006f8                BDMA_Channel2_IRQHandler
                0x00000000080006f8                DMAMUX1_OVR_IRQHandler
                0x00000000080006f8                TIM16_IRQHandler
                0x00000000080006f8                UART4_IRQHandler
                0x00000000080006f8                BDMA_Channel5_IRQHandler
                0x00000000080006f8                TIM3_IRQHandler
                0x00000000080006f8                RCC_IRQHandler
                0x00000000080006f8                TIM8_BRK_TIM12_IRQHandler
                0x00000000080006f8                TIM1_TRG_COM_IRQHandler
                0x00000000080006f8                Default_Handler
                0x00000000080006f8                ECC_IRQHandler
                0x00000000080006f8                CEC_IRQHandler
                0x00000000080006f8                EXTI15_10_IRQHandler
                0x00000000080006f8                BDMA_Channel0_IRQHandler
                0x00000000080006f8                ADC_IRQHandler
                0x00000000080006f8                DMA1_Stream7_IRQHandler
                0x00000000080006f8                HRTIM1_TIMA_IRQHandler
                0x00000000080006f8                SPI5_IRQHandler
                0x00000000080006f8                TIM7_IRQHandler
                0x00000000080006f8                SDMMC1_IRQHandler
                0x00000000080006f8                TIM5_IRQHandler
                0x00000000080006f8                DMA2_Stream7_IRQHandler
                0x00000000080006f8                TIM15_IRQHandler
                0x00000000080006f8                PVD_AVD_IRQHandler
                0x00000000080006f8                EXTI9_5_IRQHandler
                0x00000000080006f8                RTC_WKUP_IRQHandler
                0x00000000080006f8                LTDC_IRQHandler
                0x00000000080006f8                SAI3_IRQHandler
                0x00000000080006f8                ETH_WKUP_IRQHandler
                0x00000000080006f8                SPDIF_RX_IRQHandler
                0x00000000080006f8                SPI2_IRQHandler
                0x00000000080006f8                OTG_HS_EP1_IN_IRQHandler
                0x00000000080006f8                MemManage_Handler
                0x00000000080006f8                SVC_Handler
                0x00000000080006f8                CRS_IRQHandler
                0x00000000080006f8                EXTI4_IRQHandler
                0x00000000080006f8                HRTIM1_TIMB_IRQHandler
                0x00000000080006f8                FDCAN2_IT1_IRQHandler
                0x00000000080006f8                ETH_IRQHandler
                0x00000000080006f8                TIM1_UP_IRQHandler
                0x00000000080006f8                BDMA_Channel4_IRQHandler
                0x00000000080006f8                OTG_HS_EP1_OUT_IRQHandler
                0x00000000080006f8                WWDG_IRQHandler
                0x00000000080006f8                SPI6_IRQHandler
                0x00000000080006f8                I2C4_EV_IRQHandler
                0x00000000080006f8                MDIOS_IRQHandler
                0x00000000080006f8                FDCAN2_IT0_IRQHandler
                0x00000000080006f8                LPUART1_IRQHandler
                0x00000000080006f8                FDCAN1_IT0_IRQHandler
                0x00000000080006f8                TIM2_IRQHandler
                0x00000000080006f8                OTG_FS_WKUP_IRQHandler
                0x00000000080006f8                OTG_HS_IRQHandler
                0x00000000080006f8                DMA2D_IRQHandler
                0x00000000080006f8                TIM1_BRK_IRQHandler
                0x00000000080006f8                EXTI1_IRQHandler
                0x00000000080006f8                SDMMC2_IRQHandler
                0x00000000080006f8                OTG_FS_EP1_OUT_IRQHandler
                0x00000000080006f8                BDMA_Channel3_IRQHandler
                0x00000000080006f8                UART7_IRQHandler
                0x00000000080006f8                MDIOS_WKUP_IRQHandler
                0x00000000080006f8                USART2_IRQHandler
                0x00000000080006f8                DFSDM1_FLT0_IRQHandler
                0x00000000080006f8                SAI4_IRQHandler
                0x00000000080006f8                I2C2_ER_IRQHandler
                0x00000000080006f8                DMA2_Stream1_IRQHandler
                0x00000000080006f8                FLASH_IRQHandler
                0x00000000080006f8                DMA2_Stream4_IRQHandler
                0x00000000080006f8                BusFault_Handler
                0x00000000080006f8                USART1_IRQHandler
                0x00000000080006f8                OTG_FS_IRQHandler
                0x00000000080006f8                SPI3_IRQHandler
                0x00000000080006f8                WAKEUP_PIN_IRQHandler
                0x00000000080006f8                OTG_FS_EP1_IN_IRQHandler
                0x00000000080006f8                I2C1_ER_IRQHandler
                0x00000000080006f8                FMC_IRQHandler
                0x00000000080006f8                FDCAN_CAL_IRQHandler
                0x00000000080006f8                SWPMI1_IRQHandler
                0x00000000080006f8                COMP1_IRQHandler
                0x00000000080006f8                LPTIM1_IRQHandler
                0x00000000080006f8                I2C4_ER_IRQHandler
                0x00000000080006f8                DMA2_Stream6_IRQHandler
                0x00000000080006f8                RTC_Alarm_IRQHandler
 .text.Reset_Handler
                0x00000000080006fc       0x44 build/startup_stm32h750xx.o
                0x00000000080006fc                Reset_Handler
 .text._ZN7daisysp13VibratoEngine4InitEf
                0x0000000008000740       0xb8 build/vibrato.o
                0x0000000008000740                daisysp::VibratoEngine::Init(float)
 .text._ZN7daisysp13VibratoEngine7ProcessEf
                0x00000000080007f8       0xe8 build/vibrato.o
                0x00000000080007f8                daisysp::VibratoEngine::Process(float)
 .text._ZN7daisysp7Vibrato4InitEf
                0x00000000080008e0       0x78 build/vibrato.o
                0x00000000080008e0                daisysp::Vibrato::Init(float)
 .text._ZN7daisysp7Vibrato7ProcessEf
                0x0000000008000958       0x90 build/vibrato.o
                0x0000000008000958                daisysp::Vibrato::Process(float)
 .text._ZN7daisysp7Vibrato7GetLeftEv
                0x00000000080009e8        0xc build/vibrato.o
                0x00000000080009e8                daisysp::Vibrato::GetLeft()
 .text._ZN7daisysp7Vibrato6SetPanEf
                0x00000000080009f4       0x2c build/vibrato.o
                0x00000000080009f4                daisysp::Vibrato::SetPan(float)
 .text._ZN7daisysp7Vibrato11SetLfoDepthEf
                0x0000000008000a20       0x38 build/vibrato.o
                0x0000000008000a20                daisysp::Vibrato::SetLfoDepth(float)
 .text._ZN7daisysp7Vibrato10SetLfoFreqEf
                0x0000000008000a58       0x74 build/vibrato.o
                0x0000000008000a58                daisysp::Vibrato::SetLfoFreq(float)
 .text._ZN7daisysp7Vibrato8SetDelayEf
                0x0000000008000acc       0x60 build/vibrato.o
                0x0000000008000acc                daisysp::Vibrato::SetDelay(float)
 .text._ZN7daisysp7Vibrato10SetDelayMsEf
                0x0000000008000b2c       0x50 build/vibrato.o
                0x0000000008000b2c                daisysp::Vibrato::SetDelayMs(float)
 .text._ZN7daisysp13TapeSaturator7ProcessEf
                0x0000000008000b7c       0x18 build/tapesaturator.o
                0x0000000008000b7c                daisysp::TapeSaturator::Process(float)
 .text._ZN7daisysp13TapeSaturator8SetDriveEf
                0x0000000008000b94       0xc0 build/tapesaturator.o
                0x0000000008000b94                daisysp::TapeSaturator::SetDrive(float)
 .text._ZN5daisy3LedD2Ev
                0x0000000008000c54        0x4 build/noiseVibratoEffect.o
                0x0000000008000c54                daisy::Led::~Led()
                0x0000000008000c54                daisy::Led::~Led()
 .text._ZN5daisy10DaisyPetalD2Ev
                0x0000000008000c58        0x4 build/noiseVibratoEffect.o
                0x0000000008000c58                daisy::DaisyPetal::~DaisyPetal()
                0x0000000008000c58                daisy::DaisyPetal::~DaisyPetal()
 .text._ZN7daisysp7VibratoD2Ev
                0x0000000008000c5c        0x4 build/noiseVibratoEffect.o
                0x0000000008000c5c                daisysp::Vibrato::~Vibrato()
                0x0000000008000c5c                daisysp::Vibrato::~Vibrato()
 .text._ZN7daisysp13TapeSaturatorD2Ev
                0x0000000008000c60        0x4 build/noiseVibratoEffect.o
                0x0000000008000c60                daisysp::TapeSaturator::~TapeSaturator()
                0x0000000008000c60                daisysp::TapeSaturator::~TapeSaturator()
 .text._ZN7daisysp5AdEnvD2Ev
                0x0000000008000c64        0x4 build/noiseVibratoEffect.o
                0x0000000008000c64                daisysp::AdEnv::~AdEnv()
                0x0000000008000c64                daisysp::AdEnv::~AdEnv()
 .text._ZN7daisysp3SvfD2Ev
                0x0000000008000c68        0x4 build/noiseVibratoEffect.o
                0x0000000008000c68                daisysp::Svf::~Svf()
                0x0000000008000c68                daisysp::Svf::~Svf()
 .text._ZN7daisysp10CompressorD2Ev
                0x0000000008000c6c        0x4 build/noiseVibratoEffect.o
                0x0000000008000c6c                daisysp::Compressor::~Compressor()
                0x0000000008000c6c                daisysp::Compressor::~Compressor()
 .text._ZN7daisysp4DustD2Ev
                0x0000000008000c70        0x4 build/noiseVibratoEffect.o
                0x0000000008000c70                daisysp::Dust::~Dust()
                0x0000000008000c70                daisysp::Dust::~Dust()
 *fill*         0x0000000008000c74        0x4 
 .text._Z8Controlsv
                0x0000000008000c78      0x22c build/noiseVibratoEffect.o
                0x0000000008000c78                Controls()
 .text._Z13AudioCallbackPKPKfPPfj
                0x0000000008000ea4      0x408 build/noiseVibratoEffect.o
                0x0000000008000ea4                AudioCallback(float const* const*, float**, unsigned int)
 .text.startup.main
                0x00000000080012ac      0x4c8 build/noiseVibratoEffect.o
                0x00000000080012ac                main
 .text.startup._GLOBAL__sub_I_hw
                0x0000000008001774      0x134 build/noiseVibratoEffect.o
 .text._ZN5daisy16LedDriverPca9685ILi2ELb1EE14TxCpltCallbackEPvNS_9I2CHandle6ResultE
                0x00000000080018a8       0x5c ../libDaisy/build/libdaisy.a(daisy_petal.o)
                0x00000000080018a8                daisy::LedDriverPca9685<2, true>::TxCpltCallback(void*, daisy::I2CHandle::Result)
 .text._ZN5daisy10DaisyPetal17SetHidUpdateRatesEv
                0x0000000008001904       0x80 ../libDaisy/build/libdaisy.a(daisy_petal.o)
                0x0000000008001904                daisy::DaisyPetal::SetHidUpdateRates()
 .text._ZN5daisy10DaisyPetal10StartAudioEPFvPKPKfPPfjE
                0x0000000008001984        0x4 ../libDaisy/build/libdaisy.a(daisy_petal.o)
                0x0000000008001984                daisy::DaisyPetal::StartAudio(void (*)(float const* const*, float**, unsigned int))
 .text._ZN5daisy10DaisyPetal17SetAudioBlockSizeEj
                0x0000000008001988       0x14 ../libDaisy/build/libdaisy.a(daisy_petal.o)
                0x0000000008001988                daisy::DaisyPetal::SetAudioBlockSize(unsigned int)
 .text._ZN5daisy10DaisyPetal15AudioSampleRateEv
                0x000000000800199c        0x4 ../libDaisy/build/libdaisy.a(daisy_petal.o)
                0x000000000800199c                daisy::DaisyPetal::AudioSampleRate()
 .text._ZN5daisy10DaisyPetal8StartAdcEv
                0x00000000080019a0        0x8 ../libDaisy/build/libdaisy.a(daisy_petal.o)
                0x00000000080019a0                daisy::DaisyPetal::StartAdc()
 .text._ZN5daisy10DaisyPetal21ProcessAnalogControlsEv
                0x00000000080019a8       0x20 ../libDaisy/build/libdaisy.a(daisy_petal.o)
                0x00000000080019a8                daisy::DaisyPetal::ProcessAnalogControls()
 .text._ZN5daisy10DaisyPetal22ProcessDigitalControlsEv
                0x00000000080019c8       0x20 ../libDaisy/build/libdaisy.a(daisy_petal.o)
                0x00000000080019c8                daisy::DaisyPetal::ProcessDigitalControls()
 .text._ZN5daisy10DaisyPetal9ClearLedsEv
                0x00000000080019e8      0x1ac ../libDaisy/build/libdaisy.a(daisy_petal.o)
                0x00000000080019e8                daisy::DaisyPetal::ClearLeds()
 .text._ZN5daisy10DaisyPetal8InitLedsEv
                0x0000000008001b94      0x2c0 ../libDaisy/build/libdaisy.a(daisy_petal.o)
                0x0000000008001b94                daisy::DaisyPetal::InitLeds()
 .text._ZN5daisy10DaisyPetal18InitAnalogControlsEv
                0x0000000008001e54      0x108 ../libDaisy/build/libdaisy.a(daisy_petal.o)
                0x0000000008001e54                daisy::DaisyPetal::InitAnalogControls()
 .text._ZN5daisy10DaisyPetal4InitEb
                0x0000000008001f5c       0xb4 ../libDaisy/build/libdaisy.a(daisy_petal.o)
                0x0000000008001f5c                daisy::DaisyPetal::Init(bool)
 .text.startup._GLOBAL__sub_I__ZN5daisy10DaisyPetal4InitEb
                0x0000000008002010       0x18 ../libDaisy/build/libdaisy.a(daisy_petal.o)
 .text._ZN5daisy9DaisySeed9ConfigureEv
                0x0000000008002028       0x4c ../libDaisy/build/libdaisy.a(daisy_seed.o)
                0x0000000008002028                daisy::DaisySeed::Configure()
 .text._ZN5daisy9DaisySeed6GetPinEh
                0x0000000008002074       0x2c ../libDaisy/build/libdaisy.a(daisy_seed.o)
                0x0000000008002074                daisy::DaisySeed::GetPin(unsigned char)
 .text._ZN5daisy9DaisySeed10StartAudioEPFvPKPKfPPfjE
                0x00000000080020a0        0x8 ../libDaisy/build/libdaisy.a(daisy_seed.o)
                0x00000000080020a0                daisy::DaisySeed::StartAudio(void (*)(float const* const*, float**, unsigned int))
 .text._ZN5daisy9DaisySeed15AudioSampleRateEv
                0x00000000080020a8        0x8 ../libDaisy/build/libdaisy.a(daisy_seed.o)
                0x00000000080020a8                daisy::DaisySeed::AudioSampleRate()
 .text._ZN5daisy9DaisySeed17SetAudioBlockSizeEj
                0x00000000080020b0       0x38 ../libDaisy/build/libdaisy.a(daisy_seed.o)
                0x00000000080020b0                daisy::DaisySeed::SetAudioBlockSize(unsigned int)
 .text._ZNK5daisy9DaisySeed17AudioCallbackRateEv
                0x00000000080020e8        0x8 ../libDaisy/build/libdaisy.a(daisy_seed.o)
                0x00000000080020e8                daisy::DaisySeed::AudioCallbackRate() const
 .text._ZN5daisy9DaisySeed14ConfigureAudioEv
                0x00000000080020f0       0x78 ../libDaisy/build/libdaisy.a(daisy_seed.o)
                0x00000000080020f0                daisy::DaisySeed::ConfigureAudio()
 .text._ZN5daisy9DaisySeed4InitEb
                0x0000000008002168       0x7c ../libDaisy/build/libdaisy.a(daisy_seed.o)
                0x0000000008002168                daisy::DaisySeed::Init(bool)
 .text._ZN5daisy6Ak45564InitE12dsy_gpio_pin
                0x00000000080021e4       0x44 ../libDaisy/build/libdaisy.a(codec_ak4556.o)
                0x00000000080021e4                daisy::Ak4556::Init(dsy_gpio_pin)
 .text.dsy_sdram_init
                0x0000000008002228      0x108 ../libDaisy/build/libdaisy.a(sdram.o)
                0x0000000008002228                dsy_sdram_init
 .text.HAL_SDRAM_MspInit
                0x0000000008002330      0x1d0 ../libDaisy/build/libdaisy.a(sdram.o)
                0x0000000008002330                HAL_SDRAM_MspInit
 .text._ZN5daisy11AudioHandle4Impl16InternalCallbackEPlS2_j
                0x0000000008002500      0xbbc ../libDaisy/build/libdaisy.a(audio.o)
                0x0000000008002500                daisy::AudioHandle::Impl::InternalCallback(long*, long*, unsigned int)
 .text._ZN5daisy11AudioHandle4InitERKNS0_6ConfigENS_9SaiHandleE
                0x00000000080030bc       0x64 ../libDaisy/build/libdaisy.a(audio.o)
                0x00000000080030bc                daisy::AudioHandle::Init(daisy::AudioHandle::Config const&, daisy::SaiHandle)
 .text._ZNK5daisy11AudioHandle9GetConfigEv
                0x0000000008003120        0x8 ../libDaisy/build/libdaisy.a(audio.o)
                0x0000000008003120                daisy::AudioHandle::GetConfig() const
 .text._ZN5daisy11AudioHandle12SetBlockSizeEj
                0x0000000008003128       0x1c ../libDaisy/build/libdaisy.a(audio.o)
                0x0000000008003128                daisy::AudioHandle::SetBlockSize(unsigned int)
 .text._ZN5daisy11AudioHandle13GetSampleRateEv
                0x0000000008003144        0x8 ../libDaisy/build/libdaisy.a(audio.o)
                0x0000000008003144                daisy::AudioHandle::GetSampleRate()
 .text._ZN5daisy11AudioHandle5StartEPFvPKPKfPPfjE
                0x000000000800314c       0x44 ../libDaisy/build/libdaisy.a(audio.o)
                0x000000000800314c                daisy::AudioHandle::Start(void (*)(float const* const*, float**, unsigned int))
 .text.startup._GLOBAL__sub_I__ZN5daisy11AudioHandle4Impl4InitENS0_6ConfigENS_9SaiHandleE
                0x0000000008003190       0x10 ../libDaisy/build/libdaisy.a(audio.o)
 .text._ZN5daisy13AnalogControl4InitEPtfbbf
                0x00000000080031a0       0x3c ../libDaisy/build/libdaisy.a(ctrl.o)
                0x00000000080031a0                daisy::AnalogControl::Init(unsigned short*, float, bool, bool, float)
 .text._ZN5daisy13AnalogControl7ProcessEv
                0x00000000080031dc       0x48 ../libDaisy/build/libdaisy.a(ctrl.o)
                0x00000000080031dc                daisy::AnalogControl::Process()
 .text._ZN5daisy13AnalogControl13SetSampleRateEf
                0x0000000008003224       0x30 ../libDaisy/build/libdaisy.a(ctrl.o)
                0x0000000008003224                daisy::AnalogControl::SetSampleRate(float)
 .text._ZN5daisy7Encoder4InitE12dsy_gpio_pinS1_S1_f
                0x0000000008003254       0x4c ../libDaisy/build/libdaisy.a(encoder.o)
                0x0000000008003254                daisy::Encoder::Init(dsy_gpio_pin, dsy_gpio_pin, dsy_gpio_pin, float)
 .text._ZN5daisy7Encoder8DebounceEv
                0x00000000080032a0       0x60 ../libDaisy/build/libdaisy.a(encoder.o)
                0x00000000080032a0                daisy::Encoder::Debounce()
 .text._ZN5daisy3Led4InitE12dsy_gpio_pinbf
                0x0000000008003300       0x48 ../libDaisy/build/libdaisy.a(led.o)
                0x0000000008003300                daisy::Led::Init(dsy_gpio_pin, bool, float)
 .text._ZN5daisy3Led3SetEf
                0x0000000008003348       0x24 ../libDaisy/build/libdaisy.a(led.o)
                0x0000000008003348                daisy::Led::Set(float)
 .text._ZN5daisy3Led6UpdateEv
                0x000000000800336c       0x48 ../libDaisy/build/libdaisy.a(led.o)
                0x000000000800336c                daisy::Led::Update()
 .text._ZN5daisy6Switch4InitE12dsy_gpio_pinf
                0x00000000080033b4       0x3c ../libDaisy/build/libdaisy.a(switch.o)
                0x00000000080033b4                daisy::Switch::Init(dsy_gpio_pin, float)
 .text._ZN5daisy6Switch8DebounceEv
                0x00000000080033f0       0x4c ../libDaisy/build/libdaisy.a(switch.o)
                0x00000000080033f0                daisy::Switch::Debounce()
 .text._ZN5daisy16AdcChannelConfig10InitSingleE12dsy_gpio_pin
                0x000000000800343c       0x1c ../libDaisy/build/libdaisy.a(adc.o)
                0x000000000800343c                daisy::AdcChannelConfig::InitSingle(dsy_gpio_pin)
 .text._ZN5daisy9AdcHandle4InitEPNS_16AdcChannelConfigEjNS0_12OverSamplingE
                0x0000000008003458      0x6e8 ../libDaisy/build/libdaisy.a(adc.o)
                0x0000000008003458                daisy::AdcHandle::Init(daisy::AdcChannelConfig*, unsigned int, daisy::AdcHandle::OverSampling)
 .text._ZN5daisy9AdcHandle5StartEv
                0x0000000008003b40       0x2c ../libDaisy/build/libdaisy.a(adc.o)
                0x0000000008003b40                daisy::AdcHandle::Start()
 .text._ZNK5daisy9AdcHandle6GetPtrEh
                0x0000000008003b6c       0x14 ../libDaisy/build/libdaisy.a(adc.o)
                0x0000000008003b6c                daisy::AdcHandle::GetPtr(unsigned char) const
 .text.HAL_ADC_MspInit
                0x0000000008003b80       0x98 ../libDaisy/build/libdaisy.a(adc.o)
                0x0000000008003b80                HAL_ADC_MspInit
 .text.DMA1_Stream2_IRQHandler
                0x0000000008003c18        0xc ../libDaisy/build/libdaisy.a(adc.o)
                0x0000000008003c18                DMA1_Stream2_IRQHandler
 .text.HAL_ADC_ConvCpltCallback
                0x0000000008003c24      0x14c ../libDaisy/build/libdaisy.a(adc.o)
                0x0000000008003c24                HAL_ADC_ConvCpltCallback
 .text.HAL_ADC_ErrorCallback
                0x0000000008003d70        0x4 ../libDaisy/build/libdaisy.a(adc.o)
                0x0000000008003d70                HAL_ADC_ErrorCallback
 .text.dsy_gpio_init
                0x0000000008003d74      0x1b8 ../libDaisy/build/libdaisy.a(gpio.o)
                0x0000000008003d74                dsy_gpio_init
 .text.dsy_gpio_read
                0x0000000008003f2c       0x1c ../libDaisy/build/libdaisy.a(gpio.o)
                0x0000000008003f2c                dsy_gpio_read
 .text.dsy_gpio_write
                0x0000000008003f48       0x24 ../libDaisy/build/libdaisy.a(gpio.o)
                0x0000000008003f48                dsy_gpio_write
 .text._ZN5daisy9I2CHandle4Impl20StartDmaTransmissionEtPhtPFvPvNS0_6ResultEES3_
                0x0000000008003f6c       0xe8 ../libDaisy/build/libdaisy.a(i2c.o)
                0x0000000008003f6c                daisy::I2CHandle::Impl::StartDmaTransmission(unsigned short, unsigned char*, unsigned short, void (*)(void*, daisy::I2CHandle::Result), void*)
 .text._ZN5daisy9I2CHandle4Impl17StartDmaReceptionEtPhtPFvPvNS0_6ResultEES3_
                0x0000000008004054       0xe4 ../libDaisy/build/libdaisy.a(i2c.o)
                0x0000000008004054                daisy::I2CHandle::Impl::StartDmaReception(unsigned short, unsigned char*, unsigned short, void (*)(void*, daisy::I2CHandle::Result), void*)
 .text._ZN5daisy9I2CHandle4Impl8InitPinsEv
                0x0000000008004138       0x58 ../libDaisy/build/libdaisy.a(i2c.o)
                0x0000000008004138                daisy::I2CHandle::Impl::InitPins()
 .text.HAL_I2C_MspInit
                0x0000000008004190      0x1b4 ../libDaisy/build/libdaisy.a(i2c.o)
                0x0000000008004190                HAL_I2C_MspInit
 .text.dsy_i2c_global_init
                0x0000000008004344       0x78 ../libDaisy/build/libdaisy.a(i2c.o)
                0x0000000008004344                dsy_i2c_global_init
 .text.DMA1_Stream6_IRQHandler
                0x00000000080043bc       0x34 ../libDaisy/build/libdaisy.a(i2c.o)
                0x00000000080043bc                DMA1_Stream6_IRQHandler
 .text.I2C1_EV_IRQHandler
                0x00000000080043f0        0xc ../libDaisy/build/libdaisy.a(i2c.o)
                0x00000000080043f0                I2C1_EV_IRQHandler
 .text.I2C2_EV_IRQHandler
                0x00000000080043fc        0xc ../libDaisy/build/libdaisy.a(i2c.o)
                0x00000000080043fc                I2C2_EV_IRQHandler
 .text.I2C3_EV_IRQHandler
                0x0000000008004408        0xc ../libDaisy/build/libdaisy.a(i2c.o)
                0x0000000008004408                I2C3_EV_IRQHandler
 .text.HAL_I2C_MasterTxCpltCallback
                0x0000000008004414       0x94 ../libDaisy/build/libdaisy.a(i2c.o)
                0x0000000008004414                HAL_I2C_MasterTxCpltCallback
 .text.HAL_I2C_MasterRxCpltCallback
                0x00000000080044a8       0x94 ../libDaisy/build/libdaisy.a(i2c.o)
                0x00000000080044a8                HAL_I2C_MasterRxCpltCallback
 .text.HAL_I2C_SlaveTxCpltCallback
                0x000000000800453c       0x94 ../libDaisy/build/libdaisy.a(i2c.o)
                0x000000000800453c                HAL_I2C_SlaveTxCpltCallback
 .text.HAL_I2C_SlaveRxCpltCallback
                0x00000000080045d0       0x94 ../libDaisy/build/libdaisy.a(i2c.o)
                0x00000000080045d0                HAL_I2C_SlaveRxCpltCallback
 .text.HAL_I2C_ErrorCallback
                0x0000000008004664       0x9c ../libDaisy/build/libdaisy.a(i2c.o)
                0x0000000008004664                HAL_I2C_ErrorCallback
 .text._ZN5daisy9I2CHandle4InitERKNS0_6ConfigE
                0x0000000008004700      0x12c ../libDaisy/build/libdaisy.a(i2c.o)
                0x0000000008004700                daisy::I2CHandle::Init(daisy::I2CHandle::Config const&)
 .text._ZNK5daisy9I2CHandle9GetConfigEv
                0x000000000800482c        0x4 ../libDaisy/build/libdaisy.a(i2c.o)
                0x000000000800482c                daisy::I2CHandle::GetConfig() const
 .text._ZN5daisy9I2CHandle16TransmitBlockingEtPhtm
                0x0000000008004830       0x50 ../libDaisy/build/libdaisy.a(i2c.o)
                0x0000000008004830                daisy::I2CHandle::TransmitBlocking(unsigned short, unsigned char*, unsigned short, unsigned long)
 .text._ZN5daisy9I2CHandle11TransmitDmaEtPhtPFvPvNS0_6ResultEES2_
                0x0000000008004880       0x64 ../libDaisy/build/libdaisy.a(i2c.o)
                0x0000000008004880                daisy::I2CHandle::TransmitDma(unsigned short, unsigned char*, unsigned short, void (*)(void*, daisy::I2CHandle::Result), void*)
 .text.startup._GLOBAL__sub_I__ZN5daisy9I2CHandle4Impl10GlobalInitEv
                0x00000000080048e4       0x18 ../libDaisy/build/libdaisy.a(i2c.o)
 *fill*         0x00000000080048fc        0x4 
 .text.dsy_qspi_init
                0x0000000008004900      0x388 ../libDaisy/build/libdaisy.a(qspi.o)
                0x0000000008004900                dsy_qspi_init
 .text.HAL_QSPI_MspInit
                0x0000000008004c88      0x10c ../libDaisy/build/libdaisy.a(qspi.o)
                0x0000000008004c88                HAL_QSPI_MspInit
 .text.HAL_QSPI_MspDeInit
                0x0000000008004d94       0x58 ../libDaisy/build/libdaisy.a(qspi.o)
                0x0000000008004d94                HAL_QSPI_MspDeInit
 .text.QUADSPI_IRQHandler
                0x0000000008004dec        0xc ../libDaisy/build/libdaisy.a(qspi.o)
                0x0000000008004dec                QUADSPI_IRQHandler
 .text._ZN5daisy9SaiHandle4Impl7InitDmaENS1_15PeripheralBlockE
                0x0000000008004df8       0xa0 ../libDaisy/build/libdaisy.a(sai.o)
                0x0000000008004df8                daisy::SaiHandle::Impl::InitDma(daisy::SaiHandle::Impl::PeripheralBlock)
 .text._ZN5daisy9SaiHandle4Impl8InitPinsEv
                0x0000000008004e98       0xa8 ../libDaisy/build/libdaisy.a(sai.o)
                0x0000000008004e98                daisy::SaiHandle::Impl::InitPins()
 .text.HAL_SAI_MspInit
                0x0000000008004f40      0x164 ../libDaisy/build/libdaisy.a(sai.o)
                0x0000000008004f40                HAL_SAI_MspInit
 .text.DMA1_Stream0_IRQHandler
                0x00000000080050a4        0xc ../libDaisy/build/libdaisy.a(sai.o)
                0x00000000080050a4                DMA1_Stream0_IRQHandler
 .text.DMA1_Stream1_IRQHandler
                0x00000000080050b0        0xc ../libDaisy/build/libdaisy.a(sai.o)
                0x00000000080050b0                DMA1_Stream1_IRQHandler
 .text.DMA1_Stream3_IRQHandler
                0x00000000080050bc        0xc ../libDaisy/build/libdaisy.a(sai.o)
                0x00000000080050bc                DMA1_Stream3_IRQHandler
 .text.DMA1_Stream4_IRQHandler
                0x00000000080050c8        0xc ../libDaisy/build/libdaisy.a(sai.o)
                0x00000000080050c8                DMA1_Stream4_IRQHandler
 .text.HAL_SAI_RxHalfCpltCallback
                0x00000000080050d4       0x78 ../libDaisy/build/libdaisy.a(sai.o)
                0x00000000080050d4                HAL_SAI_RxHalfCpltCallback
 .text.HAL_SAI_RxCpltCallback
                0x000000000800514c       0x70 ../libDaisy/build/libdaisy.a(sai.o)
                0x000000000800514c                HAL_SAI_RxCpltCallback
 *fill*         0x00000000080051bc        0x4 
 .text._ZN5daisy9SaiHandle4InitERKNS0_6ConfigE
                0x00000000080051c0      0x1f0 ../libDaisy/build/libdaisy.a(sai.o)
                0x00000000080051c0                daisy::SaiHandle::Init(daisy::SaiHandle::Config const&)
 .text._ZNK5daisy9SaiHandle9GetConfigEv
                0x00000000080053b0        0x4 ../libDaisy/build/libdaisy.a(sai.o)
                0x00000000080053b0                daisy::SaiHandle::GetConfig() const
 .text._ZN5daisy9SaiHandle8StartDmaEPlS1_jPFvS1_S1_jE
                0x00000000080053b4       0x68 ../libDaisy/build/libdaisy.a(sai.o)
                0x00000000080053b4                daisy::SaiHandle::StartDma(long*, long*, unsigned int, void (*)(long*, long*, unsigned int))
 .text._ZN5daisy9SaiHandle13GetSampleRateEv
                0x000000000800541c       0x24 ../libDaisy/build/libdaisy.a(sai.o)
                0x000000000800541c                daisy::SaiHandle::GetSampleRate()
 .text._ZNK5daisy9SaiHandle9GetOffsetEv
                0x0000000008005440        0x8 ../libDaisy/build/libdaisy.a(sai.o)
                0x0000000008005440                daisy::SaiHandle::GetOffset() const
 .text._ZN5daisy11TimerHandleD2Ev
                0x0000000008005448        0x4 ../libDaisy/build/libdaisy.a(system.o)
                0x0000000008005448                daisy::TimerHandle::~TimerHandle()
                0x0000000008005448                daisy::TimerHandle::~TimerHandle()
 .text.SysTick_Handler
                0x000000000800544c       0x10 ../libDaisy/build/libdaisy.a(system.o)
                0x000000000800544c                SysTick_Handler
 .text.HardFault_Handler
                0x000000000800545c        0x4 ../libDaisy/build/libdaisy.a(system.o)
                0x000000000800545c                HardFault_Handler
 .text._ZN5daisy6System5DelayEm
                0x0000000008005460        0x4 ../libDaisy/build/libdaisy.a(system.o)
                0x0000000008005460                daisy::System::Delay(unsigned long)
 .text._ZN5daisy6System15ConfigureClocksEv
                0x0000000008005464      0x194 ../libDaisy/build/libdaisy.a(system.o)
                0x0000000008005464                daisy::System::ConfigureClocks()
 .text._ZN5daisy6System4InitERKNS0_6ConfigE
                0x00000000080055f8      0x11c ../libDaisy/build/libdaisy.a(system.o)
                0x00000000080055f8                daisy::System::Init(daisy::System::Config const&)
 .text._ZN5daisy6System12GetPClk1FreqEv
                0x0000000008005714        0x4 ../libDaisy/build/libdaisy.a(system.o)
                0x0000000008005714                daisy::System::GetPClk1Freq()
 .text.startup._GLOBAL__sub_I_SysTick_Handler
                0x0000000008005718       0x1c ../libDaisy/build/libdaisy.a(system.o)
 .text.SystemInit
                0x0000000008005734       0x84 ../libDaisy/build/libdaisy.a(system_stm32h7xx.o)
                0x0000000008005734                SystemInit
 .text.dsy_hal_map_get_port
                0x00000000080057b8       0x10 ../libDaisy/build/libdaisy.a(hal_map.o)
                0x00000000080057b8                dsy_hal_map_get_port
 .text.dsy_hal_map_get_pin
                0x00000000080057c8       0x10 ../libDaisy/build/libdaisy.a(hal_map.o)
                0x00000000080057c8                dsy_hal_map_get_pin
 .text.HAL_MspInit
                0x00000000080057d8        0x4 ../libDaisy/build/libdaisy.a(stm32h7xx_hal.o)
                0x00000000080057d8                HAL_MspInit
 .text.HAL_InitTick
                0x00000000080057dc       0x4c ../libDaisy/build/libdaisy.a(stm32h7xx_hal.o)
                0x00000000080057dc                HAL_InitTick
 .text.HAL_Init
                0x0000000008005828       0x60 ../libDaisy/build/libdaisy.a(stm32h7xx_hal.o)
                0x0000000008005828                HAL_Init
 .text.HAL_IncTick
                0x0000000008005888       0x18 ../libDaisy/build/libdaisy.a(stm32h7xx_hal.o)
                0x0000000008005888                HAL_IncTick
 .text.HAL_GetTick
                0x00000000080058a0        0xc ../libDaisy/build/libdaisy.a(stm32h7xx_hal.o)
                0x00000000080058a0                HAL_GetTick
 .text.HAL_Delay
                0x00000000080058ac       0x24 ../libDaisy/build/libdaisy.a(stm32h7xx_hal.o)
                0x00000000080058ac                HAL_Delay
 .text.HAL_GetREVID
                0x00000000080058d0        0xc ../libDaisy/build/libdaisy.a(stm32h7xx_hal.o)
                0x00000000080058d0                HAL_GetREVID
 .text.HAL_ADC_ConvHalfCpltCallback
                0x00000000080058dc        0x4 ../libDaisy/build/libdaisy.a(stm32h7xx_hal_adc.o)
                0x00000000080058dc                HAL_ADC_ConvHalfCpltCallback
 .text.ADC_DMAHalfConvCplt
                0x00000000080058e0        0xc ../libDaisy/build/libdaisy.a(stm32h7xx_hal_adc.o)
                0x00000000080058e0                ADC_DMAHalfConvCplt
 .text.ADC_DMAConvCplt
                0x00000000080058ec       0x6c ../libDaisy/build/libdaisy.a(stm32h7xx_hal_adc.o)
                0x00000000080058ec                ADC_DMAConvCplt
 .text.ADC_DMAError
                0x0000000008005958       0x1c ../libDaisy/build/libdaisy.a(stm32h7xx_hal_adc.o)
                0x0000000008005958                ADC_DMAError
 .text.HAL_ADC_ConfigChannel
                0x0000000008005974      0x3fc ../libDaisy/build/libdaisy.a(stm32h7xx_hal_adc.o)
                0x0000000008005974                HAL_ADC_ConfigChannel
 .text.ADC_Enable
                0x0000000008005d70       0xac ../libDaisy/build/libdaisy.a(stm32h7xx_hal_adc.o)
                0x0000000008005d70                ADC_Enable
 .text.HAL_ADC_Start_DMA
                0x0000000008005e1c      0x114 ../libDaisy/build/libdaisy.a(stm32h7xx_hal_adc.o)
                0x0000000008005e1c                HAL_ADC_Start_DMA
 .text.ADC_Disable
                0x0000000008005f30       0x68 ../libDaisy/build/libdaisy.a(stm32h7xx_hal_adc.o)
                0x0000000008005f30                ADC_Disable
 .text.ADC_ConfigureBoostMode
                0x0000000008005f98      0x184 ../libDaisy/build/libdaisy.a(stm32h7xx_hal_adc.o)
                0x0000000008005f98                ADC_ConfigureBoostMode
 .text.HAL_ADC_Init
                0x000000000800611c      0x218 ../libDaisy/build/libdaisy.a(stm32h7xx_hal_adc.o)
                0x000000000800611c                HAL_ADC_Init
 .text.HAL_ADCEx_Calibration_Start
                0x0000000008006334       0xa4 ../libDaisy/build/libdaisy.a(stm32h7xx_hal_adc_ex.o)
                0x0000000008006334                HAL_ADCEx_Calibration_Start
 .text.HAL_ADCEx_MultiModeConfigChannel
                0x00000000080063d8       0xc4 ../libDaisy/build/libdaisy.a(stm32h7xx_hal_adc_ex.o)
                0x00000000080063d8                HAL_ADCEx_MultiModeConfigChannel
 .text.HAL_NVIC_SetPriorityGrouping
                0x000000000800649c       0x24 ../libDaisy/build/libdaisy.a(stm32h7xx_hal_cortex.o)
                0x000000000800649c                HAL_NVIC_SetPriorityGrouping
 .text.HAL_NVIC_SetPriority
                0x00000000080064c0       0x7c ../libDaisy/build/libdaisy.a(stm32h7xx_hal_cortex.o)
                0x00000000080064c0                HAL_NVIC_SetPriority
 .text.HAL_NVIC_EnableIRQ
                0x000000000800653c       0x1c ../libDaisy/build/libdaisy.a(stm32h7xx_hal_cortex.o)
                0x000000000800653c                HAL_NVIC_EnableIRQ
 .text.HAL_NVIC_DisableIRQ
                0x0000000008006558       0x28 ../libDaisy/build/libdaisy.a(stm32h7xx_hal_cortex.o)
                0x0000000008006558                HAL_NVIC_DisableIRQ
 .text.HAL_SYSTICK_Config
                0x0000000008006580       0x2c ../libDaisy/build/libdaisy.a(stm32h7xx_hal_cortex.o)
                0x0000000008006580                HAL_SYSTICK_Config
 .text.HAL_MPU_Disable
                0x00000000080065ac       0x1c ../libDaisy/build/libdaisy.a(stm32h7xx_hal_cortex.o)
                0x00000000080065ac                HAL_MPU_Disable
 .text.HAL_MPU_Enable
                0x00000000080065c8       0x20 ../libDaisy/build/libdaisy.a(stm32h7xx_hal_cortex.o)
                0x00000000080065c8                HAL_MPU_Enable
 .text.HAL_MPU_ConfigRegion
                0x00000000080065e8       0x64 ../libDaisy/build/libdaisy.a(stm32h7xx_hal_cortex.o)
                0x00000000080065e8                HAL_MPU_ConfigRegion
 .text.HAL_SYSTICK_Callback
                0x000000000800664c        0x4 ../libDaisy/build/libdaisy.a(stm32h7xx_hal_cortex.o)
                0x000000000800664c                HAL_SYSTICK_Callback
 .text.HAL_SYSTICK_IRQHandler
                0x0000000008006650        0x8 ../libDaisy/build/libdaisy.a(stm32h7xx_hal_cortex.o)
                0x0000000008006650                HAL_SYSTICK_IRQHandler
 .text.DMA_CalcBaseAndBitshift
                0x0000000008006658       0xf4 ../libDaisy/build/libdaisy.a(stm32h7xx_hal_dma.o)
 .text.DMA_CalcDMAMUXChannelBaseAndMask
                0x000000000800674c       0xd8 ../libDaisy/build/libdaisy.a(stm32h7xx_hal_dma.o)
 .text.HAL_DMA_Init
                0x0000000008006824      0x37c ../libDaisy/build/libdaisy.a(stm32h7xx_hal_dma.o)
                0x0000000008006824                HAL_DMA_Init
 .text.HAL_DMA_Start_IT
                0x0000000008006ba0      0x240 ../libDaisy/build/libdaisy.a(stm32h7xx_hal_dma.o)
                0x0000000008006ba0                HAL_DMA_Start_IT
 .text.HAL_DMA_Abort_IT
                0x0000000008006de0      0x134 ../libDaisy/build/libdaisy.a(stm32h7xx_hal_dma.o)
                0x0000000008006de0                HAL_DMA_Abort_IT
 .text.HAL_DMA_IRQHandler
                0x0000000008006f14      0x6a0 ../libDaisy/build/libdaisy.a(stm32h7xx_hal_dma.o)
                0x0000000008006f14                HAL_DMA_IRQHandler
 .text.HAL_DMA_GetError
                0x00000000080075b4        0x4 ../libDaisy/build/libdaisy.a(stm32h7xx_hal_dma.o)
                0x00000000080075b4                HAL_DMA_GetError
 .text.HAL_GPIO_Init
                0x00000000080075b8      0x280 ../libDaisy/build/libdaisy.a(stm32h7xx_hal_gpio.o)
                0x00000000080075b8                HAL_GPIO_Init
 .text.HAL_GPIO_DeInit
                0x0000000008007838      0x190 ../libDaisy/build/libdaisy.a(stm32h7xx_hal_gpio.o)
                0x0000000008007838                HAL_GPIO_DeInit
 .text.HAL_GPIO_ReadPin
                0x00000000080079c8        0xc ../libDaisy/build/libdaisy.a(stm32h7xx_hal_gpio.o)
                0x00000000080079c8                HAL_GPIO_ReadPin
 .text.HAL_GPIO_WritePin
                0x00000000080079d4        0x8 ../libDaisy/build/libdaisy.a(stm32h7xx_hal_gpio.o)
                0x00000000080079d4                HAL_GPIO_WritePin
 .text.I2C_WaitOnTXISFlagUntilTimeout
                0x00000000080079dc       0xb8 ../libDaisy/build/libdaisy.a(stm32h7xx_hal_i2c.o)
 .text.I2C_WaitOnSTOPFlagUntilTimeout
                0x0000000008007a94       0xac ../libDaisy/build/libdaisy.a(stm32h7xx_hal_i2c.o)
 .text.HAL_I2C_Init
                0x0000000008007b40       0xac ../libDaisy/build/libdaisy.a(stm32h7xx_hal_i2c.o)
                0x0000000008007b40                HAL_I2C_Init
 .text.HAL_I2C_Master_Transmit
                0x0000000008007bec      0x1a8 ../libDaisy/build/libdaisy.a(stm32h7xx_hal_i2c.o)
                0x0000000008007bec                HAL_I2C_Master_Transmit
 .text.HAL_I2C_Slave_Transmit
                0x0000000008007d94      0x1c8 ../libDaisy/build/libdaisy.a(stm32h7xx_hal_i2c.o)
                0x0000000008007d94                HAL_I2C_Slave_Transmit
 .text.HAL_I2C_Master_Transmit_DMA
                0x0000000008007f5c      0x174 ../libDaisy/build/libdaisy.a(stm32h7xx_hal_i2c.o)
                0x0000000008007f5c                HAL_I2C_Master_Transmit_DMA
 .text.HAL_I2C_Master_Receive_DMA
                0x00000000080080d0      0x170 ../libDaisy/build/libdaisy.a(stm32h7xx_hal_i2c.o)
                0x00000000080080d0                HAL_I2C_Master_Receive_DMA
 .text.HAL_I2C_Slave_Transmit_DMA
                0x0000000008008240       0xd8 ../libDaisy/build/libdaisy.a(stm32h7xx_hal_i2c.o)
                0x0000000008008240                HAL_I2C_Slave_Transmit_DMA
 .text.HAL_I2C_Slave_Receive_DMA
                0x0000000008008318       0xdc ../libDaisy/build/libdaisy.a(stm32h7xx_hal_i2c.o)
                0x0000000008008318                HAL_I2C_Slave_Receive_DMA
 .text.HAL_I2C_EV_IRQHandler
                0x00000000080083f4       0x10 ../libDaisy/build/libdaisy.a(stm32h7xx_hal_i2c.o)
                0x00000000080083f4                HAL_I2C_EV_IRQHandler
 .text.I2C_DMASlaveTransmitCplt
                0x0000000008008404       0x90 ../libDaisy/build/libdaisy.a(stm32h7xx_hal_i2c.o)
 .text.I2C_DMASlaveReceiveCplt
                0x0000000008008494       0x94 ../libDaisy/build/libdaisy.a(stm32h7xx_hal_i2c.o)
 .text.HAL_I2C_AddrCallback
                0x0000000008008528        0x4 ../libDaisy/build/libdaisy.a(stm32h7xx_hal_i2c.o)
                0x0000000008008528                HAL_I2C_AddrCallback
 .text.I2C_ITAddrCplt.part.0
                0x000000000800852c       0x64 ../libDaisy/build/libdaisy.a(stm32h7xx_hal_i2c.o)
 .text.HAL_I2C_ListenCpltCallback
                0x0000000008008590        0x4 ../libDaisy/build/libdaisy.a(stm32h7xx_hal_i2c.o)
                0x0000000008008590                HAL_I2C_ListenCpltCallback
 .text.HAL_I2C_MemTxCpltCallback
                0x0000000008008594        0x4 ../libDaisy/build/libdaisy.a(stm32h7xx_hal_i2c.o)
                0x0000000008008594                HAL_I2C_MemTxCpltCallback
 .text.HAL_I2C_MemRxCpltCallback
                0x0000000008008598        0x4 ../libDaisy/build/libdaisy.a(stm32h7xx_hal_i2c.o)
                0x0000000008008598                HAL_I2C_MemRxCpltCallback
 .text.HAL_I2C_AbortCpltCallback
                0x000000000800859c        0x4 ../libDaisy/build/libdaisy.a(stm32h7xx_hal_i2c.o)
                0x000000000800859c                HAL_I2C_AbortCpltCallback
 .text.I2C_ITError
                0x00000000080085a0      0x114 ../libDaisy/build/libdaisy.a(stm32h7xx_hal_i2c.o)
 .text.I2C_ITSlaveCplt
                0x00000000080086b4      0x1d8 ../libDaisy/build/libdaisy.a(stm32h7xx_hal_i2c.o)
 .text.I2C_Slave_ISR_IT
                0x000000000800888c      0x324 ../libDaisy/build/libdaisy.a(stm32h7xx_hal_i2c.o)
 .text.I2C_ITMasterCplt
                0x0000000008008bb0       0xe8 ../libDaisy/build/libdaisy.a(stm32h7xx_hal_i2c.o)
 .text.I2C_Master_ISR_IT
                0x0000000008008c98      0x1f4 ../libDaisy/build/libdaisy.a(stm32h7xx_hal_i2c.o)
 .text.I2C_Slave_ISR_DMA
                0x0000000008008e8c      0x1e4 ../libDaisy/build/libdaisy.a(stm32h7xx_hal_i2c.o)
 .text.I2C_Master_ISR_DMA
                0x0000000008009070      0x22c ../libDaisy/build/libdaisy.a(stm32h7xx_hal_i2c.o)
 .text.I2C_DMAError
                0x000000000800929c       0x48 ../libDaisy/build/libdaisy.a(stm32h7xx_hal_i2c.o)
 .text.I2C_DMAMasterTransmitCplt
                0x00000000080092e4       0x90 ../libDaisy/build/libdaisy.a(stm32h7xx_hal_i2c.o)
 .text.I2C_DMAMasterReceiveCplt
                0x0000000008009374       0x8c ../libDaisy/build/libdaisy.a(stm32h7xx_hal_i2c.o)
 .text.I2C_DMAAbort
                0x0000000008009400       0x28 ../libDaisy/build/libdaisy.a(stm32h7xx_hal_i2c.o)
 .text.HAL_I2C_GetState
                0x0000000008009428        0x8 ../libDaisy/build/libdaisy.a(stm32h7xx_hal_i2c.o)
                0x0000000008009428                HAL_I2C_GetState
 .text.HAL_I2CEx_ConfigAnalogFilter
                0x0000000008009430       0x54 ../libDaisy/build/libdaisy.a(stm32h7xx_hal_i2c_ex.o)
                0x0000000008009430                HAL_I2CEx_ConfigAnalogFilter
 .text.HAL_I2CEx_ConfigDigitalFilter
                0x0000000008009484       0x58 ../libDaisy/build/libdaisy.a(stm32h7xx_hal_i2c_ex.o)
                0x0000000008009484                HAL_I2CEx_ConfigDigitalFilter
 .text.HAL_PWREx_ConfigSupply
                0x00000000080094dc       0x4c ../libDaisy/build/libdaisy.a(stm32h7xx_hal_pwr_ex.o)
                0x00000000080094dc                HAL_PWREx_ConfigSupply
 .text.HAL_PWREx_EnableUSBVoltageDetector
                0x0000000008009528       0x10 ../libDaisy/build/libdaisy.a(stm32h7xx_hal_pwr_ex.o)
                0x0000000008009528                HAL_PWREx_EnableUSBVoltageDetector
 .text.QSPI_Config
                0x0000000008009538      0x174 ../libDaisy/build/libdaisy.a(stm32h7xx_hal_qspi.o)
 .text.HAL_QSPI_Init
                0x00000000080096ac       0xd8 ../libDaisy/build/libdaisy.a(stm32h7xx_hal_qspi.o)
                0x00000000080096ac                HAL_QSPI_Init
 .text.HAL_QSPI_DeInit
                0x0000000008009784       0x3c ../libDaisy/build/libdaisy.a(stm32h7xx_hal_qspi.o)
                0x0000000008009784                HAL_QSPI_DeInit
 .text.HAL_QSPI_Command
                0x00000000080097c0       0xd4 ../libDaisy/build/libdaisy.a(stm32h7xx_hal_qspi.o)
                0x00000000080097c0                HAL_QSPI_Command
 .text.HAL_QSPI_Transmit
                0x0000000008009894       0xfc ../libDaisy/build/libdaisy.a(stm32h7xx_hal_qspi.o)
                0x0000000008009894                HAL_QSPI_Transmit
 .text.HAL_QSPI_Receive
                0x0000000008009990      0x108 ../libDaisy/build/libdaisy.a(stm32h7xx_hal_qspi.o)
                0x0000000008009990                HAL_QSPI_Receive
 .text.HAL_QSPI_AutoPolling
                0x0000000008009a98       0xf0 ../libDaisy/build/libdaisy.a(stm32h7xx_hal_qspi.o)
                0x0000000008009a98                HAL_QSPI_AutoPolling
 .text.HAL_QSPI_MemoryMapped
                0x0000000008009b88       0xc0 ../libDaisy/build/libdaisy.a(stm32h7xx_hal_qspi.o)
                0x0000000008009b88                HAL_QSPI_MemoryMapped
 .text.HAL_QSPI_ErrorCallback
                0x0000000008009c48        0x4 ../libDaisy/build/libdaisy.a(stm32h7xx_hal_qspi.o)
                0x0000000008009c48                HAL_QSPI_ErrorCallback
 .text.QSPI_DMAAbortCplt
                0x0000000008009c4c       0x38 ../libDaisy/build/libdaisy.a(stm32h7xx_hal_qspi.o)
 .text.HAL_QSPI_AbortCpltCallback
                0x0000000008009c84        0x4 ../libDaisy/build/libdaisy.a(stm32h7xx_hal_qspi.o)
                0x0000000008009c84                HAL_QSPI_AbortCpltCallback
 .text.HAL_QSPI_CmdCpltCallback
                0x0000000008009c88        0x4 ../libDaisy/build/libdaisy.a(stm32h7xx_hal_qspi.o)
                0x0000000008009c88                HAL_QSPI_CmdCpltCallback
 .text.HAL_QSPI_RxCpltCallback
                0x0000000008009c8c        0x4 ../libDaisy/build/libdaisy.a(stm32h7xx_hal_qspi.o)
                0x0000000008009c8c                HAL_QSPI_RxCpltCallback
 .text.HAL_QSPI_TxCpltCallback
                0x0000000008009c90        0x4 ../libDaisy/build/libdaisy.a(stm32h7xx_hal_qspi.o)
                0x0000000008009c90                HAL_QSPI_TxCpltCallback
 .text.HAL_QSPI_FifoThresholdCallback
                0x0000000008009c94        0x4 ../libDaisy/build/libdaisy.a(stm32h7xx_hal_qspi.o)
                0x0000000008009c94                HAL_QSPI_FifoThresholdCallback
 .text.HAL_QSPI_StatusMatchCallback
                0x0000000008009c98        0x4 ../libDaisy/build/libdaisy.a(stm32h7xx_hal_qspi.o)
                0x0000000008009c98                HAL_QSPI_StatusMatchCallback
 .text.HAL_QSPI_TimeOutCallback
                0x0000000008009c9c        0x4 ../libDaisy/build/libdaisy.a(stm32h7xx_hal_qspi.o)
                0x0000000008009c9c                HAL_QSPI_TimeOutCallback
 .text.HAL_QSPI_IRQHandler
                0x0000000008009ca0      0x210 ../libDaisy/build/libdaisy.a(stm32h7xx_hal_qspi.o)
                0x0000000008009ca0                HAL_QSPI_IRQHandler
 .text.HAL_RCC_OscConfig
                0x0000000008009eb0      0x51c ../libDaisy/build/libdaisy.a(stm32h7xx_hal_rcc.o)
                0x0000000008009eb0                HAL_RCC_OscConfig
 .text.HAL_RCC_GetSysClockFreq
                0x000000000800a3cc      0x140 ../libDaisy/build/libdaisy.a(stm32h7xx_hal_rcc.o)
                0x000000000800a3cc                HAL_RCC_GetSysClockFreq
 .text.HAL_RCC_ClockConfig
                0x000000000800a50c      0x234 ../libDaisy/build/libdaisy.a(stm32h7xx_hal_rcc.o)
                0x000000000800a50c                HAL_RCC_ClockConfig
 .text.HAL_RCC_GetHCLKFreq
                0x000000000800a740       0x2c ../libDaisy/build/libdaisy.a(stm32h7xx_hal_rcc.o)
                0x000000000800a740                HAL_RCC_GetHCLKFreq
 .text.HAL_RCC_GetPCLK1Freq
                0x000000000800a76c       0x38 ../libDaisy/build/libdaisy.a(stm32h7xx_hal_rcc.o)
                0x000000000800a76c                HAL_RCC_GetPCLK1Freq
 .text.RCCEx_PLL2_Config
                0x000000000800a7a4       0xf4 ../libDaisy/build/libdaisy.a(stm32h7xx_hal_rcc_ex.o)
 .text.RCCEx_PLL3_Config
                0x000000000800a898       0xf4 ../libDaisy/build/libdaisy.a(stm32h7xx_hal_rcc_ex.o)
 .text.HAL_RCCEx_PeriphCLKConfig
                0x000000000800a98c      0xa7c ../libDaisy/build/libdaisy.a(stm32h7xx_hal_rcc_ex.o)
                0x000000000800a98c                HAL_RCCEx_PeriphCLKConfig
 .text.HAL_RCCEx_GetPLL2ClockFreq
                0x000000000800b408      0x17c ../libDaisy/build/libdaisy.a(stm32h7xx_hal_rcc_ex.o)
                0x000000000800b408                HAL_RCCEx_GetPLL2ClockFreq
 .text.HAL_RCCEx_GetPLL3ClockFreq
                0x000000000800b584      0x17c ../libDaisy/build/libdaisy.a(stm32h7xx_hal_rcc_ex.o)
                0x000000000800b584                HAL_RCCEx_GetPLL3ClockFreq
 .text.HAL_RCCEx_GetPLL1ClockFreq
                0x000000000800b700      0x17c ../libDaisy/build/libdaisy.a(stm32h7xx_hal_rcc_ex.o)
                0x000000000800b700                HAL_RCCEx_GetPLL1ClockFreq
 .text.HAL_RCCEx_GetPeriphCLKFreq
                0x000000000800b87c      0x198 ../libDaisy/build/libdaisy.a(stm32h7xx_hal_rcc_ex.o)
                0x000000000800b87c                HAL_RCCEx_GetPeriphCLKFreq
 .text.HAL_RCCEx_GetD1SysClockFreq
                0x000000000800ba14       0x2c ../libDaisy/build/libdaisy.a(stm32h7xx_hal_rcc_ex.o)
                0x000000000800ba14                HAL_RCCEx_GetD1SysClockFreq
 .text.HAL_SAI_Init.part.0
                0x000000000800ba40      0x348 ../libDaisy/build/libdaisy.a(stm32h7xx_hal_sai.o)
 .text.HAL_SAI_InitProtocol
                0x000000000800bd88      0x178 ../libDaisy/build/libdaisy.a(stm32h7xx_hal_sai.o)
                0x000000000800bd88                HAL_SAI_InitProtocol
 .text.HAL_SAI_Transmit_DMA
                0x000000000800bf00      0x124 ../libDaisy/build/libdaisy.a(stm32h7xx_hal_sai.o)
                0x000000000800bf00                HAL_SAI_Transmit_DMA
 .text.HAL_SAI_Receive_DMA
                0x000000000800c024       0xd0 ../libDaisy/build/libdaisy.a(stm32h7xx_hal_sai.o)
                0x000000000800c024                HAL_SAI_Receive_DMA
 .text.HAL_SAI_TxCpltCallback
                0x000000000800c0f4        0x4 ../libDaisy/build/libdaisy.a(stm32h7xx_hal_sai.o)
                0x000000000800c0f4                HAL_SAI_TxCpltCallback
 .text.SAI_DMATxCplt
                0x000000000800c0f8       0x64 ../libDaisy/build/libdaisy.a(stm32h7xx_hal_sai.o)
 .text.HAL_SAI_TxHalfCpltCallback
                0x000000000800c15c        0x4 ../libDaisy/build/libdaisy.a(stm32h7xx_hal_sai.o)
                0x000000000800c15c                HAL_SAI_TxHalfCpltCallback
 .text.SAI_DMATxHalfCplt
                0x000000000800c160        0xc ../libDaisy/build/libdaisy.a(stm32h7xx_hal_sai.o)
 .text.SAI_DMARxCplt
                0x000000000800c16c       0x64 ../libDaisy/build/libdaisy.a(stm32h7xx_hal_sai.o)
 .text.SAI_DMARxHalfCplt
                0x000000000800c1d0        0xc ../libDaisy/build/libdaisy.a(stm32h7xx_hal_sai.o)
 .text.HAL_SAI_ErrorCallback
                0x000000000800c1dc        0x4 ../libDaisy/build/libdaisy.a(stm32h7xx_hal_sai.o)
                0x000000000800c1dc                HAL_SAI_ErrorCallback
 .text.SAI_DMAError
                0x000000000800c1e0       0x6c ../libDaisy/build/libdaisy.a(stm32h7xx_hal_sai.o)
 .text.HAL_SDRAM_Init
                0x000000000800c24c       0x54 ../libDaisy/build/libdaisy.a(stm32h7xx_hal_sdram.o)
                0x000000000800c24c                HAL_SDRAM_Init
 .text.HAL_SDRAM_SendCommand
                0x000000000800c2a0       0x40 ../libDaisy/build/libdaisy.a(stm32h7xx_hal_sdram.o)
                0x000000000800c2a0                HAL_SDRAM_SendCommand
 .text.HAL_SDRAM_ProgramRefreshRate
                0x000000000800c2e0       0x30 ../libDaisy/build/libdaisy.a(stm32h7xx_hal_sdram.o)
                0x000000000800c2e0                HAL_SDRAM_ProgramRefreshRate
 .text.FMC_SDRAM_Init
                0x000000000800c310       0x7c ../libDaisy/build/libdaisy.a(stm32h7xx_ll_fmc.o)
                0x000000000800c310                FMC_SDRAM_Init
 .text.FMC_SDRAM_Timing_Init
                0x000000000800c38c       0x98 ../libDaisy/build/libdaisy.a(stm32h7xx_ll_fmc.o)
                0x000000000800c38c                FMC_SDRAM_Timing_Init
 .text.FMC_SDRAM_SendCommand
                0x000000000800c424       0x28 ../libDaisy/build/libdaisy.a(stm32h7xx_ll_fmc.o)
                0x000000000800c424                FMC_SDRAM_SendCommand
 .text.FMC_SDRAM_ProgramRefreshRate
                0x000000000800c44c       0x1c ../libDaisy/build/libdaisy.a(stm32h7xx_ll_fmc.o)
                0x000000000800c44c                FMC_SDRAM_ProgramRefreshRate
 .text.HAL_TIM_Base_MspInit
                0x000000000800c468       0xcc ../libDaisy/build/libdaisy.a(tim.o)
                0x000000000800c468                HAL_TIM_Base_MspInit
 .text._ZN5daisy11TimerHandle4InitERKNS0_6ConfigE
                0x000000000800c534       0xc4 ../libDaisy/build/libdaisy.a(tim.o)
                0x000000000800c534                daisy::TimerHandle::Init(daisy::TimerHandle::Config const&)
 .text._ZN5daisy11TimerHandle5StartEv
                0x000000000800c5f8       0x14 ../libDaisy/build/libdaisy.a(tim.o)
                0x000000000800c5f8                daisy::TimerHandle::Start()
 .text.dsy_dma_init
                0x000000000800c60c       0xd0 ../libDaisy/build/libdaisy.a(dma.o)
                0x000000000800c60c                dsy_dma_init
 .text.HAL_MDMA_Abort_IT
                0x000000000800c6dc       0x2c ../libDaisy/build/libdaisy.a(stm32h7xx_hal_mdma.o)
                0x000000000800c6dc                HAL_MDMA_Abort_IT
 .text.HAL_TIM_Base_Init
                0x000000000800c708      0x140 ../libDaisy/build/libdaisy.a(stm32h7xx_hal_tim.o)
                0x000000000800c708                HAL_TIM_Base_Init
 .text.HAL_TIM_Base_Start
                0x000000000800c848       0x34 ../libDaisy/build/libdaisy.a(stm32h7xx_hal_tim.o)
                0x000000000800c848                HAL_TIM_Base_Start
 .text.HAL_TIM_ConfigClockSource
                0x000000000800c87c      0x17c ../libDaisy/build/libdaisy.a(stm32h7xx_hal_tim.o)
                0x000000000800c87c                HAL_TIM_ConfigClockSource
 .text.HAL_TIMEx_MasterConfigSynchronization
                0x000000000800c9f8       0x64 ../libDaisy/build/libdaisy.a(stm32h7xx_hal_tim_ex.o)
                0x000000000800c9f8                HAL_TIMEx_MasterConfigSynchronization
 .text._ZN7daisysp5AdEnv4InitEf
                0x000000000800ca5c       0x30 ../DaisySP/build/libdaisysp.a(adenv.o)
                0x000000000800ca5c                daisysp::AdEnv::Init(float)
 .text._ZN7daisysp5AdEnv7ProcessEv
                0x000000000800ca8c      0x1b8 ../DaisySP/build/libdaisysp.a(adenv.o)
                0x000000000800ca8c                daisysp::AdEnv::Process()
 .text._ZN7daisysp10Compressor4InitEf
                0x000000000800cc44      0x138 ../DaisySP/build/libdaisysp.a(compressor.o)
                0x000000000800cc44                daisysp::Compressor::Init(float)
 .text._ZN7daisysp10Compressor7ProcessEf
                0x000000000800cd7c       0xf8 ../DaisySP/build/libdaisysp.a(compressor.o)
                0x000000000800cd7c                daisysp::Compressor::Process(float)
 .text._ZN7daisysp3Svf4InitEf
                0x000000000800ce74       0x48 ../DaisySP/build/libdaisysp.a(svf.o)
                0x000000000800ce74                daisysp::Svf::Init(float)
 .text._ZN7daisysp3Svf7ProcessEf
                0x000000000800cebc       0xc8 ../DaisySP/build/libdaisysp.a(svf.o)
                0x000000000800cebc                daisysp::Svf::Process(float)
 .text._ZN7daisysp3Svf7SetFreqEf
                0x000000000800cf84       0xc8 ../DaisySP/build/libdaisysp.a(svf.o)
                0x000000000800cf84                daisysp::Svf::SetFreq(float)
 .text._ZN7daisysp3Svf6SetResEf
                0x000000000800d04c       0x8c ../DaisySP/build/libdaisysp.a(svf.o)
                0x000000000800d04c                daisysp::Svf::SetRes(float)
 .text._ZN7daisysp3Svf8SetDriveEf
                0x000000000800d0d8       0x34 ../DaisySP/build/libdaisysp.a(svf.o)
                0x000000000800d0d8                daisysp::Svf::SetDrive(float)
 .text.__aeabi_atexit
                0x000000000800d10c        0xa /usr/local/Caskroom/gcc-arm-embedded/10-2020-q4-major/gcc-arm-none-eabi-10-2020-q4-major/bin/../lib/gcc/arm-none-eabi/10.2.1/../../../../arm-none-eabi/lib/thumb/v7e-m+dp/hard/libstdc++_nano.a(atexit_arm.o)
                0x000000000800d10c                __aeabi_atexit
 *fill*         0x000000000800d116        0x2 
 .text.expf     0x000000000800d118       0xe4 /usr/local/Caskroom/gcc-arm-embedded/10-2020-q4-major/gcc-arm-none-eabi-10-2020-q4-major/bin/../lib/gcc/arm-none-eabi/10.2.1/../../../../arm-none-eabi/lib/thumb/v7e-m+dp/hard/libm.a(lib_a-sf_exp.o)
                0x000000000800d118                expf
 .text.frexpf   0x000000000800d1fc       0x54 /usr/local/Caskroom/gcc-arm-embedded/10-2020-q4-major/gcc-arm-none-eabi-10-2020-q4-major/bin/../lib/gcc/arm-none-eabi/10.2.1/../../../../arm-none-eabi/lib/thumb/v7e-m+dp/hard/libm.a(lib_a-sf_frexp.o)
                0x000000000800d1fc                frexpf
 .text.powf     0x000000000800d250      0x328 /usr/local/Caskroom/gcc-arm-embedded/10-2020-q4-major/gcc-arm-none-eabi-10-2020-q4-major/bin/../lib/gcc/arm-none-eabi/10.2.1/../../../../arm-none-eabi/lib/thumb/v7e-m+dp/hard/libm.a(lib_a-sf_pow.o)
                0x000000000800d250                powf
 .text.tanhf    0x000000000800d578       0xb8 /usr/local/Caskroom/gcc-arm-embedded/10-2020-q4-major/gcc-arm-none-eabi-10-2020-q4-major/bin/../lib/gcc/arm-none-eabi/10.2.1/../../../../arm-none-eabi/lib/thumb/v7e-m+dp/hard/libm.a(lib_a-sf_tanh.o)
                0x000000000800d578                tanhf
 .text.sinf     0x000000000800d630      0x20c /usr/local/Caskroom/gcc-arm-embedded/10-2020-q4-major/gcc-arm-none-eabi-10-2020-q4-major/bin/../lib/gcc/arm-none-eabi/10.2.1/../../../../arm-none-eabi/lib/thumb/v7e-m+dp/hard/libm.a(lib_a-sinf.o)
                0x000000000800d630                sinf
 .text.with_errnof
                0x000000000800d83c       0x18 /usr/local/Caskroom/gcc-arm-embedded/10-2020-q4-major/gcc-arm-none-eabi-10-2020-q4-major/bin/../lib/gcc/arm-none-eabi/10.2.1/../../../../arm-none-eabi/lib/thumb/v7e-m+dp/hard/libm.a(lib_a-math_errf.o)
 .text.xflowf   0x000000000800d854       0x20 /usr/local/Caskroom/gcc-arm-embedded/10-2020-q4-major/gcc-arm-none-eabi-10-2020-q4-major/bin/../lib/gcc/arm-none-eabi/10.2.1/../../../../arm-none-eabi/lib/thumb/v7e-m+dp/hard/libm.a(lib_a-math_errf.o)
 .text.__math_uflowf
                0x000000000800d874        0xc /usr/local/Caskroom/gcc-arm-embedded/10-2020-q4-major/gcc-arm-none-eabi-10-2020-q4-major/bin/../lib/gcc/arm-none-eabi/10.2.1/../../../../arm-none-eabi/lib/thumb/v7e-m+dp/hard/libm.a(lib_a-math_errf.o)
                0x000000000800d874                __math_uflowf
 .text.__math_may_uflowf
                0x000000000800d880        0xc /usr/local/Caskroom/gcc-arm-embedded/10-2020-q4-major/gcc-arm-none-eabi-10-2020-q4-major/bin/../lib/gcc/arm-none-eabi/10.2.1/../../../../arm-none-eabi/lib/thumb/v7e-m+dp/hard/libm.a(lib_a-math_errf.o)
                0x000000000800d880                __math_may_uflowf
 .text.__math_oflowf
                0x000000000800d88c        0xc /usr/local/Caskroom/gcc-arm-embedded/10-2020-q4-major/gcc-arm-none-eabi-10-2020-q4-major/bin/../lib/gcc/arm-none-eabi/10.2.1/../../../../arm-none-eabi/lib/thumb/v7e-m+dp/hard/libm.a(lib_a-math_errf.o)
                0x000000000800d88c                __math_oflowf
 .text.__math_divzerof
                0x000000000800d898       0x24 /usr/local/Caskroom/gcc-arm-embedded/10-2020-q4-major/gcc-arm-none-eabi-10-2020-q4-major/bin/../lib/gcc/arm-none-eabi/10.2.1/../../../../arm-none-eabi/lib/thumb/v7e-m+dp/hard/libm.a(lib_a-math_errf.o)
                0x000000000800d898                __math_divzerof
 .text.__math_invalidf
                0x000000000800d8bc       0x20 /usr/local/Caskroom/gcc-arm-embedded/10-2020-q4-major/gcc-arm-none-eabi-10-2020-q4-major/bin/../lib/gcc/arm-none-eabi/10.2.1/../../../../arm-none-eabi/lib/thumb/v7e-m+dp/hard/libm.a(lib_a-math_errf.o)
                0x000000000800d8bc                __math_invalidf
 .text.expm1f   0x000000000800d8dc      0x26c /usr/local/Caskroom/gcc-arm-embedded/10-2020-q4-major/gcc-arm-none-eabi-10-2020-q4-major/bin/../lib/gcc/arm-none-eabi/10.2.1/../../../../arm-none-eabi/lib/thumb/v7e-m+dp/hard/libm.a(lib_a-sf_expm1.o)
                0x000000000800d8dc                expm1f
 .text.fabsf    0x000000000800db48       0x10 /usr/local/Caskroom/gcc-arm-embedded/10-2020-q4-major/gcc-arm-none-eabi-10-2020-q4-major/bin/../lib/gcc/arm-none-eabi/10.2.1/../../../../arm-none-eabi/lib/thumb/v7e-m+dp/hard/libm.a(lib_a-sf_fabs.o)
                0x000000000800db48                fabsf
 .text.__cxa_atexit
                0x000000000800db58       0x1c /usr/local/Caskroom/gcc-arm-embedded/10-2020-q4-major/gcc-arm-none-eabi-10-2020-q4-major/bin/../lib/gcc/arm-none-eabi/10.2.1/../../../../arm-none-eabi/lib/thumb/v7e-m+dp/hard/libc_nano.a(lib_a-cxa_atexit.o)
                0x000000000800db58                __cxa_atexit
 .text.__errno  0x000000000800db74        0xc /usr/local/Caskroom/gcc-arm-embedded/10-2020-q4-major/gcc-arm-none-eabi-10-2020-q4-major/bin/../lib/gcc/arm-none-eabi/10.2.1/../../../../arm-none-eabi/lib/thumb/v7e-m+dp/hard/libc_nano.a(lib_a-errno.o)
                0x000000000800db74                __errno
 .text.__libc_init_array
                0x000000000800db80       0x48 /usr/local/Caskroom/gcc-arm-embedded/10-2020-q4-major/gcc-arm-none-eabi-10-2020-q4-major/bin/../lib/gcc/arm-none-eabi/10.2.1/../../../../arm-none-eabi/lib/thumb/v7e-m+dp/hard/libc_nano.a(lib_a-init.o)
                0x000000000800db80                __libc_init_array
 .text.memcpy   0x000000000800dbc8       0x1c /usr/local/Caskroom/gcc-arm-embedded/10-2020-q4-major/gcc-arm-none-eabi-10-2020-q4-major/bin/../lib/gcc/arm-none-eabi/10.2.1/../../../../arm-none-eabi/lib/thumb/v7e-m+dp/hard/libc_nano.a(lib_a-memcpy-stub.o)
                0x000000000800dbc8                memcpy
 .text.memset   0x000000000800dbe4       0x10 /usr/local/Caskroom/gcc-arm-embedded/10-2020-q4-major/gcc-arm-none-eabi-10-2020-q4-major/bin/../lib/gcc/arm-none-eabi/10.2.1/../../../../arm-none-eabi/lib/thumb/v7e-m+dp/hard/libc_nano.a(lib_a-memset.o)
                0x000000000800dbe4                memset
 .text.printf   0x000000000800dbf4       0x30 /usr/local/Caskroom/gcc-arm-embedded/10-2020-q4-major/gcc-arm-none-eabi-10-2020-q4-major/bin/../lib/gcc/arm-none-eabi/10.2.1/../../../../arm-none-eabi/lib/thumb/v7e-m+dp/hard/libc_nano.a(lib_a-printf.o)
                0x000000000800dbf4                printf
                0x000000000800dbf4                iprintf
 .text.rand     0x000000000800dc24       0x7c /usr/local/Caskroom/gcc-arm-embedded/10-2020-q4-major/gcc-arm-none-eabi-10-2020-q4-major/bin/../lib/gcc/arm-none-eabi/10.2.1/../../../../arm-none-eabi/lib/thumb/v7e-m+dp/hard/libc_nano.a(lib_a-rand.o)
                0x000000000800dc24                rand
 .text.__assert_func
                0x000000000800dca0       0x3c /usr/local/Caskroom/gcc-arm-embedded/10-2020-q4-major/gcc-arm-none-eabi-10-2020-q4-major/bin/../lib/gcc/arm-none-eabi/10.2.1/../../../../arm-none-eabi/lib/thumb/v7e-m+dp/hard/libc_nano.a(lib_a-assert.o)
                0x000000000800dca0                __assert_func
 .text.std      0x000000000800dcdc       0x48 /usr/local/Caskroom/gcc-arm-embedded/10-2020-q4-major/gcc-arm-none-eabi-10-2020-q4-major/bin/../lib/gcc/arm-none-eabi/10.2.1/../../../../arm-none-eabi/lib/thumb/v7e-m+dp/hard/libc_nano.a(lib_a-findfp.o)
 .text._cleanup_r
                0x000000000800dd24        0xc /usr/local/Caskroom/gcc-arm-embedded/10-2020-q4-major/gcc-arm-none-eabi-10-2020-q4-major/bin/../lib/gcc/arm-none-eabi/10.2.1/../../../../arm-none-eabi/lib/thumb/v7e-m+dp/hard/libc_nano.a(lib_a-findfp.o)
                0x000000000800dd24                _cleanup_r
 .text.__sfmoreglue
                0x000000000800dd30       0x2c /usr/local/Caskroom/gcc-arm-embedded/10-2020-q4-major/gcc-arm-none-eabi-10-2020-q4-major/bin/../lib/gcc/arm-none-eabi/10.2.1/../../../../arm-none-eabi/lib/thumb/v7e-m+dp/hard/libc_nano.a(lib_a-findfp.o)
                0x000000000800dd30                __sfmoreglue
 .text.__sfp_lock_acquire
                0x000000000800dd5c        0xc /usr/local/Caskroom/gcc-arm-embedded/10-2020-q4-major/gcc-arm-none-eabi-10-2020-q4-major/bin/../lib/gcc/arm-none-eabi/10.2.1/../../../../arm-none-eabi/lib/thumb/v7e-m+dp/hard/libc_nano.a(lib_a-findfp.o)
                0x000000000800dd5c                __sfp_lock_acquire
 .text.__sfp_lock_release
                0x000000000800dd68        0xc /usr/local/Caskroom/gcc-arm-embedded/10-2020-q4-major/gcc-arm-none-eabi-10-2020-q4-major/bin/../lib/gcc/arm-none-eabi/10.2.1/../../../../arm-none-eabi/lib/thumb/v7e-m+dp/hard/libc_nano.a(lib_a-findfp.o)
                0x000000000800dd68                __sfp_lock_release
 .text.__sinit_lock_acquire
                0x000000000800dd74        0xc /usr/local/Caskroom/gcc-arm-embedded/10-2020-q4-major/gcc-arm-none-eabi-10-2020-q4-major/bin/../lib/gcc/arm-none-eabi/10.2.1/../../../../arm-none-eabi/lib/thumb/v7e-m+dp/hard/libc_nano.a(lib_a-findfp.o)
                0x000000000800dd74                __sinit_lock_acquire
 .text.__sinit_lock_release
                0x000000000800dd80        0xc /usr/local/Caskroom/gcc-arm-embedded/10-2020-q4-major/gcc-arm-none-eabi-10-2020-q4-major/bin/../lib/gcc/arm-none-eabi/10.2.1/../../../../arm-none-eabi/lib/thumb/v7e-m+dp/hard/libc_nano.a(lib_a-findfp.o)
                0x000000000800dd80                __sinit_lock_release
 .text.__sinit  0x000000000800dd8c       0x70 /usr/local/Caskroom/gcc-arm-embedded/10-2020-q4-major/gcc-arm-none-eabi-10-2020-q4-major/bin/../lib/gcc/arm-none-eabi/10.2.1/../../../../arm-none-eabi/lib/thumb/v7e-m+dp/hard/libc_nano.a(lib_a-findfp.o)
                0x000000000800dd8c                __sinit
 .text.__sfp    0x000000000800ddfc       0x8c /usr/local/Caskroom/gcc-arm-embedded/10-2020-q4-major/gcc-arm-none-eabi-10-2020-q4-major/bin/../lib/gcc/arm-none-eabi/10.2.1/../../../../arm-none-eabi/lib/thumb/v7e-m+dp/hard/libc_nano.a(lib_a-findfp.o)
                0x000000000800ddfc                __sfp
 .text.fprintf  0x000000000800de88       0x24 /usr/local/Caskroom/gcc-arm-embedded/10-2020-q4-major/gcc-arm-none-eabi-10-2020-q4-major/bin/../lib/gcc/arm-none-eabi/10.2.1/../../../../arm-none-eabi/lib/thumb/v7e-m+dp/hard/libc_nano.a(lib_a-fprintf.o)
                0x000000000800de88                fprintf
                0x000000000800de88                fiprintf
 .text._fwalk_reent
                0x000000000800deac       0x3e /usr/local/Caskroom/gcc-arm-embedded/10-2020-q4-major/gcc-arm-none-eabi-10-2020-q4-major/bin/../lib/gcc/arm-none-eabi/10.2.1/../../../../arm-none-eabi/lib/thumb/v7e-m+dp/hard/libc_nano.a(lib_a-fwalk.o)
                0x000000000800deac                _fwalk_reent
 .text.__retarget_lock_init_recursive
                0x000000000800deea        0x2 /usr/local/Caskroom/gcc-arm-embedded/10-2020-q4-major/gcc-arm-none-eabi-10-2020-q4-major/bin/../lib/gcc/arm-none-eabi/10.2.1/../../../../arm-none-eabi/lib/thumb/v7e-m+dp/hard/libc_nano.a(lib_a-lock.o)
                0x000000000800deea                __retarget_lock_init_recursive
 .text.__retarget_lock_acquire_recursive
                0x000000000800deec        0x2 /usr/local/Caskroom/gcc-arm-embedded/10-2020-q4-major/gcc-arm-none-eabi-10-2020-q4-major/bin/../lib/gcc/arm-none-eabi/10.2.1/../../../../arm-none-eabi/lib/thumb/v7e-m+dp/hard/libc_nano.a(lib_a-lock.o)
                0x000000000800deec                __retarget_lock_acquire_recursive
 .text.__retarget_lock_release_recursive
                0x000000000800deee        0x2 /usr/local/Caskroom/gcc-arm-embedded/10-2020-q4-major/gcc-arm-none-eabi-10-2020-q4-major/bin/../lib/gcc/arm-none-eabi/10.2.1/../../../../arm-none-eabi/lib/thumb/v7e-m+dp/hard/libc_nano.a(lib_a-lock.o)
                0x000000000800deee                __retarget_lock_release_recursive
 .text.malloc   0x000000000800def0       0x10 /usr/local/Caskroom/gcc-arm-embedded/10-2020-q4-major/gcc-arm-none-eabi-10-2020-q4-major/bin/../lib/gcc/arm-none-eabi/10.2.1/../../../../arm-none-eabi/lib/thumb/v7e-m+dp/hard/libc_nano.a(lib_a-malloc.o)
                0x000000000800def0                malloc
 .text._free_r  0x000000000800df00       0x98 /usr/local/Caskroom/gcc-arm-embedded/10-2020-q4-major/gcc-arm-none-eabi-10-2020-q4-major/bin/../lib/gcc/arm-none-eabi/10.2.1/../../../../arm-none-eabi/lib/thumb/v7e-m+dp/hard/libc_nano.a(lib_a-nano-freer.o)
                0x000000000800df00                _free_r
 .text._malloc_r
                0x000000000800df98       0xb4 /usr/local/Caskroom/gcc-arm-embedded/10-2020-q4-major/gcc-arm-none-eabi-10-2020-q4-major/bin/../lib/gcc/arm-none-eabi/10.2.1/../../../../arm-none-eabi/lib/thumb/v7e-m+dp/hard/libc_nano.a(lib_a-nano-mallocr.o)
                0x000000000800df98                _malloc_r
 .text.__sfputc_r
                0x000000000800e04c       0x2e /usr/local/Caskroom/gcc-arm-embedded/10-2020-q4-major/gcc-arm-none-eabi-10-2020-q4-major/bin/../lib/gcc/arm-none-eabi/10.2.1/../../../../arm-none-eabi/lib/thumb/v7e-m+dp/hard/libc_nano.a(lib_a-nano-vfprintf.o)
 .text.__sfputs_r
                0x000000000800e07a       0x24 /usr/local/Caskroom/gcc-arm-embedded/10-2020-q4-major/gcc-arm-none-eabi-10-2020-q4-major/bin/../lib/gcc/arm-none-eabi/10.2.1/../../../../arm-none-eabi/lib/thumb/v7e-m+dp/hard/libc_nano.a(lib_a-nano-vfprintf.o)
                0x000000000800e07a                __sfputs_r
 *fill*         0x000000000800e09e        0x2 
 .text._vfprintf_r
                0x000000000800e0a0      0x260 /usr/local/Caskroom/gcc-arm-embedded/10-2020-q4-major/gcc-arm-none-eabi-10-2020-q4-major/bin/../lib/gcc/arm-none-eabi/10.2.1/../../../../arm-none-eabi/lib/thumb/v7e-m+dp/hard/libc_nano.a(lib_a-nano-vfprintf.o)
                0x000000000800e0a0                _vfiprintf_r
                0x000000000800e0a0                _vfprintf_r
 .text._printf_common
                0x000000000800e300       0xda /usr/local/Caskroom/gcc-arm-embedded/10-2020-q4-major/gcc-arm-none-eabi-10-2020-q4-major/bin/../lib/gcc/arm-none-eabi/10.2.1/../../../../arm-none-eabi/lib/thumb/v7e-m+dp/hard/libc_nano.a(lib_a-nano-vfprintf_i.o)
                0x000000000800e300                _printf_common
 *fill*         0x000000000800e3da        0x2 
 .text._printf_i
                0x000000000800e3dc      0x24c /usr/local/Caskroom/gcc-arm-embedded/10-2020-q4-major/gcc-arm-none-eabi-10-2020-q4-major/bin/../lib/gcc/arm-none-eabi/10.2.1/../../../../arm-none-eabi/lib/thumb/v7e-m+dp/hard/libc_nano.a(lib_a-nano-vfprintf_i.o)
                0x000000000800e3dc                _printf_i
 .text._sbrk_r  0x000000000800e628       0x20 /usr/local/Caskroom/gcc-arm-embedded/10-2020-q4-major/gcc-arm-none-eabi-10-2020-q4-major/bin/../lib/gcc/arm-none-eabi/10.2.1/../../../../arm-none-eabi/lib/thumb/v7e-m+dp/hard/libc_nano.a(lib_a-sbrkr.o)
                0x000000000800e628                _sbrk_r
 .text.__sread  0x000000000800e648       0x22 /usr/local/Caskroom/gcc-arm-embedded/10-2020-q4-major/gcc-arm-none-eabi-10-2020-q4-major/bin/../lib/gcc/arm-none-eabi/10.2.1/../../../../arm-none-eabi/lib/thumb/v7e-m+dp/hard/libc_nano.a(lib_a-stdio.o)
                0x000000000800e648                __sread
 .text.__swrite
                0x000000000800e66a       0x38 /usr/local/Caskroom/gcc-arm-embedded/10-2020-q4-major/gcc-arm-none-eabi-10-2020-q4-major/bin/../lib/gcc/arm-none-eabi/10.2.1/../../../../arm-none-eabi/lib/thumb/v7e-m+dp/hard/libc_nano.a(lib_a-stdio.o)
                0x000000000800e66a                __swrite
 .text.__sseek  0x000000000800e6a2       0x24 /usr/local/Caskroom/gcc-arm-embedded/10-2020-q4-major/gcc-arm-none-eabi-10-2020-q4-major/bin/../lib/gcc/arm-none-eabi/10.2.1/../../../../arm-none-eabi/lib/thumb/v7e-m+dp/hard/libc_nano.a(lib_a-stdio.o)
                0x000000000800e6a2                __sseek
 .text.__sclose
                0x000000000800e6c6        0x8 /usr/local/Caskroom/gcc-arm-embedded/10-2020-q4-major/gcc-arm-none-eabi-10-2020-q4-major/bin/../lib/gcc/arm-none-eabi/10.2.1/../../../../arm-none-eabi/lib/thumb/v7e-m+dp/hard/libc_nano.a(lib_a-stdio.o)
                0x000000000800e6c6                __sclose
 *fill*         0x000000000800e6ce        0x2 
 .text.__swbuf_r
                0x000000000800e6d0       0xa4 /usr/local/Caskroom/gcc-arm-embedded/10-2020-q4-major/gcc-arm-none-eabi-10-2020-q4-major/bin/../lib/gcc/arm-none-eabi/10.2.1/../../../../arm-none-eabi/lib/thumb/v7e-m+dp/hard/libc_nano.a(lib_a-wbuf.o)
                0x000000000800e6d0                __swbuf_r
 .text._write_r
                0x000000000800e774       0x24 /usr/local/Caskroom/gcc-arm-embedded/10-2020-q4-major/gcc-arm-none-eabi-10-2020-q4-major/bin/../lib/gcc/arm-none-eabi/10.2.1/../../../../arm-none-eabi/lib/thumb/v7e-m+dp/hard/libc_nano.a(lib_a-writer.o)
                0x000000000800e774                _write_r
 .text.__swsetup_r
                0x000000000800e798       0xdc /usr/local/Caskroom/gcc-arm-embedded/10-2020-q4-major/gcc-arm-none-eabi-10-2020-q4-major/bin/../lib/gcc/arm-none-eabi/10.2.1/../../../../arm-none-eabi/lib/thumb/v7e-m+dp/hard/libc_nano.a(lib_a-wsetup.o)
                0x000000000800e798                __swsetup_r
 .text.abort    0x000000000800e874        0xe /usr/local/Caskroom/gcc-arm-embedded/10-2020-q4-major/gcc-arm-none-eabi-10-2020-q4-major/bin/../lib/gcc/arm-none-eabi/10.2.1/../../../../arm-none-eabi/lib/thumb/v7e-m+dp/hard/libc_nano.a(lib_a-abort.o)
                0x000000000800e874                abort
 *fill*         0x000000000800e882        0x2 
 .text._close_r
                0x000000000800e884       0x20 /usr/local/Caskroom/gcc-arm-embedded/10-2020-q4-major/gcc-arm-none-eabi-10-2020-q4-major/bin/../lib/gcc/arm-none-eabi/10.2.1/../../../../arm-none-eabi/lib/thumb/v7e-m+dp/hard/libc_nano.a(lib_a-closer.o)
                0x000000000800e884                _close_r
 .text.__sflush_r
                0x000000000800e8a4      0x10c /usr/local/Caskroom/gcc-arm-embedded/10-2020-q4-major/gcc-arm-none-eabi-10-2020-q4-major/bin/../lib/gcc/arm-none-eabi/10.2.1/../../../../arm-none-eabi/lib/thumb/v7e-m+dp/hard/libc_nano.a(lib_a-fflush.o)
                0x000000000800e8a4                __sflush_r
 .text._fflush_r
                0x000000000800e9b0       0x78 /usr/local/Caskroom/gcc-arm-embedded/10-2020-q4-major/gcc-arm-none-eabi-10-2020-q4-major/bin/../lib/gcc/arm-none-eabi/10.2.1/../../../../arm-none-eabi/lib/thumb/v7e-m+dp/hard/libc_nano.a(lib_a-fflush.o)
                0x000000000800e9b0                _fflush_r
 .text._lseek_r
                0x000000000800ea28       0x24 /usr/local/Caskroom/gcc-arm-embedded/10-2020-q4-major/gcc-arm-none-eabi-10-2020-q4-major/bin/../lib/gcc/arm-none-eabi/10.2.1/../../../../arm-none-eabi/lib/thumb/v7e-m+dp/hard/libc_nano.a(lib_a-lseekr.o)
                0x000000000800ea28                _lseek_r
 .text.__swhatbuf_r
                0x000000000800ea4c       0x4a /usr/local/Caskroom/gcc-arm-embedded/10-2020-q4-major/gcc-arm-none-eabi-10-2020-q4-major/bin/../lib/gcc/arm-none-eabi/10.2.1/../../../../arm-none-eabi/lib/thumb/v7e-m+dp/hard/libc_nano.a(lib_a-makebuf.o)
                0x000000000800ea4c                __swhatbuf_r
 *fill*         0x000000000800ea96        0x2 
 .text.__smakebuf_r
                0x000000000800ea98       0x80 /usr/local/Caskroom/gcc-arm-embedded/10-2020-q4-major/gcc-arm-none-eabi-10-2020-q4-major/bin/../lib/gcc/arm-none-eabi/10.2.1/../../../../arm-none-eabi/lib/thumb/v7e-m+dp/hard/libc_nano.a(lib_a-makebuf.o)
                0x000000000800ea98                __smakebuf_r
 .text.__malloc_lock
                0x000000000800eb18        0xc /usr/local/Caskroom/gcc-arm-embedded/10-2020-q4-major/gcc-arm-none-eabi-10-2020-q4-major/bin/../lib/gcc/arm-none-eabi/10.2.1/../../../../arm-none-eabi/lib/thumb/v7e-m+dp/hard/libc_nano.a(lib_a-mlock.o)
                0x000000000800eb18                __malloc_lock
 .text.__malloc_unlock
                0x000000000800eb24        0xc /usr/local/Caskroom/gcc-arm-embedded/10-2020-q4-major/gcc-arm-none-eabi-10-2020-q4-major/bin/../lib/gcc/arm-none-eabi/10.2.1/../../../../arm-none-eabi/lib/thumb/v7e-m+dp/hard/libc_nano.a(lib_a-mlock.o)
                0x000000000800eb24                __malloc_unlock
 .text._read_r  0x000000000800eb30       0x24 /usr/local/Caskroom/gcc-arm-embedded/10-2020-q4-major/gcc-arm-none-eabi-10-2020-q4-major/bin/../lib/gcc/arm-none-eabi/10.2.1/../../../../arm-none-eabi/lib/thumb/v7e-m+dp/hard/libc_nano.a(lib_a-readr.o)
                0x000000000800eb30                _read_r
 .text._raise_r
                0x000000000800eb54       0x50 /usr/local/Caskroom/gcc-arm-embedded/10-2020-q4-major/gcc-arm-none-eabi-10-2020-q4-major/bin/../lib/gcc/arm-none-eabi/10.2.1/../../../../arm-none-eabi/lib/thumb/v7e-m+dp/hard/libc_nano.a(lib_a-signal.o)
                0x000000000800eb54                _raise_r
 .text.raise    0x000000000800eba4       0x10 /usr/local/Caskroom/gcc-arm-embedded/10-2020-q4-major/gcc-arm-none-eabi-10-2020-q4-major/bin/../lib/gcc/arm-none-eabi/10.2.1/../../../../arm-none-eabi/lib/thumb/v7e-m+dp/hard/libc_nano.a(lib_a-signal.o)
                0x000000000800eba4                raise
 .text._kill_r  0x000000000800ebb4       0x24 /usr/local/Caskroom/gcc-arm-embedded/10-2020-q4-major/gcc-arm-none-eabi-10-2020-q4-major/bin/../lib/gcc/arm-none-eabi/10.2.1/../../../../arm-none-eabi/lib/thumb/v7e-m+dp/hard/libc_nano.a(lib_a-signalr.o)
                0x000000000800ebb4                _kill_r
 .text._getpid_r
                0x000000000800ebd8        0x4 /usr/local/Caskroom/gcc-arm-embedded/10-2020-q4-major/gcc-arm-none-eabi-10-2020-q4-major/bin/../lib/gcc/arm-none-eabi/10.2.1/../../../../arm-none-eabi/lib/thumb/v7e-m+dp/hard/libc_nano.a(lib_a-signalr.o)
                0x000000000800ebd8                _getpid_r
 .text._fstat_r
                0x000000000800ebdc       0x24 /usr/local/Caskroom/gcc-arm-embedded/10-2020-q4-major/gcc-arm-none-eabi-10-2020-q4-major/bin/../lib/gcc/arm-none-eabi/10.2.1/../../../../arm-none-eabi/lib/thumb/v7e-m+dp/hard/libc_nano.a(lib_a-fstatr.o)
                0x000000000800ebdc                _fstat_r
 .text._isatty_r
                0x000000000800ec00       0x20 /usr/local/Caskroom/gcc-arm-embedded/10-2020-q4-major/gcc-arm-none-eabi-10-2020-q4-major/bin/../lib/gcc/arm-none-eabi/10.2.1/../../../../arm-none-eabi/lib/thumb/v7e-m+dp/hard/libc_nano.a(lib_a-isattyr.o)
                0x000000000800ec00                _isatty_r
 .text._close   0x000000000800ec20       0x10 /usr/local/Caskroom/gcc-arm-embedded/10-2020-q4-major/gcc-arm-none-eabi-10-2020-q4-major/bin/../lib/gcc/arm-none-eabi/10.2.1/../../../../arm-none-eabi/lib/thumb/v7e-m+dp/hard/libnosys.a(close.o)
                0x000000000800ec20                _close
 .text._fstat   0x000000000800ec30       0x10 /usr/local/Caskroom/gcc-arm-embedded/10-2020-q4-major/gcc-arm-none-eabi-10-2020-q4-major/bin/../lib/gcc/arm-none-eabi/10.2.1/../../../../arm-none-eabi/lib/thumb/v7e-m+dp/hard/libnosys.a(fstat.o)
                0x000000000800ec30                _fstat
 .text._getpid  0x000000000800ec40       0x10 /usr/local/Caskroom/gcc-arm-embedded/10-2020-q4-major/gcc-arm-none-eabi-10-2020-q4-major/bin/../lib/gcc/arm-none-eabi/10.2.1/../../../../arm-none-eabi/lib/thumb/v7e-m+dp/hard/libnosys.a(getpid.o)
                0x000000000800ec40                _getpid
 .text._isatty  0x000000000800ec50       0x10 /usr/local/Caskroom/gcc-arm-embedded/10-2020-q4-major/gcc-arm-none-eabi-10-2020-q4-major/bin/../lib/gcc/arm-none-eabi/10.2.1/../../../../arm-none-eabi/lib/thumb/v7e-m+dp/hard/libnosys.a(isatty.o)
                0x000000000800ec50                _isatty
 .text._kill    0x000000000800ec60       0x10 /usr/local/Caskroom/gcc-arm-embedded/10-2020-q4-major/gcc-arm-none-eabi-10-2020-q4-major/bin/../lib/gcc/arm-none-eabi/10.2.1/../../../../arm-none-eabi/lib/thumb/v7e-m+dp/hard/libnosys.a(kill.o)
                0x000000000800ec60                _kill
 .text._lseek   0x000000000800ec70       0x10 /usr/local/Caskroom/gcc-arm-embedded/10-2020-q4-major/gcc-arm-none-eabi-10-2020-q4-major/bin/../lib/gcc/arm-none-eabi/10.2.1/../../../../arm-none-eabi/lib/thumb/v7e-m+dp/hard/libnosys.a(lseek.o)
                0x000000000800ec70                _lseek
 .text._read    0x000000000800ec80       0x10 /usr/local/Caskroom/gcc-arm-embedded/10-2020-q4-major/gcc-arm-none-eabi-10-2020-q4-major/bin/../lib/gcc/arm-none-eabi/10.2.1/../../../../arm-none-eabi/lib/thumb/v7e-m+dp/hard/libnosys.a(read.o)
                0x000000000800ec80                _read
 .text._sbrk    0x000000000800ec90       0x1c /usr/local/Caskroom/gcc-arm-embedded/10-2020-q4-major/gcc-arm-none-eabi-10-2020-q4-major/bin/../lib/gcc/arm-none-eabi/10.2.1/../../../../arm-none-eabi/lib/thumb/v7e-m+dp/hard/libnosys.a(sbrk.o)
                0x000000000800ec90                _sbrk
 .text._write   0x000000000800ecac       0x10 /usr/local/Caskroom/gcc-arm-embedded/10-2020-q4-major/gcc-arm-none-eabi-10-2020-q4-major/bin/../lib/gcc/arm-none-eabi/10.2.1/../../../../arm-none-eabi/lib/thumb/v7e-m+dp/hard/libnosys.a(write.o)
                0x000000000800ecac                _write
 .text._exit    0x000000000800ecbc        0x4 /usr/local/Caskroom/gcc-arm-embedded/10-2020-q4-major/gcc-arm-none-eabi-10-2020-q4-major/bin/../lib/gcc/arm-none-eabi/10.2.1/../../../../arm-none-eabi/lib/thumb/v7e-m+dp/hard/libnosys.a(_exit.o)
                0x000000000800ecbc                _exit
 *(.rodata)
 .rodata        0x000000000800ecc0      0x200 build/noiseVibratoEffect.o
 .rodata        0x000000000800eec0        0x8 ../libDaisy/build/libdaisy.a(daisy_petal.o)
 .rodata        0x000000000800eec8       0x10 ../libDaisy/build/libdaisy.a(i2c.o)
 .rodata        0x000000000800eed8       0x10 ../libDaisy/build/libdaisy.a(tim.o)
 *(.rodata*)
 .rodata.main.str1.4
                0x000000000800eee8       0x12 build/noiseVibratoEffect.o
 *fill*         0x000000000800eefa        0x2 
 .rodata._ZN5daisy10DaisyPetal9ClearLedsEv.str1.4
                0x000000000800eefc       0x15 ../libDaisy/build/libdaisy.a(daisy_petal.o)
 *fill*         0x000000000800ef11        0x3 
 .rodata._ZN5daisy10DaisyPetal12InitSwitchesEv.str1.4
                0x000000000800ef14        0x8 ../libDaisy/build/libdaisy.a(daisy_petal.o)
 .rodata._ZL20petal_led_i2c_config
                0x000000000800ef1c       0x14 ../libDaisy/build/libdaisy.a(daisy_petal.o)
 .rodata._ZL8seedgpio
                0x000000000800ef30       0x3e ../libDaisy/build/libdaisy.a(daisy_seed.o)
 *fill*         0x000000000800ef6e        0x2 
 .rodata._ZL16dsy_adc_rank_map
                0x000000000800ef70       0x40 ../libDaisy/build/libdaisy.a(adc.o)
 .rodata.HAL_QSPI_MspInit.str1.4